VERIFICATION session=S-002 run=20260911-124844-318-5681ab0b47f14246b25ca54c1cdc167a
Project=C:\Python\florida-security-concepts
Log=C:\Python\florida-security-concepts\harness\evidence\S-002-verify-20260911-124844-318-5681ab0b47f14246b25ca54c1cdc167a.log
Revision: 39881b3b59bfbe14f40999a1cb2ea4808761260c
Dirty files:
 M app/api/leads/route.ts
 M app/contact/page.tsx
 M app/globals.css
 M app/layout.tsx
 M app/page.tsx
 M app/robots.ts
 M components/CTASection.tsx
 M components/Footer.tsx
 M components/Header.tsx
 M components/Hero.tsx
 M components/LeadCaptureForm.tsx
 M data/site.ts
 M harness/DECISIONS.md
 M harness/ENVIRONMENT.md
 M lib/leads/leadDelivery.ts
 M lib/leads/providers/console.ts
 M lib/leads/providers/resend.ts
 M lib/leads/providers/supabase.ts
 M lib/leads/providers/webhook.ts
 M lib/leads/types.ts
 M lib/leads/validateLead.ts
 M next.config.mjs
 M package.json
 M scripts/local-server.mjs
 M scripts/verify.ps1
 M tests/e2e/baseline.spec.ts
 M tests/fixtures/lead.ts
 M tests/gate/isolation.test.ts
 M tests/unit/endpoint.test.ts
 M tests/unit/validation.test.ts
 M tsconfig.json
?? %SystemDrive%/
?? components/GateIllustration.tsx
?? components/LocalPreviewContext.tsx
?? harness/LOCAL_REVIEW.md
?? harness/evidence/S-002-contact-1440.png
?? harness/evidence/S-002-contact-390.png
?? harness/evidence/S-002-home-1440.png
?? harness/evidence/S-002-home-390.png
?? harness/evidence/S-002-independent-review.md
?? harness/evidence/S-002-verify-20260911-124844-318-5681ab0b47f14246b25ca54c1cdc167a.log
?? lib/leads/localRate.ts
?? lib/leads/localReceipt.ts
?? lib/leads/options.ts
?? lib/leads/query.ts
?? tests/e2e/compatibility.spec.ts
?? tests/e2e/form-recovery.spec.ts
?? tests/e2e/preview.spec.ts
?? tests/unit/contract.test.ts
?? tests/unit/delivery-safety.test.ts
?? tests/unit/local-receipt.test.ts
?? tmp/
Node: v24.16.0
Dependency versions: {"@axe-core/playwright":"4.13.0","@playwright/test":"1.63.0","@types/node":"^20.14.10","@types/react":"^18.3.3","@types/react-dom":"^18.3.0","autoprefixer":"^10.4.20","eslint":"^8.57.0","eslint-config-next":"^14.2.35","postcss":"^8.4.49","tailwindcss":"^3.4.17","typescript":"^5.5.4","vitest":"4.1.11"}
CHECK lint COMMAND node ["node_modules/next/dist/bin/next","lint"]
STDOUT
✔ No ESLint warnings or errors

STDERR

CHECK lint EXIT 0
CHECK typecheck COMMAND node ["node_modules/typescript/bin/tsc","--noEmit"]
STDOUT

STDERR

CHECK typecheck EXIT 0
CHECK test:unit COMMAND node ["node_modules/vitest/vitest.mjs","run"]
STDOUT

 RUN  v4.1.11 C:/Python/florida-security-concepts

 ✓ tests/unit/validation.test.ts (21 tests) 10ms
 ✓ tests/unit/contract.test.ts (30 tests) 10ms
stdout | tests/unit/delivery-safety.test.ts > isolated dispatch and timeout contract > simulation preserves primary success when secondary fails
[lead-delivery] { result: 'received', mode: 'resend+supabase' }

stdout | tests/unit/delivery-safety.test.ts > isolated dispatch and timeout contract > simulation preserves primary success when secondary throws
[lead-delivery] { result: 'received', mode: 'resend+supabase' }

stdout | tests/unit/delivery-safety.test.ts > isolated dispatch and timeout contract > simulation does not invoke secondary after primary failure
[lead-delivery] { result: 'unavailable', mode: 'resend' }

 ✓ tests/unit/delivery-safety.test.ts (15 tests) 21ms
 ✓ tests/unit/endpoint.test.ts (19 tests) 26ms
 ✓ tests/unit/local-receipt.test.ts (11 tests) 293ms

 Test Files  5 passed (5)
      Tests  96 passed (96)
   Start at  12:48:48
   Duration  608ms (transform 293ms, setup 0ms, import 542ms, tests 360ms, environment 1ms)

JSON report written to C:/Python/florida-security-concepts/harness/evidence/S-002-test-unit-20260911-124844-318-5681ab0b47f14246b25ca54c1cdc167a.json

STDERR
(!) Your Vite config uses features that are unsupported by `configLoader: 'native'`, which is planned to become the default in a future major version of Vite:
  - ESM syntax in a file loaded as CommonJS (vitest.config.ts:1:1). Use a `.mjs` extension or set `"type": "module"` in the closest package.json
Set `VITE_CONFIG_NATIVE_IGNORE_WARNING=true` to suppress this warning.
stderr | tests/unit/delivery-safety.test.ts > isolated dispatch and timeout contract > simulation preserves primary success when secondary throws
[lead-delivery] secondary_unavailable


CHECK test:unit EXIT 0
TEST COUNTS test:unit passed=96 rejected=0 report=C:\Python\florida-security-concepts\harness\evidence\S-002-test-unit-20260911-124844-318-5681ab0b47f14246b25ca54c1cdc167a.json
CHECK test:gate COMMAND node ["node_modules/vitest/vitest.mjs","run","--config","vitest.gate.config.ts"]
STDOUT

 RUN  v4.1.11 C:/Python/florida-security-concepts

 ✓ tests/gate/network.test.ts (1 test) 75ms
 ✓ tests/gate/isolation.test.ts (1 test) 93ms
 ✓ tests/gate/runner.test.ts (9 tests) 9851ms
     ✓ rejects unknown session  647ms
     ✓ rejects a missing package script  618ms
     ✓ rejects empty passing report  990ms
     ✓ rejects skipped tests  990ms
     ✓ rejects missing reports  987ms
     ✓ propagates child failure  868ms
     ✓ malformed manifest fails with visible diagnostic  653ms
     ✓ runs valid checks and preserves both streams in unique raw logs  2234ms
     ✓ timeout stops only its owned process tree  1859ms

 Test Files  3 passed (3)
      Tests  11 passed (11)
   Start at  12:48:50
   Duration  10.09s (transform 76ms, setup 0ms, import 131ms, tests 10.02s, environment 0ms)

JSON report written to C:/Python/florida-security-concepts/harness/evidence/S-002-test-gate-20260911-124844-318-5681ab0b47f14246b25ca54c1cdc167a.json

STDERR
(!) Your Vite config uses features that are unsupported by `configLoader: 'native'`, which is planned to become the default in a future major version of Vite:
  - ESM syntax in a file loaded as CommonJS (vitest.gate.config.ts:1:1). Use a `.mjs` extension or set `"type": "module"` in the closest package.json
Set `VITE_CONFIG_NATIVE_IGNORE_WARNING=true` to suppress this warning.

CHECK test:gate EXIT 0
TEST COUNTS test:gate passed=11 rejected=0 report=C:\Python\florida-security-concepts\harness\evidence\S-002-test-gate-20260911-124844-318-5681ab0b47f14246b25ca54c1cdc167a.json
CHECK build COMMAND node ["node_modules/next/dist/bin/next","build"]
STDOUT
  ▲ Next.js 14.2.35

   Creating an optimized production build ...
 ✓ Compiled successfully
   Linting and checking validity of types ...
   Collecting page data ...
   Generating static pages (0/43) ...
   Generating static pages (10/43) 
   Generating static pages (21/43) 
   Generating static pages (32/43) 
 ✓ Generating static pages (43/43)
   Finalizing page optimization ...
   Collecting build traces ...

Route (app)                                              Size     First Load JS
┌ ○ /                                                    189 B          96.2 kB
├ ○ /_not-found                                          138 B          87.5 kB
├ ƒ /api/leads                                           0 B                0 B
├ ƒ /apple-icon                                          0 B                0 B
├ ƒ /contact                                             178 B           105 kB
├ ƒ /icon                                                0 B                0 B
├ ○ /industries                                          189 B          96.2 kB
├ ● /industries/[slug]                                   932 B           106 kB
├   ├ /industries/hoa-gated-communities
├   ├ /industries/multifamily-apartments-condos
├   ├ /industries/storage-facilities
├   └ [+4 more paths]
├ ƒ /opengraph-image                                     0 B                0 B
├ ○ /resources                                           189 B          96.2 kB
├ ● /resources/[slug]                                    911 B          96.9 kB
├   ├ /resources/how-much-does-an-automatic-gate-cost
├   ├ /resources/best-access-control-system-for-hoa
├   ├ /resources/storage-facility-security-camera-guide
├   └ [+2 more paths]
├ ○ /robots.txt                                          0 B                0 B
├ ○ /service-areas                                       189 B          96.2 kB
├ ● /service-areas/[slug]                                932 B           106 kB
├   ├ /service-areas/orlando
├   ├ /service-areas/tampa
├   ├ /service-areas/lakeland
├   └ [+11 more paths]
├ ○ /services                                            189 B          96.2 kB
├ ● /services/[slug]                                     932 B           106 kB
├   ├ /services/security-gate-systems
├   ├ /services/gate-automation
├   ├ /services/access-control
├   └ [+3 more paths]
└ ○ /sitemap.xml                                         0 B                0 B
+ First Load JS shared by all                            87.3 kB
  ├ chunks/117-746b40adbdffe8f2.js                       31.7 kB
  ├ chunks/fd9d1056-f98ae39c556968da.js                  53.6 kB
  └ other shared chunks (total)                          1.95 kB


○  (Static)   prerendered as static content
●  (SSG)      prerendered as static HTML (uses getStaticProps)
ƒ  (Dynamic)  server-rendered on demand


STDERR
 ⚠ Using edge runtime on a page currently disables static generation for that page

CHECK build EXIT 0
CHECK test:e2e COMMAND node ["node_modules/@playwright/test/cli.js","test"]
STDOUT
  ▲ Next.js 14.2.35
  - Local:        http://127.0.0.1:3100
  - Network:      http://127.0.0.1:3100

 ✓ Starting...
 ✓ Ready in 1219ms
 ○ Compiling / ...
 ✓ Compiled / in 623ms (557 modules)
 GET / 200 in 795ms

Running 62 tests using 1 worker

 GET / 200 in 35ms
  ok  1 tests\e2e\baseline.spec.ts:21:7 › public route renders: / (940ms)
 ✓ Compiled /contact in 322ms (574 modules)
 GET /contact 200 in 454ms
  ok  2 tests\e2e\baseline.spec.ts:21:7 › public route renders: /contact (1.0s)
 ✓ Compiled /services in 270ms (580 modules)
 GET /services 200 in 368ms
  ok  3 tests\e2e\baseline.spec.ts:21:7 › public route renders: /services (915ms)
 ✓ Compiled /industries in 191ms (583 modules)
 GET /industries 200 in 251ms
  ok  4 tests\e2e\baseline.spec.ts:21:7 › public route renders: /industries (799ms)
 ✓ Compiled /service-areas in 210ms (586 modules)
 GET /service-areas 200 in 266ms
  ok  5 tests\e2e\baseline.spec.ts:21:7 › public route renders: /service-areas (824ms)
 ✓ Compiled /resources in 206ms (589 modules)
 GET /resources 200 in 268ms
  ok  6 tests\e2e\baseline.spec.ts:21:7 › public route renders: /resources (831ms)
 ✓ Compiled /services/[slug] in 465ms (602 modules)
 GET /services/security-gate-systems 200 in 866ms
  ok  7 tests\e2e\baseline.spec.ts:21:7 › public route renders: /services/security-gate-systems (1.5s)
 GET /services/gate-automation 200 in 46ms
  ok  8 tests\e2e\baseline.spec.ts:21:7 › public route renders: /services/gate-automation (667ms)
 GET /services/access-control 200 in 43ms
  ok  9 tests\e2e\baseline.spec.ts:21:7 › public route renders: /services/access-control (666ms)
 GET /services/video-surveillance 200 in 43ms
  ok 10 tests\e2e\baseline.spec.ts:21:7 › public route renders: /services/video-surveillance (661ms)
 GET /services/security-system-integration 200 in 45ms
  ok 11 tests\e2e\baseline.spec.ts:21:7 › public route renders: /services/security-system-integration (652ms)
 GET /services/emergency-service 200 in 40ms
  ok 12 tests\e2e\baseline.spec.ts:21:7 › public route renders: /services/emergency-service (654ms)
 ✓ Compiled /industries/[slug] in 255ms (604 modules)
 GET /industries/hoa-gated-communities 200 in 627ms
  ok 13 tests\e2e\baseline.spec.ts:21:7 › public route renders: /industries/hoa-gated-communities (1.2s)
 GET /industries/multifamily-apartments-condos 200 in 39ms
  ok 14 tests\e2e\baseline.spec.ts:21:7 › public route renders: /industries/multifamily-apartments-condos (645ms)
 GET /industries/storage-facilities 200 in 38ms
  ok 15 tests\e2e\baseline.spec.ts:21:7 › public route renders: /industries/storage-facilities (671ms)
 GET /industries/commercial-properties 200 in 40ms
  ok 16 tests\e2e\baseline.spec.ts:21:7 › public route renders: /industries/commercial-properties (749ms)
 GET /industries/industrial-warehouses 200 in 37ms
  ok 17 tests\e2e\baseline.spec.ts:21:7 › public route renders: /industries/industrial-warehouses (695ms)
 GET /industries/property-managers 200 in 38ms
  ok 18 tests\e2e\baseline.spec.ts:21:7 › public route renders: /industries/property-managers (738ms)
 GET /industries/residential-estates 200 in 42ms
  ok 19 tests\e2e\baseline.spec.ts:21:7 › public route renders: /industries/residential-estates (757ms)
 ✓ Compiled /service-areas/[slug] in 275ms (606 modules)
 GET /service-areas/orlando 200 in 623ms
  ok 20 tests\e2e\baseline.spec.ts:21:7 › public route renders: /service-areas/orlando (1.2s)
 GET /service-areas/tampa 200 in 44ms
  ok 21 tests\e2e\baseline.spec.ts:21:7 › public route renders: /service-areas/tampa (659ms)
 GET /service-areas/lakeland 200 in 39ms
  ok 22 tests\e2e\baseline.spec.ts:21:7 › public route renders: /service-areas/lakeland (657ms)
 GET /service-areas/kissimmee 200 in 37ms
  ok 23 tests\e2e\baseline.spec.ts:21:7 › public route renders: /service-areas/kissimmee (656ms)
 GET /service-areas/winter-garden 200 in 40ms
  ok 24 tests\e2e\baseline.spec.ts:21:7 › public route renders: /service-areas/winter-garden (655ms)
 GET /service-areas/clermont 200 in 41ms
  ok 25 tests\e2e\baseline.spec.ts:21:7 › public route renders: /service-areas/clermont (677ms)
 GET /service-areas/lake-mary 200 in 37ms
  ok 26 tests\e2e\baseline.spec.ts:21:7 › public route renders: /service-areas/lake-mary (659ms)
 GET /service-areas/sanford 200 in 40ms
  ok 27 tests\e2e\baseline.spec.ts:21:7 › public route renders: /service-areas/sanford (670ms)
 GET /service-areas/ocala 200 in 42ms
  ok 28 tests\e2e\baseline.spec.ts:21:7 › public route renders: /service-areas/ocala (664ms)
 GET /service-areas/the-villages 200 in 35ms
  ok 29 tests\e2e\baseline.spec.ts:21:7 › public route renders: /service-areas/the-villages (658ms)
 GET /service-areas/st-petersburg 200 in 38ms
  ok 30 tests\e2e\baseline.spec.ts:21:7 › public route renders: /service-areas/st-petersburg (671ms)
 GET /service-areas/clearwater 200 in 41ms
  ok 31 tests\e2e\baseline.spec.ts:21:7 › public route renders: /service-areas/clearwater (659ms)
 GET /service-areas/brandon 200 in 41ms
  ok 32 tests\e2e\baseline.spec.ts:21:7 › public route renders: /service-areas/brandon (709ms)
 GET /service-areas/wesley-chapel 200 in 41ms
  ok 33 tests\e2e\baseline.spec.ts:21:7 › public route renders: /service-areas/wesley-chapel (684ms)
 ✓ Compiled /resources/[slug] in 283ms (610 modules)
 GET /resources/how-much-does-an-automatic-gate-cost 200 in 625ms
  ok 34 tests\e2e\baseline.spec.ts:21:7 › public route renders: /resources/how-much-does-an-automatic-gate-cost (1.2s)
 GET /resources/best-access-control-system-for-hoa 200 in 39ms
  ok 35 tests\e2e\baseline.spec.ts:21:7 › public route renders: /resources/best-access-control-system-for-hoa (642ms)
 GET /resources/storage-facility-security-camera-guide 200 in 33ms
  ok 36 tests\e2e\baseline.spec.ts:21:7 › public route renders: /resources/storage-facility-security-camera-guide (646ms)
 GET /resources/gate-automation-vs-access-control 200 in 34ms
  ok 37 tests\e2e\baseline.spec.ts:21:7 › public route renders: /resources/gate-automation-vs-access-control (636ms)
 GET /resources/property-manager-security-system-checklist 200 in 33ms
  ok 38 tests\e2e\baseline.spec.ts:21:7 › public route renders: /resources/property-manager-security-system-checklist (647ms)
 GET / 200 in 34ms
 ○ Compiling /api/leads ...
 ✓ Compiled /api/leads in 555ms (723 modules)
 POST /api/leads 200 in 683ms
  ok 39 tests\e2e\baseline.spec.ts:29:5 › homepage navigates to contact and submits through real local endpoint (1.6s)
 GET /contact 200 in 81ms
  ok 40 tests\e2e\baseline.spec.ts:52:5 › empty assessment displays server validation instead of confirmation (733ms)
 GET /contact?service=gate-automation 200 in 193ms
  ok 41 tests\e2e\compatibility.spec.ts:5:119 › legacy prefill gate-automation (798ms)
 GET /contact?service=emergency-service 200 in 26ms
  ok 42 tests\e2e\compatibility.spec.ts:5:119 › legacy prefill emergency-service (587ms)
 ✓ Compiled /_not-found in 324ms (992 modules)
 GET /api/receipts 404 in 418ms
 GET /.fsc-local/receipts 404 in 25ms
 GET /.fsc-local/receipts/18a85f2b-5ba9-43c2-a475-84ac0ac98310.json 404 in 18ms
 GET /api/leads 405 in 15ms
  ok 43 tests\e2e\compatibility.spec.ts:9:5 › local receipts have no public listing or retrieval route (530ms)
 GET /contact 200 in 31ms
  ok 44 tests\e2e\compatibility.spec.ts:13:5 › reduced motion and simulated 200percent reflow preserve contact controls (623ms)
 GET /contact 200 in 24ms
  ok 45 tests\e2e\form-recovery.spec.ts:9:5 › simulated ambiguous response keeps values and logical ID for explicit retry (897ms)
 GET /contact 200 in 22ms
  ok 46 tests\e2e\form-recovery.spec.ts:33:38 › simulated 503 retains assessment input (758ms)
 GET /contact 200 in 22ms
  ok 47 tests\e2e\form-recovery.spec.ts:33:38 › simulated 429 retains assessment input (755ms)
 GET /contact 200 in 22ms
  ok 48 tests\e2e\form-recovery.spec.ts:42:5 › two rapid clicks submit one pending request (1.0s)
 GET / 200 in 29ms
  ok 49 tests\e2e\preview.spec.ts:13:7 › / layout at 320 (626ms)
 GET /contact 200 in 21ms
  ok 50 tests\e2e\preview.spec.ts:13:7 › /contact layout at 320 (594ms)
 GET / 200 in 27ms
  ok 51 tests\e2e\preview.spec.ts:13:7 › / layout at 390 (804ms)
 GET /contact 200 in 22ms
  ok 52 tests\e2e\preview.spec.ts:13:7 › /contact layout at 390 (686ms)
 GET / 200 in 24ms
  ok 53 tests\e2e\preview.spec.ts:13:7 › / layout at 768 (630ms)
 GET /contact 200 in 27ms
  ok 54 tests\e2e\preview.spec.ts:13:7 › /contact layout at 768 (606ms)
 GET / 200 in 28ms
  ok 55 tests\e2e\preview.spec.ts:13:7 › / layout at 1024 (629ms)
 GET /contact 200 in 21ms
  ok 56 tests\e2e\preview.spec.ts:13:7 › /contact layout at 1024 (614ms)
 GET / 200 in 25ms
  ok 57 tests\e2e\preview.spec.ts:13:7 › / layout at 1440 (891ms)
 GET /contact 200 in 24ms
  ok 58 tests\e2e\preview.spec.ts:13:7 › /contact layout at 1440 (726ms)
 GET / 200 in 24ms
  ok 59 tests\e2e\preview.spec.ts:26:43 › / automated accessibility (1.2s)
 GET /contact 200 in 19ms
  ok 60 tests\e2e\preview.spec.ts:26:43 › /contact automated accessibility (1.1s)
 GET /contact 200 in 27ms
  ok 61 tests\e2e\preview.spec.ts:31:5 › emergency navigation preserves entered identity across history (759ms)
 GET / 200 in 22ms
  ok 62 tests\e2e\preview.spec.ts:44:5 › mobile menu Escape returns focus to its trigger (679ms)

  62 passed (51.9s)

STDERR
(node:55260) Warning: The 'NO_COLOR' env is ignored due to the 'FORCE_COLOR' env being set.
(Use `node --trace-warnings ...` to show where the warning was created)

CHECK test:e2e EXIT 0
TEST COUNTS test:e2e passed=62 rejected=0 report=C:\Python\florida-security-concepts\harness\evidence\S-002-test-e2e-20260911-124844-318-5681ab0b47f14246b25ca54c1cdc167a.json
RESULT: ALL CHECKS PASSED (6/6)
