VERIFICATION session=S-005 run=20260914-204740-745-c0c0c1cc3e164327a5f1e7e88e288de8
Project=C:\Python\florida-security-concepts
Log=C:\Python\florida-security-concepts\harness\evidence\S-005-verify-20260914-204740-745-c0c0c1cc3e164327a5f1e7e88e288de8.log
Revision: 7d8032df885a679e1a761df5ed330614f4dd0bb1
Dirty files:
 M DEPLOYMENT.md
 M app/api/leads/route.ts
 M app/layout.tsx
 M app/robots.ts
 M components/LeadCaptureForm.tsx
 M harness/DECISIONS.md
 M harness/ENVIRONMENT.md
 M harness/HARNESS.md
 M harness/PRODUCTION-RECEIPT-PROPOSAL.md
 M harness/SESSIONS.md
 M harness/evidence/S-002-contact-1440.png
 M harness/evidence/S-002-contact-390.png
 M harness/evidence/S-UI-001-area-detail-1440.png
 M harness/evidence/S-UI-001-area-detail-390.png
 M harness/evidence/S-UI-001-emergency-1440.png
 M harness/evidence/S-UI-001-emergency-390.png
 M harness/evidence/S-UI-001-industry-detail-1440.png
 M harness/evidence/S-UI-001-industry-detail-390.png
 M harness/evidence/S-UI-001-service-detail-1440.png
 M harness/evidence/S-UI-001-service-detail-390.png
 M lib/leads/leadDelivery.ts
 M lib/leads/providers/resend.ts
 M package-lock.json
 M package.json
 M sql/fsc-assessment-receipts.draft-runbook.md
 M sql/fsc-assessment-receipts.draft.sql
 M tests/unit/delivery-safety.test.ts
 M tests/unit/endpoint.test.ts
 M vitest.config.ts
 M vitest.gate.config.ts
?? %SystemDrive%/
?? CLAUDE_HANDOFF.md
?? harness/ABUSE-AND-PRIVACY-PROPOSAL.md
?? harness/LAUNCH-HANDOFF.md
?? harness/LAUNCH-OPERATIONS-ADDENDUM.md
?? harness/evidence/S-005-safety-review.md
?? harness/evidence/S-005-test-e2e-20260914-204159-905-3f30c852db5f469290917e4cd8128e41.json
?? harness/evidence/S-005-test-gate-20260914-204159-905-3f30c852db5f469290917e4cd8128e41.json
?? harness/evidence/S-005-test-unit-20260914-204159-905-3f30c852db5f469290917e4cd8128e41.json
?? harness/evidence/S-005-verify-20260914-204159-905-3f30c852db5f469290917e4cd8128e41.log
?? harness/evidence/S-005-verify-20260914-204740-745-c0c0c1cc3e164327a5f1e7e88e288de8.log
?? harness/evidence/S005-caller-inventory.md
?? harness/evidence/adhoc-verify-2026-09-14_2022.log
?? harness/evidence/adhoc-verify-2026-09-14_2025.log
?? harness/evidence/adhoc-verify-2026-09-14_2040.log
?? harness/evidence/adhoc-verify-2026-09-14_2044.log
?? harness/evidence/adhoc-verify-2026-09-14_2046.log
?? harness/fsc-crm/
?? harness/sessions/
?? lib/leads/admission.ts
?? lib/leads/environment.ts
?? lib/leads/productionReceipt.ts
?? sql/fsc-cleanup-health.sql
?? sql/fsc-cleanup-schedule.draft.sql
?? sql/fsc-receipt-reconciliation-report.sql
?? tests/gate/admission-rate-limit.test.ts
?? tests/gate/coordinator-receipts.test.ts
?? tests/gate/isolation-acl.test.ts
?? tests/gate/lease-racing.test.ts
?? tests/gate/postgres-reliability.test.ts
?? tests/gate/receipt-lifecycle.test.ts
?? tests/gate/schedule-health.test.ts
?? tests/helpers/
?? tests/unit/envelope-content.test.ts
?? tests/unit/preview-isolation.test.ts
?? tests/unit/production-dispatch.test.ts
?? tests/unit/route-unexpected-error.test.ts
?? tests/unit/source-digest.test.ts
?? tmp/
Node: v24.16.0
Dependency versions: {"@axe-core/playwright":"4.13.0","@playwright/test":"1.63.0","@types/node":"^20.14.10","@types/pg":"8.23.1","@types/react":"19.3.0","@types/react-dom":"19.3.0","autoprefixer":"^10.4.20","eslint":"^8.57.0","eslint-config-next":"15.5.25","pg":"8.23.0","postcss":"8.5.28","tailwindcss":"^3.4.17","typescript":"^5.5.4","vitest":"4.1.11"}
CHECK lint COMMAND node ["node_modules/next/dist/bin/next","lint"]
STDOUT
Γ£ö No ESLint warnings or errors

STDERR
`next lint` is deprecated and will be removed in Next.js 16.
For new projects, use create-next-app to choose your preferred linter.
For existing projects, migrate to the ESLint CLI:
npx @next/codemod@canary next-lint-to-eslint-cli .


CHECK lint EXIT 0
CHECK typecheck COMMAND node ["node_modules/typescript/bin/tsc","--noEmit"]
STDOUT

STDERR

CHECK typecheck EXIT 0
CHECK test:unit COMMAND node ["node_modules/vitest/vitest.mjs","run"]
STDOUT

 RUN  v4.1.11 C:/Python/florida-security-concepts

 Γ£ô tests/unit/validation.test.ts (21 tests) 22ms
 Γ£ô tests/unit/contract.test.ts (30 tests) 23ms
 Γ£ô tests/unit/source-digest.test.ts (42 tests) 85ms
stdout | tests/unit/delivery-safety.test.ts > hosted preview and production boundaries > control: a production deployment loads the coordinator once and passes the trusted-header digest (never x-forwarded-for)
[lead-delivery] { result: 'received', mode: 'resend+supabase' }

stdout | tests/unit/delivery-safety.test.ts > hosted preview and production boundaries > missing production configuration (dependencies refuse) returns 503 CONFIGURATION and never runs the coordinator
[lead-delivery] { result: 'unavailable', mode: 'resend+supabase' }

stdout | tests/unit/delivery-safety.test.ts > hosted preview and production boundaries > an unexpected coordinator rejection is reported as 504 RECEIPT_UNKNOWN, never a known failure (D-023)
[lead-delivery] { result: 'unavailable', mode: 'resend+supabase' }

 Γ£ô tests/unit/delivery-safety.test.ts (19 tests) 126ms
 Γ£ô tests/unit/preview-isolation.test.ts (8 tests) 125ms
 Γ£ô tests/unit/route-unexpected-error.test.ts (2 tests) 31ms
 Γ£ô tests/unit/endpoint.test.ts (21 tests) 56ms
 Γ£ô tests/unit/envelope-content.test.ts (7 tests) 18ms
 Γ£ô tests/unit/production-dispatch.test.ts (11 tests) 325ms
 Γ£ô tests/unit/local-receipt.test.ts (11 tests) 510ms
   Γ£ô concurrent independent processes and a restarted process create only one receipt  397ms

 Test Files  10 passed (10)
      Tests  172 passed (172)
   Start at  20:47:46
   Duration  1.12s (transform 1.20s, setup 0ms, import 2.38s, tests 1.32s, environment 2ms)

JSON report written to C:/Python/florida-security-concepts/harness/evidence/S-005-test-unit-20260914-204740-745-c0c0c1cc3e164327a5f1e7e88e288de8.json

STDERR
(!) Your Vite config uses features that are unsupported by `configLoader: 'native'`, which is planned to become the default in a future major version of Vite:
  - ESM syntax in a file loaded as CommonJS (vitest.config.ts:1:1). Use a `.mjs` extension or set `"type": "module"` in the closest package.json
Set `VITE_CONFIG_NATIVE_IGNORE_WARNING=true` to suppress this warning.

CHECK test:unit EXIT 0
TEST COUNTS test:unit passed=172 rejected=0 report=C:\Python\florida-security-concepts\harness\evidence\S-005-test-unit-20260914-204740-745-c0c0c1cc3e164327a5f1e7e88e288de8.json
CHECK test:gate COMMAND node ["node_modules/vitest/vitest.mjs","run","--config","vitest.gate.config.ts"]
STDOUT

 RUN  v4.1.11 C:/Python/florida-security-concepts

 Γ£ô tests/gate/network.test.ts (1 test) 164ms
 Γ£ô tests/gate/isolation.test.ts (1 test) 235ms
 Γ£ô tests/gate/isolation-acl.test.ts (12 tests) 21484ms
     Γ£ô fsc_public_probe cannot execute any fsc function (catalog-discovered) and execution is denied  424ms
     Γ£ô control: in this cluster an unrevoked new public function IS executable by anon (so the denials above are earned)  2619ms
 Γ£ô tests/gate/lease-racing.test.ts (14 tests) 21737ms
     Γ£ô six separate node processes race one claim: exactly one CLAIMED, five BUSY, and the stored token is the winner  1312ms
     Γ£ô after the winner dies (lease expiry) four processes race the reclaim: exactly one wins with the identical key and envelope  1655ms
 Γ£ô tests/gate/receipt-lifecycle.test.ts (37 tests) 22623ms
     Γ£ô lead insert and effect update commit together (fault injection: effect update fails after the insert)  2412ms
 Γ£ô tests/gate/postgres-reliability.test.ts (5 tests) 26985ms
     Γ£ô is the pinned 17.11 server listening only on loopback in its own synthetic data directory  2122ms
     Γ£ô receipt migration refuses to run twice and leaves the existing schema untouched  3334ms
     Γ£ô receipt migration refuses a database without exactly one active FSC account and creates nothing  1942ms
     Γ£ô server process crash (pg_ctl immediate stop) mid-lease preserves committed state; restart recovers with the same key and envelope  5890ms
 Γ£ô tests/gate/runner.test.ts (9 tests) 27879ms
     Γ£ô rejects unknown session  1402ms
     Γ£ô rejects a missing package script  1322ms
     Γ£ô rejects empty passing report  2293ms
     Γ£ô rejects skipped tests  3483ms
     Γ£ô rejects missing reports  3007ms
     Γ£ô propagates child failure  2656ms
     Γ£ô malformed manifest fails with visible diagnostic  1824ms
     Γ£ô runs valid checks and preserves both streams in unique raw logs  8789ms
     Γ£ô timeout stops only its owned process tree  3098ms
 Γ£ô tests/gate/admission-rate-limit.test.ts (21 tests) 28107ms
     Γ£ô five processes creating the same new ID with the same source produce one receipt and charge once  1563ms
     Γ£ô five processes creating the same new ID from five different sources charge exactly one admission in total  1230ms
     Γ£ô four processes submitting 8 distinct new IDs each from one source admit exactly 20 and rate-limit the other 12  770ms
     Γ£ô repeated concurrent expiry + cleanup of counters while new IDs are admitted never produces an error in any process  3216ms
     Γ£ô a create that fails after admission rolls back both the charge and the receipt (fault injection on effect insert)  1419ms
     Γ£ô cleanup deletes only this account's expired counters and never touches receipts, effects, leads or payloads due for purge  1354ms
stdout | tests/gate/coordinator-receipts.test.ts > route ΓåÆ dispatcher ΓåÆ coordinator (production configuration) > without an HMAC key a new request is refused 503 with no receipt, while an earlier uncertain receipt still reconciles to 200 (D-023)
[lead-delivery] { result: 'unavailable', mode: 'resend+supabase' }

stdout | tests/gate/coordinator-receipts.test.ts > route ΓåÆ dispatcher ΓåÆ coordinator (production configuration) > without an HMAC key a new request is refused 503 with no receipt, while an earlier uncertain receipt still reconciles to 200 (D-023)
[lead-delivery] { result: 'received', mode: 'resend+supabase' }

stdout | tests/gate/coordinator-receipts.test.ts > route ΓåÆ dispatcher ΓåÆ coordinator (production configuration) > without an HMAC key a new request is refused 503 with no receipt, while an earlier uncertain receipt still reconciles to 200 (D-023)
[lead-delivery] { result: 'unavailable', mode: 'resend+supabase' }

stdout | tests/gate/coordinator-receipts.test.ts > route ΓåÆ dispatcher ΓåÆ coordinator (production configuration) > ignores spoofable x-forwarded-for / x-real-ip: without the Vercel header a new request is refused 503 with no receipt or send
[lead-delivery] { result: 'unavailable', mode: 'resend+supabase' }

stdout | tests/gate/coordinator-receipts.test.ts > route ΓåÆ dispatcher ΓåÆ coordinator (production configuration) > IPv4-mapped IPv6 shares the IPv4 counter and a full counter returns 429 with a Retry-After header
[lead-delivery] { result: 'unavailable', mode: 'resend+supabase' }

 Γ£ô tests/gate/schedule-health.test.ts (19 tests) 34011ms
     Γ£ô (simulation) creates exactly one FSC minute job with the exact cleanup command and leaves other jobs untouched  2383ms
     Γ£ô (simulation) re-running is idempotent: still one job with the same jobid  3357ms
     Γ£ô (simulation) refuses a conflicting same-name job with a different command and changes nothing  1875ms
     Γ£ô (simulation) refuses a conflicting same-name job with a different schedule and changes nothing  1586ms
     Γ£ô (simulation) with pg_cron absent the script attempts CREATE EXTENSION, fails in this runtime and commits no job  1315ms
     Γ£ô (simulation) refuses to run before the receipts migration and creates no job  1291ms
     Γ£ô (simulation) preflight refuses when the FSC account domain does not match and creates no job (D-023 M-8)  1577ms
     Γ£ô (simulation) preflight refuses when a private table is missing and creates no job (D-023 M-8)  1020ms
     Γ£ô (simulation) preflight refuses when the account resolver function is missing and creates no job (D-023 M-8)  992ms
     Γ£ô (simulation) the stored job command, executed as the scheduler would, purges due receipts and deletes expired counters only  1112ms
 Γ£ô tests/gate/coordinator-receipts.test.ts (38 tests) 33975ms
     Γ£ô a send that never answers is aborted at the 8 s cap ΓåÆ 504; the same-ID retry reuses the key/envelope and records success once  8038ms
     Γ£ô the send abort reserves 1 s of the server budget so the uncertain outcome is still recorded (review M-6)  4009ms
     Γ£ô an inactive account ΓåÆ 503 CONFIGURATION with no send and no receipt  1464ms

 Test Files  10 passed (10)
      Tests  157 passed (157)
   Start at  20:47:48
   Duration  35.35s (transform 1.16s, setup 0ms, import 3.13s, tests 217.20s, environment 2ms)

JSON report written to C:/Python/florida-security-concepts/harness/evidence/S-005-test-gate-20260914-204740-745-c0c0c1cc3e164327a5f1e7e88e288de8.json

STDERR
(!) Your Vite config uses features that are unsupported by `configLoader: 'native'`, which is planned to become the default in a future major version of Vite:
  - ESM syntax in a file loaded as CommonJS (vitest.gate.config.ts:1:1). Use a `.mjs` extension or set `"type": "module"` in the closest package.json
Set `VITE_CONFIG_NATIVE_IGNORE_WARNING=true` to suppress this warning.
stderr | tests/gate/coordinator-receipts.test.ts > secondary effects never change primary success > Prime record failure keeps 200; retries while leased insert nothing; a later retry records exactly one lead and never resends company
[lead-receipt] prime_pending

stderr | tests/gate/coordinator-receipts.test.ts > secondary effects never change primary success > Prime claim transport error keeps 200 and the next retry records one lead
[lead-receipt] prime_pending


CHECK test:gate EXIT 0
TEST COUNTS test:gate passed=157 rejected=0 report=C:\Python\florida-security-concepts\harness\evidence\S-005-test-gate-20260914-204740-745-c0c0c1cc3e164327a5f1e7e88e288de8.json
CHECK build COMMAND node ["node_modules/next/dist/bin/next","build"]
STDOUT
   Γû▓ Next.js 15.5.25

   Creating an optimized production build ...
 Γ£ô Compiled successfully in 3.8s
   Linting and checking validity of types ...
   Collecting page data ...
   Generating static pages (0/43) ...
   Generating static pages (10/43) 
   Generating static pages (21/43) 
   Generating static pages (32/43) 
 Γ£ô Generating static pages (43/43)
   Finalizing page optimization ...
   Collecting build traces ...

Route (app)                                                 Size  First Load JS
Γöî Γùï /                                                      165 B         106 kB
Γö£ Γùï /_not-found                                            140 B         103 kB
Γö£ ╞Æ /api/leads                                             140 B         103 kB
Γö£ ╞Æ /apple-icon                                            140 B         103 kB
Γö£ ╞Æ /contact                                               166 B         114 kB
Γö£ ╞Æ /icon                                                  140 B         103 kB
Γö£ Γùï /industries                                            170 B         106 kB
Γö£ ΓùÅ /industries/[slug]                                     922 B         115 kB
Γö£   Γö£ /industries/hoa-gated-communities
Γö£   Γö£ /industries/multifamily-apartments-condos
Γö£   Γö£ /industries/storage-facilities
Γö£   Γöö [+4 more paths]
Γö£ ╞Æ /opengraph-image                                       140 B         103 kB
Γö£ Γùï /resources                                             170 B         106 kB
Γö£ ΓùÅ /resources/[slug]                                      900 B         107 kB
Γö£   Γö£ /resources/how-much-does-an-automatic-gate-cost
Γö£   Γö£ /resources/best-access-control-system-for-hoa
Γö£   Γö£ /resources/storage-facility-security-camera-guide
Γö£   Γöö [+2 more paths]
Γö£ Γùï /robots.txt                                            140 B         103 kB
Γö£ Γùï /service-areas                                         170 B         106 kB
Γö£ ΓùÅ /service-areas/[slug]                                  922 B         115 kB
Γö£   Γö£ /service-areas/orlando
Γö£   Γö£ /service-areas/tampa
Γö£   Γö£ /service-areas/lakeland
Γö£   Γöö [+11 more paths]
Γö£ Γùï /services                                              170 B         106 kB
Γö£ ΓùÅ /services/[slug]                                       922 B         115 kB
Γö£   Γö£ /services/security-gate-systems
Γö£   Γö£ /services/gate-automation
Γö£   Γö£ /services/access-control
Γö£   Γöö [+3 more paths]
Γöö Γùï /sitemap.xml                                           140 B         103 kB
+ First Load JS shared by all                             103 kB
  Γö£ chunks/255-37e0f0325134c4d7.js                       46.4 kB
  Γö£ chunks/4bd1b696-c023c6e3521b1417.js                  54.2 kB
  Γöö other shared chunks (total)                          1.99 kB


Γùï  (Static)   prerendered as static content
ΓùÅ  (SSG)      prerendered as static HTML (uses generateStaticParams)
╞Æ  (Dynamic)  server-rendered on demand


STDERR
 ΓÜá Using edge runtime on a page currently disables static generation for that page

CHECK build EXIT 0
CHECK test:e2e COMMAND node ["node_modules/@playwright/test/cli.js","test"]
STDOUT
   Γû▓ Next.js 15.5.25

   Creating an optimized production build ...
 Γ£ô Compiled successfully in 3.2s
   Linting and checking validity of types ...
   Collecting page data ...
   Generating static pages (0/43) ...
   Generating static pages (10/43) 
   Generating static pages (21/43) 
   Generating static pages (32/43) 
 Γ£ô Generating static pages (43/43)
   Finalizing page optimization ...
   Collecting build traces ...

Route (app)                                                 Size  First Load JS
Γöî Γùï /                                                      165 B         106 kB
Γö£ Γùï /_not-found                                            140 B         103 kB
Γö£ ╞Æ /api/leads                                             140 B         103 kB
Γö£ ╞Æ /apple-icon                                            140 B         103 kB
Γö£ ╞Æ /contact                                               166 B         114 kB
Γö£ ╞Æ /icon                                                  140 B         103 kB
Γö£ Γùï /industries                                            170 B         106 kB
Γö£ ΓùÅ /industries/[slug]                                     922 B         115 kB
Γö£   Γö£ /industries/hoa-gated-communities
Γö£   Γö£ /industries/multifamily-apartments-condos
Γö£   Γö£ /industries/storage-facilities
Γö£   Γöö [+4 more paths]
Γö£ ╞Æ /opengraph-image                                       140 B         103 kB
Γö£ Γùï /resources                                             170 B         106 kB
Γö£ ΓùÅ /resources/[slug]                                      900 B         107 kB
Γö£   Γö£ /resources/how-much-does-an-automatic-gate-cost
Γö£   Γö£ /resources/best-access-control-system-for-hoa
Γö£   Γö£ /resources/storage-facility-security-camera-guide
Γö£   Γöö [+2 more paths]
Γö£ Γùï /robots.txt                                            140 B         103 kB
Γö£ Γùï /service-areas                                         170 B         106 kB
Γö£ ΓùÅ /service-areas/[slug]                                  922 B         115 kB
Γö£   Γö£ /service-areas/orlando
Γö£   Γö£ /service-areas/tampa
Γö£   Γö£ /service-areas/lakeland
Γö£   Γöö [+11 more paths]
Γö£ Γùï /services                                              170 B         106 kB
Γö£ ΓùÅ /services/[slug]                                       922 B         115 kB
Γö£   Γö£ /services/security-gate-systems
Γö£   Γö£ /services/gate-automation
Γö£   Γö£ /services/access-control
Γö£   Γöö [+3 more paths]
Γöö Γùï /sitemap.xml                                           140 B         103 kB
+ First Load JS shared by all                             103 kB
  Γö£ chunks/255-37e0f0325134c4d7.js                       46.4 kB
  Γö£ chunks/4bd1b696-c023c6e3521b1417.js                  54.2 kB
  Γöö other shared chunks (total)                          1.99 kB


Γùï  (Static)   prerendered as static content
ΓùÅ  (SSG)      prerendered as static HTML (uses generateStaticParams)
╞Æ  (Dynamic)  server-rendered on demand

   Γû▓ Next.js 15.5.25
   - Local:        http://127.0.0.1:3100
   - Network:      http://127.0.0.1:3100

 Γ£ô Starting...
 Γ£ô Ready in 316ms

Running 83 tests using 1 worker

  ok  1 tests\e2e\baseline.spec.ts:21:7 ΓÇ║ public route renders: / (573ms)
  ok  2 tests\e2e\baseline.spec.ts:21:7 ΓÇ║ public route renders: /contact (454ms)
  ok  3 tests\e2e\baseline.spec.ts:21:7 ΓÇ║ public route renders: /services (398ms)
  ok  4 tests\e2e\baseline.spec.ts:21:7 ΓÇ║ public route renders: /industries (418ms)
  ok  5 tests\e2e\baseline.spec.ts:21:7 ΓÇ║ public route renders: /service-areas (394ms)
  ok  6 tests\e2e\baseline.spec.ts:21:7 ΓÇ║ public route renders: /resources (430ms)
  ok  7 tests\e2e\baseline.spec.ts:21:7 ΓÇ║ public route renders: /services/security-gate-systems (515ms)
  ok  8 tests\e2e\baseline.spec.ts:21:7 ΓÇ║ public route renders: /services/gate-automation (474ms)
  ok  9 tests\e2e\baseline.spec.ts:21:7 ΓÇ║ public route renders: /services/access-control (453ms)
  ok 10 tests\e2e\baseline.spec.ts:21:7 ΓÇ║ public route renders: /services/video-surveillance (478ms)
  ok 11 tests\e2e\baseline.spec.ts:21:7 ΓÇ║ public route renders: /services/security-system-integration (523ms)
  ok 12 tests\e2e\baseline.spec.ts:21:7 ΓÇ║ public route renders: /services/emergency-service (467ms)
  ok 13 tests\e2e\baseline.spec.ts:21:7 ΓÇ║ public route renders: /industries/hoa-gated-communities (452ms)
  ok 14 tests\e2e\baseline.spec.ts:21:7 ΓÇ║ public route renders: /industries/multifamily-apartments-condos (460ms)
  ok 15 tests\e2e\baseline.spec.ts:21:7 ΓÇ║ public route renders: /industries/storage-facilities (460ms)
  ok 16 tests\e2e\baseline.spec.ts:21:7 ΓÇ║ public route renders: /industries/commercial-properties (461ms)
  ok 17 tests\e2e\baseline.spec.ts:21:7 ΓÇ║ public route renders: /industries/industrial-warehouses (456ms)
  ok 18 tests\e2e\baseline.spec.ts:21:7 ΓÇ║ public route renders: /industries/property-managers (431ms)
  ok 19 tests\e2e\baseline.spec.ts:21:7 ΓÇ║ public route renders: /industries/residential-estates (464ms)
  ok 20 tests\e2e\baseline.spec.ts:21:7 ΓÇ║ public route renders: /service-areas/orlando (453ms)
  ok 21 tests\e2e\baseline.spec.ts:21:7 ΓÇ║ public route renders: /service-areas/tampa (441ms)
  ok 22 tests\e2e\baseline.spec.ts:21:7 ΓÇ║ public route renders: /service-areas/lakeland (441ms)
  ok 23 tests\e2e\baseline.spec.ts:21:7 ΓÇ║ public route renders: /service-areas/kissimmee (436ms)
  ok 24 tests\e2e\baseline.spec.ts:21:7 ΓÇ║ public route renders: /service-areas/winter-garden (458ms)
  ok 25 tests\e2e\baseline.spec.ts:21:7 ΓÇ║ public route renders: /service-areas/clermont (450ms)
  ok 26 tests\e2e\baseline.spec.ts:21:7 ΓÇ║ public route renders: /service-areas/lake-mary (526ms)
  ok 27 tests\e2e\baseline.spec.ts:21:7 ΓÇ║ public route renders: /service-areas/sanford (464ms)
  ok 28 tests\e2e\baseline.spec.ts:21:7 ΓÇ║ public route renders: /service-areas/ocala (487ms)
  ok 29 tests\e2e\baseline.spec.ts:21:7 ΓÇ║ public route renders: /service-areas/the-villages (435ms)
  ok 30 tests\e2e\baseline.spec.ts:21:7 ΓÇ║ public route renders: /service-areas/st-petersburg (438ms)
  ok 31 tests\e2e\baseline.spec.ts:21:7 ΓÇ║ public route renders: /service-areas/clearwater (480ms)
  ok 32 tests\e2e\baseline.spec.ts:21:7 ΓÇ║ public route renders: /service-areas/brandon (532ms)
  ok 33 tests\e2e\baseline.spec.ts:21:7 ΓÇ║ public route renders: /service-areas/wesley-chapel (515ms)
  ok 34 tests\e2e\baseline.spec.ts:21:7 ΓÇ║ public route renders: /resources/how-much-does-an-automatic-gate-cost (412ms)
  ok 35 tests\e2e\baseline.spec.ts:21:7 ΓÇ║ public route renders: /resources/best-access-control-system-for-hoa (393ms)
  ok 36 tests\e2e\baseline.spec.ts:21:7 ΓÇ║ public route renders: /resources/storage-facility-security-camera-guide (442ms)
  ok 37 tests\e2e\baseline.spec.ts:21:7 ΓÇ║ public route renders: /resources/gate-automation-vs-access-control (449ms)
  ok 38 tests\e2e\baseline.spec.ts:21:7 ΓÇ║ public route renders: /resources/property-manager-security-system-checklist (589ms)
  ok 39 tests\e2e\baseline.spec.ts:32:5 ΓÇ║ homepage navigates to contact and submits through real local endpoint (820ms)
  ok 40 tests\e2e\baseline.spec.ts:55:5 ΓÇ║ empty assessment displays server validation instead of confirmation (517ms)
  ok 41 tests\e2e\compatibility.spec.ts:5:119 ΓÇ║ legacy prefill gate-automation (435ms)
  ok 42 tests\e2e\compatibility.spec.ts:5:119 ΓÇ║ legacy prefill emergency-service (388ms)
  ok 43 tests\e2e\compatibility.spec.ts:9:5 ΓÇ║ local receipts have no public listing or retrieval route (67ms)
  ok 44 tests\e2e\compatibility.spec.ts:13:5 ΓÇ║ reduced motion and simulated 200percent reflow preserve contact controls (395ms)
  ok 45 tests\e2e\form-recovery.spec.ts:9:5 ΓÇ║ simulated ambiguous response keeps values and logical ID for explicit retry (735ms)
  ok 46 tests\e2e\form-recovery.spec.ts:33:38 ΓÇ║ simulated 503 retains assessment input (622ms)
  ok 47 tests\e2e\form-recovery.spec.ts:33:38 ΓÇ║ simulated 429 retains assessment input (587ms)
  ok 48 tests\e2e\form-recovery.spec.ts:42:5 ΓÇ║ two rapid clicks submit one pending request (857ms)
  ok 49 tests\e2e\preview.spec.ts:13:7 ΓÇ║ / layout at 320 (403ms)
  ok 50 tests\e2e\preview.spec.ts:13:7 ΓÇ║ /contact layout at 320 (360ms)
  ok 51 tests\e2e\preview.spec.ts:13:7 ΓÇ║ / layout at 390 (578ms)
  ok 52 tests\e2e\preview.spec.ts:13:7 ΓÇ║ /contact layout at 390 (442ms)
  ok 53 tests\e2e\preview.spec.ts:13:7 ΓÇ║ / layout at 768 (423ms)
  ok 54 tests\e2e\preview.spec.ts:13:7 ΓÇ║ /contact layout at 768 (357ms)
  ok 55 tests\e2e\preview.spec.ts:13:7 ΓÇ║ / layout at 1024 (402ms)
  ok 56 tests\e2e\preview.spec.ts:13:7 ΓÇ║ /contact layout at 1024 (389ms)
  ok 57 tests\e2e\preview.spec.ts:13:7 ΓÇ║ / layout at 1440 (717ms)
  ok 58 tests\e2e\preview.spec.ts:13:7 ΓÇ║ /contact layout at 1440 (528ms)
  ok 59 tests\e2e\preview.spec.ts:26:43 ΓÇ║ / automated accessibility (1.0s)
  ok 60 tests\e2e\preview.spec.ts:26:43 ΓÇ║ /contact automated accessibility (952ms)
  ok 61 tests\e2e\preview.spec.ts:31:5 ΓÇ║ emergency navigation preserves entered identity across history (558ms)
  ok 62 tests\e2e\preview.spec.ts:44:5 ΓÇ║ mobile menu Escape returns focus to its trigger (532ms)
  ok 63 tests\e2e\theme-continuity.spec.ts:40:7 ΓÇ║ shared theme services at 390 (1.1s)
  ok 64 tests\e2e\theme-continuity.spec.ts:40:7 ΓÇ║ shared theme service-detail at 390 (1.6s)
  ok 65 tests\e2e\theme-continuity.spec.ts:40:7 ΓÇ║ shared theme emergency at 390 (1.8s)
  ok 66 tests\e2e\theme-continuity.spec.ts:40:7 ΓÇ║ shared theme industries at 390 (1.2s)
  ok 67 tests\e2e\theme-continuity.spec.ts:40:7 ΓÇ║ shared theme industry-detail at 390 (1.4s)
  ok 68 tests\e2e\theme-continuity.spec.ts:40:7 ΓÇ║ shared theme areas at 390 (1.1s)
  ok 69 tests\e2e\theme-continuity.spec.ts:40:7 ΓÇ║ shared theme area-detail at 390 (1.5s)
  ok 70 tests\e2e\theme-continuity.spec.ts:40:7 ΓÇ║ shared theme resources at 390 (1.1s)
  ok 71 tests\e2e\theme-continuity.spec.ts:40:7 ΓÇ║ shared theme article at 390 (1.2s)
  ok 72 tests\e2e\theme-continuity.spec.ts:40:7 ΓÇ║ shared theme article-table at 390 (1.3s)
  ok 73 tests\e2e\theme-continuity.spec.ts:40:7 ΓÇ║ shared theme services at 1440 (1.2s)
  ok 74 tests\e2e\theme-continuity.spec.ts:40:7 ΓÇ║ shared theme service-detail at 1440 (1.8s)
  ok 75 tests\e2e\theme-continuity.spec.ts:40:7 ΓÇ║ shared theme emergency at 1440 (1.7s)
  ok 76 tests\e2e\theme-continuity.spec.ts:40:7 ΓÇ║ shared theme industries at 1440 (1.4s)
  ok 77 tests\e2e\theme-continuity.spec.ts:40:7 ΓÇ║ shared theme industry-detail at 1440 (1.6s)
  ok 78 tests\e2e\theme-continuity.spec.ts:40:7 ΓÇ║ shared theme areas at 1440 (1.2s)
  ok 79 tests\e2e\theme-continuity.spec.ts:40:7 ΓÇ║ shared theme area-detail at 1440 (1.7s)
  ok 80 tests\e2e\theme-continuity.spec.ts:40:7 ΓÇ║ shared theme resources at 1440 (1.3s)
  ok 81 tests\e2e\theme-continuity.spec.ts:40:7 ΓÇ║ shared theme article at 1440 (1.9s)
  ok 82 tests\e2e\theme-continuity.spec.ts:40:7 ΓÇ║ shared theme article-table at 1440 (1.9s)
  ok 83 tests\e2e\theme-continuity.spec.ts:65:5 ΓÇ║ not-found page remains readable in the shared theme (944ms)

  83 passed (1.5m)

STDERR
 ΓÜá Using edge runtime on a page currently disables static generation for that page
(node:54384) Warning: The 'NO_COLOR' env is ignored due to the 'FORCE_COLOR' env being set.
(Use `node --trace-warnings ...` to show where the warning was created)

CHECK test:e2e EXIT 0
TEST COUNTS test:e2e passed=83 rejected=0 report=C:\Python\florida-security-concepts\harness\evidence\S-005-test-e2e-20260914-204740-745-c0c0c1cc3e164327a5f1e7e88e288de8.json
RESULT: ALL CHECKS PASSED (6/6)
