VERIFICATION session=S-006 run=20260915-074700-671-8242639fba904fdcb8995e7e4672cf4d
Project=C:\Python\florida-security-concepts
Log=C:\Python\florida-security-concepts\harness\evidence\S-006-verify-20260915-074700-671-8242639fba904fdcb8995e7e4672cf4d.log
Revision: 3bbc79e0d3f2cbfe3a79c729f2e336c185e28cc4
Dirty files:
 M components/LeadCaptureForm.tsx
 M harness/DECISIONS.md
 M harness/OWNER-LAUNCH-STEPS.md
 M harness/evidence/S-002-contact-1440.png
 M harness/evidence/S-002-contact-390.png
 M harness/evidence/S-UI-001-area-detail-1440.png
 M harness/evidence/S-UI-001-area-detail-390.png
 M harness/evidence/S-UI-001-emergency-1440.png
 M harness/evidence/S-UI-001-emergency-390.png
 M harness/evidence/S-UI-001-industry-detail-1440.png
 M harness/evidence/S-UI-001-industry-detail-390.png
 M harness/evidence/S-UI-001-service-detail-1440.png
 M harness/evidence/S-UI-001-service-detail-390.png
?? %SystemDrive%/
?? harness/evidence/S-006-release-20260915-073409-084-3e9a2ba85b034ba186e82f430628c14d/
?? harness/evidence/S-006-test-e2e-20260915-073409-084-3e9a2ba85b034ba186e82f430628c14d.json
?? harness/evidence/S-006-test-gate-20260915-073409-084-3e9a2ba85b034ba186e82f430628c14d.json
?? harness/evidence/S-006-test-release-20260915-073409-084-3e9a2ba85b034ba186e82f430628c14d.json
?? harness/evidence/S-006-test-unit-20260915-073409-084-3e9a2ba85b034ba186e82f430628c14d.json
?? harness/evidence/S-006-verify-20260915-073409-084-3e9a2ba85b034ba186e82f430628c14d.log
?? harness/evidence/S-006-verify-20260915-074700-671-8242639fba904fdcb8995e7e4672cf4d.log
?? harness/fsc-crm/
?? tests/e2e/privacy-disclosure.spec.ts
?? tmp/
Node: v24.16.0
Dependency versions: {"@axe-core/playwright":"4.13.0","@plausible-analytics/tracker":"0.4.6","@playwright/test":"1.63.0","@types/node":"^20.14.10","@types/pg":"8.23.1","@types/react":"19.3.0","@types/react-dom":"19.3.0","autoprefixer":"^10.4.20","eslint":"^8.57.0","eslint-config-next":"15.5.25","lighthouse":"13.4.1","pg":"8.23.0","postcss":"8.5.28","tailwindcss":"^3.4.17","typescript":"^5.5.4","vitest":"4.1.11"}
CHECK lint COMMAND node ["node_modules/next/dist/bin/next","lint"]
STDOUT
Γ£ö No ESLint warnings or errors

STDERR
`next lint` is deprecated and will be removed in Next.js 16.
For new projects, use create-next-app to choose your preferred linter.
For existing projects, migrate to the ESLint CLI:
npx @next/codemod@canary next-lint-to-eslint-cli .


CHECK lint EXIT 0
CHECK typecheck COMMAND node ["node_modules/typescript/bin/tsc","--noEmit"]
STDOUT

STDERR

CHECK typecheck EXIT 0
CHECK test:unit COMMAND node ["node_modules/vitest/vitest.mjs","run"]
STDOUT

 RUN  v4.1.11 C:/Python/florida-security-concepts

 Γ£ô tests/unit/validation.test.ts (21 tests) 19ms
 Γ£ô tests/unit/contract.test.ts (30 tests) 20ms
 Γ£ô tests/unit/analytics-region.test.ts (5 tests) 92ms
 Γ£ô tests/unit/source-digest.test.ts (42 tests) 81ms
stdout | tests/unit/delivery-safety.test.ts > hosted preview and production boundaries > control: a production deployment loads the coordinator once and passes the trusted-header digest (never x-forwarded-for)
[lead-delivery] { result: 'received', mode: 'resend+supabase' }

stdout | tests/unit/delivery-safety.test.ts > hosted preview and production boundaries > missing production configuration (dependencies refuse) returns 503 CONFIGURATION and never runs the coordinator
[lead-delivery] { result: 'unavailable', mode: 'resend+supabase' }

stdout | tests/unit/delivery-safety.test.ts > hosted preview and production boundaries > an unexpected coordinator rejection is reported as 504 RECEIPT_UNKNOWN, never a known failure (D-023)
[lead-delivery] { result: 'unavailable', mode: 'resend+supabase' }

 Γ£ô tests/unit/analytics-sanitize.test.ts (116 tests) 51ms
 Γ£ô tests/unit/delivery-safety.test.ts (19 tests) 118ms
 Γ£ô tests/unit/analytics-events.test.ts (77 tests) 60ms
 Γ£ô tests/unit/analytics-tracker.test.ts (8 tests) 276ms
 Γ£ô tests/unit/route-unexpected-error.test.ts (2 tests) 35ms
 Γ£ô tests/unit/endpoint.test.ts (21 tests) 61ms
 Γ£ô tests/unit/envelope-content.test.ts (7 tests) 14ms
 Γ£ô tests/unit/production-dispatch.test.ts (11 tests) 298ms
 Γ£ô tests/unit/preview-isolation.test.ts (20 tests) 365ms
 Γ£ô tests/unit/local-receipt.test.ts (11 tests) 452ms
   Γ£ô concurrent independent processes and a restarted process create only one receipt  360ms

 Test Files  14 passed (14)
      Tests  390 passed (390)
   Start at  07:47:05
   Duration  1.07s (transform 2.45s, setup 0ms, import 3.58s, tests 1.94s, environment 3ms)

JSON report written to C:/Python/florida-security-concepts/harness/evidence/S-006-test-unit-20260915-074700-671-8242639fba904fdcb8995e7e4672cf4d.json

STDERR
(!) Your Vite config uses features that are unsupported by `configLoader: 'native'`, which is planned to become the default in a future major version of Vite:
  - ESM syntax in a file loaded as CommonJS (vitest.config.ts:1:1). Use a `.mjs` extension or set `"type": "module"` in the closest package.json
Set `VITE_CONFIG_NATIVE_IGNORE_WARNING=true` to suppress this warning.

CHECK test:unit EXIT 0
TEST COUNTS test:unit passed=390 rejected=0 report=C:\Python\florida-security-concepts\harness\evidence\S-006-test-unit-20260915-074700-671-8242639fba904fdcb8995e7e4672cf4d.json
CHECK test:gate COMMAND node ["node_modules/vitest/vitest.mjs","run","--config","vitest.gate.config.ts"]
STDOUT

 RUN  v4.1.11 C:/Python/florida-security-concepts

 Γ£ô tests/gate/network.test.ts (1 test) 124ms
 Γ£ô tests/gate/isolation.test.ts (1 test) 171ms
 Γ£ô tests/gate/lease-racing.test.ts (14 tests) 16202ms
     Γ£ô six separate node processes race one claim: exactly one CLAIMED, five BUSY, and the stored token is the winner  849ms
     Γ£ô after the winner dies (lease expiry) four processes race the reclaim: exactly one wins with the identical key and envelope  775ms
 Γ£ô tests/gate/isolation-acl.test.ts (12 tests) 16890ms
     Γ£ô control: in this cluster an unrevoked new public function IS executable by anon (so the denials above are earned)  1859ms
 Γ£ô tests/gate/receipt-lifecycle.test.ts (37 tests) 17735ms
     Γ£ô lead insert and effect update commit together (fault injection: effect update fails after the insert)  2225ms
 Γ£ô tests/gate/postgres-reliability.test.ts (5 tests) 21744ms
     Γ£ô is the pinned 17.11 server listening only on loopback in its own synthetic data directory  1990ms
     Γ£ô receipt migration refuses to run twice and leaves the existing schema untouched  2253ms
     Γ£ô receipt migration refuses a database without exactly one active FSC account and creates nothing  1633ms
     Γ£ô server process crash (pg_ctl immediate stop) mid-lease preserves committed state; restart recovers with the same key and envelope  5374ms
 Γ£ô tests/gate/admission-rate-limit.test.ts (21 tests) 21814ms
     Γ£ô five processes creating the same new ID with the same source produce one receipt and charge once  981ms
     Γ£ô five processes creating the same new ID from five different sources charge exactly one admission in total  915ms
     Γ£ô four processes submitting 8 distinct new IDs each from one source admit exactly 20 and rate-limit the other 12  628ms
     Γ£ô repeated concurrent expiry + cleanup of counters while new IDs are admitted never produces an error in any process  2634ms
     Γ£ô a create that fails after admission rolls back both the charge and the receipt (fault injection on effect insert)  1001ms
     Γ£ô cleanup deletes only this account's expired counters and never touches receipts, effects, leads or payloads due for purge  919ms
 Γ£ô tests/gate/schedule-health.test.ts (19 tests) 26501ms
     Γ£ô (simulation) creates exactly one FSC minute job with the exact cleanup command and leaves other jobs untouched  1894ms
     Γ£ô (simulation) re-running is idempotent: still one job with the same jobid  2127ms
     Γ£ô (simulation) refuses a conflicting same-name job with a different command and changes nothing  1522ms
     Γ£ô (simulation) refuses a conflicting same-name job with a different schedule and changes nothing  1220ms
     Γ£ô (simulation) with pg_cron absent the script attempts CREATE EXTENSION, fails in this runtime and commits no job  1148ms
     Γ£ô (simulation) refuses to run before the receipts migration and creates no job  1059ms
     Γ£ô (simulation) preflight refuses when the FSC account domain does not match and creates no job (D-023 M-8)  1195ms
     Γ£ô (simulation) preflight refuses when a private table is missing and creates no job (D-023 M-8)  921ms
     Γ£ô (simulation) preflight refuses when the account resolver function is missing and creates no job (D-023 M-8)  957ms
     Γ£ô (simulation) the stored job command, executed as the scheduler would, purges due receipts and deletes expired counters only  989ms
stdout | tests/gate/coordinator-receipts.test.ts > route ΓåÆ dispatcher ΓåÆ coordinator (production configuration) > without an HMAC key a new request is refused 503 with no receipt, while an earlier uncertain receipt still reconciles to 200 (D-023)
[lead-delivery] { result: 'unavailable', mode: 'resend+supabase' }

stdout | tests/gate/coordinator-receipts.test.ts > route ΓåÆ dispatcher ΓåÆ coordinator (production configuration) > without an HMAC key a new request is refused 503 with no receipt, while an earlier uncertain receipt still reconciles to 200 (D-023)
[lead-delivery] { result: 'received', mode: 'resend+supabase' }

stdout | tests/gate/coordinator-receipts.test.ts > route ΓåÆ dispatcher ΓåÆ coordinator (production configuration) > without an HMAC key a new request is refused 503 with no receipt, while an earlier uncertain receipt still reconciles to 200 (D-023)
[lead-delivery] { result: 'unavailable', mode: 'resend+supabase' }

stdout | tests/gate/coordinator-receipts.test.ts > route ΓåÆ dispatcher ΓåÆ coordinator (production configuration) > ignores spoofable x-forwarded-for / x-real-ip: without the Vercel header a new request is refused 503 with no receipt or send
[lead-delivery] { result: 'unavailable', mode: 'resend+supabase' }

stdout | tests/gate/coordinator-receipts.test.ts > route ΓåÆ dispatcher ΓåÆ coordinator (production configuration) > IPv4-mapped IPv6 shares the IPv4 counter and a full counter returns 429 with a Retry-After header
[lead-delivery] { result: 'unavailable', mode: 'resend+supabase' }

 Γ£ô tests/gate/coordinator-receipts.test.ts (38 tests) 27112ms
     Γ£ô a send that never answers is aborted at the 8 s cap ΓåÆ 504; the same-ID retry reuses the key/envelope and records success once  8041ms
     Γ£ô the send abort reserves 1 s of the server budget so the uncertain outcome is still recorded (review M-6)  4007ms
     Γ£ô an inactive account ΓåÆ 503 CONFIGURATION with no send and no receipt  984ms
 Γ£ô tests/gate/runner.test.ts (18 tests) 34638ms
     Γ£ô rejects unknown session  998ms
     Γ£ô rejects a missing package script  1162ms
     Γ£ô rejects empty passing report  1907ms
     Γ£ô rejects skipped tests  2686ms
     Γ£ô rejects missing reports  2468ms
     Γ£ô propagates child failure  2010ms
     Γ£ô malformed manifest fails with visible diagnostic  1741ms
     Γ£ô runs valid checks and preserves both streams in unique raw logs  6500ms
       Γ£ô S-006 fails when the manifest omits test:release  1340ms
       Γ£ô S-006 passes with a Playwright-format test:release report (control for the rejections below)  2264ms
       Γ£ô rejects test:release registered with the vitest report contract even when the vitest report is green  928ms
       Γ£ô rejects a vitest-format report file produced for a playwright-contract test:release  2066ms
       Γ£ô rejects a Playwright release report with zero results  1640ms
       Γ£ô rejects a Playwright release report with skipped results  1310ms
       Γ£ô rejects a Playwright release report with flaky results  1294ms
       Γ£ô rejects a Playwright release report with unexpected results  1328ms
       Γ£ô rejects a Playwright release report with errors results  1288ms
     Γ£ô timeout stops only its owned process tree  1702ms

 Test Files  10 passed (10)
      Tests  166 passed (166)
   Start at  07:47:07
   Duration  35.06s (transform 1.08s, setup 0ms, import 2.58s, tests 182.93s, environment 2ms)

JSON report written to C:/Python/florida-security-concepts/harness/evidence/S-006-test-gate-20260915-074700-671-8242639fba904fdcb8995e7e4672cf4d.json

STDERR
(!) Your Vite config uses features that are unsupported by `configLoader: 'native'`, which is planned to become the default in a future major version of Vite:
  - ESM syntax in a file loaded as CommonJS (vitest.gate.config.ts:1:1). Use a `.mjs` extension or set `"type": "module"` in the closest package.json
Set `VITE_CONFIG_NATIVE_IGNORE_WARNING=true` to suppress this warning.
stderr | tests/gate/coordinator-receipts.test.ts > secondary effects never change primary success > Prime record failure keeps 200; retries while leased insert nothing; a later retry records exactly one lead and never resends company
[lead-receipt] prime_pending

stderr | tests/gate/coordinator-receipts.test.ts > secondary effects never change primary success > Prime claim transport error keeps 200 and the next retry records one lead
[lead-receipt] prime_pending


CHECK test:gate EXIT 0
TEST COUNTS test:gate passed=166 rejected=0 report=C:\Python\florida-security-concepts\harness\evidence\S-006-test-gate-20260915-074700-671-8242639fba904fdcb8995e7e4672cf4d.json
CHECK build COMMAND node ["node_modules/next/dist/bin/next","build"]
STDOUT
   Γû▓ Next.js 15.5.25

   Creating an optimized production build ...
 Γ£ô Compiled successfully in 3.3s
   Linting and checking validity of types ...
   Collecting page data ...
   Generating static pages (0/43) ...
   Generating static pages (10/43) 
   Generating static pages (21/43) 
   Generating static pages (32/43) 
 Γ£ô Generating static pages (43/43)
   Finalizing page optimization ...
   Collecting build traces ...

Route (app)                                                 Size  First Load JS
Γöî Γùï /                                                      165 B         106 kB
Γö£ Γùï /_not-found                                            140 B         103 kB
Γö£ ╞Æ /api/leads                                             140 B         103 kB
Γö£ ╞Æ /apple-icon                                            140 B         103 kB
Γö£ ╞Æ /contact                                               165 B         116 kB
Γö£ ╞Æ /icon                                                  140 B         103 kB
Γö£ Γùï /industries                                            170 B         106 kB
Γö£ ΓùÅ /industries/[slug]                                     923 B         117 kB
Γö£   Γö£ /industries/hoa-gated-communities
Γö£   Γö£ /industries/multifamily-apartments-condos
Γö£   Γö£ /industries/storage-facilities
Γö£   Γöö [+4 more paths]
Γö£ ╞Æ /opengraph-image                                       140 B         103 kB
Γö£ Γùï /resources                                             170 B         106 kB
Γö£ ΓùÅ /resources/[slug]                                      900 B         107 kB
Γö£   Γö£ /resources/how-much-does-an-automatic-gate-cost
Γö£   Γö£ /resources/best-access-control-system-for-hoa
Γö£   Γö£ /resources/storage-facility-security-camera-guide
Γö£   Γöö [+2 more paths]
Γö£ Γùï /robots.txt                                            140 B         103 kB
Γö£ Γùï /service-areas                                         170 B         106 kB
Γö£ ΓùÅ /service-areas/[slug]                                  923 B         117 kB
Γö£   Γö£ /service-areas/orlando
Γö£   Γö£ /service-areas/tampa
Γö£   Γö£ /service-areas/lakeland
Γö£   Γöö [+11 more paths]
Γö£ Γùï /services                                              170 B         106 kB
Γö£ ΓùÅ /services/[slug]                                       923 B         117 kB
Γö£   Γö£ /services/security-gate-systems
Γö£   Γö£ /services/gate-automation
Γö£   Γö£ /services/access-control
Γö£   Γöö [+3 more paths]
Γöö Γùï /sitemap.xml                                           140 B         103 kB
+ First Load JS shared by all                             103 kB
  Γö£ chunks/255-37e0f0325134c4d7.js                       46.4 kB
  Γö£ chunks/4bd1b696-c023c6e3521b1417.js                  54.2 kB
  Γöö other shared chunks (total)                          1.99 kB


Γùï  (Static)   prerendered as static content
ΓùÅ  (SSG)      prerendered as static HTML (uses generateStaticParams)
╞Æ  (Dynamic)  server-rendered on demand


STDERR
 ΓÜá Using edge runtime on a page currently disables static generation for that page

CHECK build EXIT 0
CHECK test:e2e COMMAND node ["node_modules/@playwright/test/cli.js","test"]
STDOUT
   Γû▓ Next.js 15.5.25

   Creating an optimized production build ...
 Γ£ô Compiled successfully in 3.2s
   Linting and checking validity of types ...
   Collecting page data ...
   Generating static pages (0/43) ...
   Generating static pages (10/43) 
   Generating static pages (21/43) 
   Generating static pages (32/43) 
 Γ£ô Generating static pages (43/43)
   Finalizing page optimization ...
   Collecting build traces ...

Route (app)                                                 Size  First Load JS
Γöî Γùï /                                                      165 B         106 kB
Γö£ Γùï /_not-found                                            140 B         103 kB
Γö£ ╞Æ /api/leads                                             140 B         103 kB
Γö£ ╞Æ /apple-icon                                            140 B         103 kB
Γö£ ╞Æ /contact                                               165 B         116 kB
Γö£ ╞Æ /icon                                                  140 B         103 kB
Γö£ Γùï /industries                                            170 B         106 kB
Γö£ ΓùÅ /industries/[slug]                                     923 B         117 kB
Γö£   Γö£ /industries/hoa-gated-communities
Γö£   Γö£ /industries/multifamily-apartments-condos
Γö£   Γö£ /industries/storage-facilities
Γö£   Γöö [+4 more paths]
Γö£ ╞Æ /opengraph-image                                       140 B         103 kB
Γö£ Γùï /resources                                             170 B         106 kB
Γö£ ΓùÅ /resources/[slug]                                      900 B         107 kB
Γö£   Γö£ /resources/how-much-does-an-automatic-gate-cost
Γö£   Γö£ /resources/best-access-control-system-for-hoa
Γö£   Γö£ /resources/storage-facility-security-camera-guide
Γö£   Γöö [+2 more paths]
Γö£ Γùï /robots.txt                                            140 B         103 kB
Γö£ Γùï /service-areas                                         170 B         106 kB
Γö£ ΓùÅ /service-areas/[slug]                                  923 B         117 kB
Γö£   Γö£ /service-areas/orlando
Γö£   Γö£ /service-areas/tampa
Γö£   Γö£ /service-areas/lakeland
Γö£   Γöö [+11 more paths]
Γö£ Γùï /services                                              170 B         106 kB
Γö£ ΓùÅ /services/[slug]                                       923 B         117 kB
Γö£   Γö£ /services/security-gate-systems
Γö£   Γö£ /services/gate-automation
Γö£   Γö£ /services/access-control
Γö£   Γöö [+3 more paths]
Γöö Γùï /sitemap.xml                                           140 B         103 kB
+ First Load JS shared by all                             103 kB
  Γö£ chunks/255-37e0f0325134c4d7.js                       46.4 kB
  Γö£ chunks/4bd1b696-c023c6e3521b1417.js                  54.2 kB
  Γöö other shared chunks (total)                          1.99 kB


Γùï  (Static)   prerendered as static content
ΓùÅ  (SSG)      prerendered as static HTML (uses generateStaticParams)
╞Æ  (Dynamic)  server-rendered on demand

   Γû▓ Next.js 15.5.25
   - Local:        http://127.0.0.1:3100
   - Network:      http://127.0.0.1:3100

 Γ£ô Starting...
 Γ£ô Ready in 287ms

Running 87 tests using 1 worker

  ok  1 tests\e2e\baseline.spec.ts:21:7 ΓÇ║ public route renders: / (563ms)
  ok  2 tests\e2e\baseline.spec.ts:21:7 ΓÇ║ public route renders: /contact (454ms)
  ok  3 tests\e2e\baseline.spec.ts:21:7 ΓÇ║ public route renders: /services (384ms)
  ok  4 tests\e2e\baseline.spec.ts:21:7 ΓÇ║ public route renders: /industries (365ms)
  ok  5 tests\e2e\baseline.spec.ts:21:7 ΓÇ║ public route renders: /service-areas (358ms)
  ok  6 tests\e2e\baseline.spec.ts:21:7 ΓÇ║ public route renders: /resources (346ms)
  ok  7 tests\e2e\baseline.spec.ts:21:7 ΓÇ║ public route renders: /services/security-gate-systems (389ms)
  ok  8 tests\e2e\baseline.spec.ts:21:7 ΓÇ║ public route renders: /services/gate-automation (391ms)
  ok  9 tests\e2e\baseline.spec.ts:21:7 ΓÇ║ public route renders: /services/access-control (388ms)
  ok 10 tests\e2e\baseline.spec.ts:21:7 ΓÇ║ public route renders: /services/video-surveillance (405ms)
  ok 11 tests\e2e\baseline.spec.ts:21:7 ΓÇ║ public route renders: /services/security-system-integration (406ms)
  ok 12 tests\e2e\baseline.spec.ts:21:7 ΓÇ║ public route renders: /services/emergency-service (386ms)
  ok 13 tests\e2e\baseline.spec.ts:21:7 ΓÇ║ public route renders: /industries/hoa-gated-communities (390ms)
  ok 14 tests\e2e\baseline.spec.ts:21:7 ΓÇ║ public route renders: /industries/multifamily-apartments-condos (391ms)
  ok 15 tests\e2e\baseline.spec.ts:21:7 ΓÇ║ public route renders: /industries/storage-facilities (501ms)
  ok 16 tests\e2e\baseline.spec.ts:21:7 ΓÇ║ public route renders: /industries/commercial-properties (422ms)
  ok 17 tests\e2e\baseline.spec.ts:21:7 ΓÇ║ public route renders: /industries/industrial-warehouses (384ms)
  ok 18 tests\e2e\baseline.spec.ts:21:7 ΓÇ║ public route renders: /industries/property-managers (383ms)
  ok 19 tests\e2e\baseline.spec.ts:21:7 ΓÇ║ public route renders: /industries/residential-estates (390ms)
  ok 20 tests\e2e\baseline.spec.ts:21:7 ΓÇ║ public route renders: /service-areas/orlando (387ms)
  ok 21 tests\e2e\baseline.spec.ts:21:7 ΓÇ║ public route renders: /service-areas/tampa (399ms)
  ok 22 tests\e2e\baseline.spec.ts:21:7 ΓÇ║ public route renders: /service-areas/lakeland (385ms)
  ok 23 tests\e2e\baseline.spec.ts:21:7 ΓÇ║ public route renders: /service-areas/kissimmee (385ms)
  ok 24 tests\e2e\baseline.spec.ts:21:7 ΓÇ║ public route renders: /service-areas/winter-garden (371ms)
  ok 25 tests\e2e\baseline.spec.ts:21:7 ΓÇ║ public route renders: /service-areas/clermont (380ms)
  ok 26 tests\e2e\baseline.spec.ts:21:7 ΓÇ║ public route renders: /service-areas/lake-mary (386ms)
  ok 27 tests\e2e\baseline.spec.ts:21:7 ΓÇ║ public route renders: /service-areas/sanford (374ms)
  ok 28 tests\e2e\baseline.spec.ts:21:7 ΓÇ║ public route renders: /service-areas/ocala (389ms)
  ok 29 tests\e2e\baseline.spec.ts:21:7 ΓÇ║ public route renders: /service-areas/the-villages (371ms)
  ok 30 tests\e2e\baseline.spec.ts:21:7 ΓÇ║ public route renders: /service-areas/st-petersburg (381ms)
  ok 31 tests\e2e\baseline.spec.ts:21:7 ΓÇ║ public route renders: /service-areas/clearwater (403ms)
  ok 32 tests\e2e\baseline.spec.ts:21:7 ΓÇ║ public route renders: /service-areas/brandon (379ms)
  ok 33 tests\e2e\baseline.spec.ts:21:7 ΓÇ║ public route renders: /service-areas/wesley-chapel (407ms)
  ok 34 tests\e2e\baseline.spec.ts:21:7 ΓÇ║ public route renders: /resources/how-much-does-an-automatic-gate-cost (358ms)
  ok 35 tests\e2e\baseline.spec.ts:21:7 ΓÇ║ public route renders: /resources/best-access-control-system-for-hoa (378ms)
  ok 36 tests\e2e\baseline.spec.ts:21:7 ΓÇ║ public route renders: /resources/storage-facility-security-camera-guide (383ms)
  ok 37 tests\e2e\baseline.spec.ts:21:7 ΓÇ║ public route renders: /resources/gate-automation-vs-access-control (350ms)
  ok 38 tests\e2e\baseline.spec.ts:21:7 ΓÇ║ public route renders: /resources/property-manager-security-system-checklist (351ms)
  ok 39 tests\e2e\baseline.spec.ts:32:5 ΓÇ║ homepage navigates to contact and submits through real local endpoint (662ms)
  ok 40 tests\e2e\baseline.spec.ts:55:5 ΓÇ║ empty assessment displays server validation instead of confirmation (376ms)
  ok 41 tests\e2e\compatibility.spec.ts:5:119 ΓÇ║ legacy prefill gate-automation (310ms)
  ok 42 tests\e2e\compatibility.spec.ts:5:119 ΓÇ║ legacy prefill emergency-service (314ms)
  ok 43 tests\e2e\compatibility.spec.ts:9:5 ΓÇ║ local receipts have no public listing or retrieval route (55ms)
  ok 44 tests\e2e\compatibility.spec.ts:13:5 ΓÇ║ reduced motion and simulated 200percent reflow preserve contact controls (350ms)
  ok 45 tests\e2e\form-recovery.spec.ts:9:5 ΓÇ║ simulated ambiguous response keeps values and logical ID for explicit retry (648ms)
  ok 46 tests\e2e\form-recovery.spec.ts:33:38 ΓÇ║ simulated 503 retains assessment input (529ms)
  ok 47 tests\e2e\form-recovery.spec.ts:33:38 ΓÇ║ simulated 429 retains assessment input (549ms)
  ok 48 tests\e2e\form-recovery.spec.ts:42:5 ΓÇ║ two rapid clicks submit one pending request (835ms)
  ok 49 tests\e2e\preview.spec.ts:13:7 ΓÇ║ / layout at 320 (411ms)
  ok 50 tests\e2e\preview.spec.ts:13:7 ΓÇ║ /contact layout at 320 (341ms)
  ok 51 tests\e2e\preview.spec.ts:13:7 ΓÇ║ / layout at 390 (541ms)
  ok 52 tests\e2e\preview.spec.ts:13:7 ΓÇ║ /contact layout at 390 (454ms)
  ok 53 tests\e2e\preview.spec.ts:13:7 ΓÇ║ / layout at 768 (363ms)
  ok 54 tests\e2e\preview.spec.ts:13:7 ΓÇ║ /contact layout at 768 (306ms)
  ok 55 tests\e2e\preview.spec.ts:13:7 ΓÇ║ / layout at 1024 (354ms)
  ok 56 tests\e2e\preview.spec.ts:13:7 ΓÇ║ /contact layout at 1024 (315ms)
  ok 57 tests\e2e\preview.spec.ts:13:7 ΓÇ║ / layout at 1440 (638ms)
  ok 58 tests\e2e\preview.spec.ts:13:7 ΓÇ║ /contact layout at 1440 (461ms)
  ok 59 tests\e2e\preview.spec.ts:26:43 ΓÇ║ / automated accessibility (916ms)
  ok 60 tests\e2e\preview.spec.ts:26:43 ΓÇ║ /contact automated accessibility (827ms)
  ok 61 tests\e2e\preview.spec.ts:31:5 ΓÇ║ emergency navigation preserves entered identity across history (462ms)
  ok 62 tests\e2e\preview.spec.ts:44:5 ΓÇ║ mobile menu Escape returns focus to its trigger (420ms)
  ok 63 tests\e2e\privacy-disclosure.spec.ts:52:7 ΓÇ║ privacy disclosure renders the approved wording exactly: /contact (468ms)
  ok 64 tests\e2e\privacy-disclosure.spec.ts:52:7 ΓÇ║ privacy disclosure renders the approved wording exactly: /services/access-control (494ms)
  ok 65 tests\e2e\privacy-disclosure.spec.ts:52:7 ΓÇ║ privacy disclosure renders the approved wording exactly: /industries/hoa-gated-communities (486ms)
  ok 66 tests\e2e\privacy-disclosure.spec.ts:52:7 ΓÇ║ privacy disclosure renders the approved wording exactly: /service-areas/orlando (486ms)
  ok 67 tests\e2e\theme-continuity.spec.ts:40:7 ΓÇ║ shared theme services at 390 (983ms)
  ok 68 tests\e2e\theme-continuity.spec.ts:40:7 ΓÇ║ shared theme service-detail at 390 (1.3s)
  ok 69 tests\e2e\theme-continuity.spec.ts:40:7 ΓÇ║ shared theme emergency at 390 (1.3s)
  ok 70 tests\e2e\theme-continuity.spec.ts:40:7 ΓÇ║ shared theme industries at 390 (971ms)
  ok 71 tests\e2e\theme-continuity.spec.ts:40:7 ΓÇ║ shared theme industry-detail at 390 (1.2s)
  ok 72 tests\e2e\theme-continuity.spec.ts:40:7 ΓÇ║ shared theme areas at 390 (954ms)
  ok 73 tests\e2e\theme-continuity.spec.ts:40:7 ΓÇ║ shared theme area-detail at 390 (1.3s)
  ok 74 tests\e2e\theme-continuity.spec.ts:40:7 ΓÇ║ shared theme resources at 390 (959ms)
  ok 75 tests\e2e\theme-continuity.spec.ts:40:7 ΓÇ║ shared theme article at 390 (1.1s)
  ok 76 tests\e2e\theme-continuity.spec.ts:40:7 ΓÇ║ shared theme article-table at 390 (1.1s)
  ok 77 tests\e2e\theme-continuity.spec.ts:40:7 ΓÇ║ shared theme services at 1440 (1.0s)
  ok 78 tests\e2e\theme-continuity.spec.ts:40:7 ΓÇ║ shared theme service-detail at 1440 (1.5s)
  ok 79 tests\e2e\theme-continuity.spec.ts:40:7 ΓÇ║ shared theme emergency at 1440 (1.5s)
  ok 80 tests\e2e\theme-continuity.spec.ts:40:7 ΓÇ║ shared theme industries at 1440 (1.1s)
  ok 81 tests\e2e\theme-continuity.spec.ts:40:7 ΓÇ║ shared theme industry-detail at 1440 (1.4s)
  ok 82 tests\e2e\theme-continuity.spec.ts:40:7 ΓÇ║ shared theme areas at 1440 (1.1s)
  ok 83 tests\e2e\theme-continuity.spec.ts:40:7 ΓÇ║ shared theme area-detail at 1440 (1.4s)
  ok 84 tests\e2e\theme-continuity.spec.ts:40:7 ΓÇ║ shared theme resources at 1440 (1.0s)
  ok 85 tests\e2e\theme-continuity.spec.ts:40:7 ΓÇ║ shared theme article at 1440 (1.2s)
  ok 86 tests\e2e\theme-continuity.spec.ts:40:7 ΓÇ║ shared theme article-table at 1440 (1.2s)
  ok 87 tests\e2e\theme-continuity.spec.ts:65:5 ΓÇ║ not-found page remains readable in the shared theme (760ms)

  87 passed (1.3m)

STDERR
 ΓÜá Using edge runtime on a page currently disables static generation for that page
(node:39964) Warning: The 'NO_COLOR' env is ignored due to the 'FORCE_COLOR' env being set.
(Use `node --trace-warnings ...` to show where the warning was created)

CHECK test:e2e EXIT 0
TEST COUNTS test:e2e passed=87 rejected=0 report=C:\Python\florida-security-concepts\harness\evidence\S-006-test-e2e-20260915-074700-671-8242639fba904fdcb8995e7e4672cf4d.json
CHECK test:release COMMAND node ["node_modules/@playwright/test/cli.js","test","--config","playwright.release.config.ts"]
STDOUT

Running 155 tests using 1 worker

  ok   1 [lighthouse] ΓÇ║ tests\release\lighthouse.spec.ts:46:5 ΓÇ║ Lighthouse mobile medians meet the SPEC release targets on six representative routes (2.0m)
  ok   2 [chromium] ΓÇ║ tests\release\support\analytics-suite.ts:104:7 ΓÇ║ npm tracker ΓÇ║ manual pageviews only: one sanitized URL per navigation, hostile query strings and unknown routes (6.3s)
  ok   3 [chromium] ΓÇ║ tests\release\support\analytics-suite.ts:140:7 ΓÇ║ npm tracker ΓÇ║ referrer is reduced to an origin or removed, never a full URL (1.3s)
  ok   4 [chromium] ΓÇ║ tests\release\support\analytics-suite.ts:152:7 ΓÇ║ npm tracker ΓÇ║ CTA, maintenance and emergency call clicks send only placement/category properties (7.0s)
  ok   5 [chromium] ΓÇ║ tests\release\support\analytics-suite.ts:185:7 ΓÇ║ npm tracker ΓÇ║ form start, validation error, submit attempt and delivery error fire once each with categorical properties (6.0s)
  ok   6 [chromium] ΓÇ║ tests\release\support\analytics-suite.ts:219:7 ΓÇ║ npm tracker ΓÇ║ Lead Submitted fires exactly once per logical request, including an unknown receipt followed by a successful retry (5.3s)
  ok   7 [chromium] ΓÇ║ tests\release\support\analytics-suite.ts:275:9 ΓÇ║ npm tracker ΓÇ║ analytics failure never changes the form outcome: working analytics (baseline) (1.6s)
  ok   8 [chromium] ΓÇ║ tests\release\support\analytics-suite.ts:275:9 ΓÇ║ npm tracker ΓÇ║ analytics failure never changes the form outcome: event endpoint failing (1.6s)
  ok   9 [chromium] ΓÇ║ tests\release\support\analytics-suite.ts:275:9 ΓÇ║ npm tracker ΓÇ║ analytics failure never changes the form outcome: tracker script failing to load (1.6s)
  ok  10 [chromium] ΓÇ║ tests\release\support\analytics-suite.ts:275:9 ΓÇ║ npm tracker ΓÇ║ analytics failure never changes the form outcome: tracker script throwing (1.7s)
  ok  11 [chromium] ΓÇ║ tests\release\support\analytics-suite.ts:275:9 ΓÇ║ npm tracker ΓÇ║ analytics failure never changes the form outcome: window.plausible throwing on every call (1.6s)
  ok  12 [chromium] ΓÇ║ tests\release\support\analytics-suite.ts:321:7 ΓÇ║ npm tracker ΓÇ║ dashboard-default automatic events (form submission, outbound link, file download) never produce a POST (2.8s)
  ok  13 [chromium] ΓÇ║ tests\release\support\analytics-suite.ts:104:7 ΓÇ║ live tracker ΓÇ║ manual pageviews only: one sanitized URL per navigation, hostile query strings and unknown routes (6.1s)
  ok  14 [chromium] ΓÇ║ tests\release\support\analytics-suite.ts:140:7 ΓÇ║ live tracker ΓÇ║ referrer is reduced to an origin or removed, never a full URL (1.4s)
  ok  15 [chromium] ΓÇ║ tests\release\support\analytics-suite.ts:152:7 ΓÇ║ live tracker ΓÇ║ CTA, maintenance and emergency call clicks send only placement/category properties (7.0s)
  ok  16 [chromium] ΓÇ║ tests\release\support\analytics-suite.ts:185:7 ΓÇ║ live tracker ΓÇ║ form start, validation error, submit attempt and delivery error fire once each with categorical properties (6.0s)
  ok  17 [chromium] ΓÇ║ tests\release\support\analytics-suite.ts:219:7 ΓÇ║ live tracker ΓÇ║ Lead Submitted fires exactly once per logical request, including an unknown receipt followed by a successful retry (5.4s)
  ok  18 [chromium] ΓÇ║ tests\release\support\analytics-suite.ts:275:9 ΓÇ║ live tracker ΓÇ║ analytics failure never changes the form outcome: working analytics (baseline) (1.6s)
  ok  19 [chromium] ΓÇ║ tests\release\support\analytics-suite.ts:275:9 ΓÇ║ live tracker ΓÇ║ analytics failure never changes the form outcome: event endpoint failing (1.6s)
  ok  20 [chromium] ΓÇ║ tests\release\support\analytics-suite.ts:275:9 ΓÇ║ live tracker ΓÇ║ analytics failure never changes the form outcome: tracker script failing to load (1.6s)
  ok  21 [chromium] ΓÇ║ tests\release\support\analytics-suite.ts:275:9 ΓÇ║ live tracker ΓÇ║ analytics failure never changes the form outcome: tracker script throwing (1.6s)
  ok  22 [chromium] ΓÇ║ tests\release\support\analytics-suite.ts:275:9 ΓÇ║ live tracker ΓÇ║ analytics failure never changes the form outcome: window.plausible throwing on every call (1.6s)
  ok  23 [chromium] ΓÇ║ tests\release\support\analytics-suite.ts:321:7 ΓÇ║ live tracker ΓÇ║ dashboard-default automatic events (form submission, outbound link, file download) never produce a POST (2.8s)
  ok  24 [chromium] ΓÇ║ tests\release\analytics.spec.ts:10:5 ΓÇ║ no analytics script or events in local preview or in the analytics-disabled measurement build (2.9s)
  ok  25 [chromium] ΓÇ║ tests\release\contract.spec.ts:18:5 ΓÇ║ representative release routes come from the independent 38-route contract (11ms)
  ok  26 [chromium] ΓÇ║ tests\release\contract.spec.ts:40:5 ΓÇ║ measurement server is production-equivalent: indexable, no preview notice, no analytics, delivery disabled (108ms)
  ok  27 [chromium] ΓÇ║ tests\release\contract.spec.ts:50:5 ΓÇ║ analytics-fixture measurement server is production-equivalent and references only the synthetic pa- script URL (71ms)
  ok  28 [chromium] ΓÇ║ tests\release\contract.spec.ts:59:5 ΓÇ║ saved hosted Plausible script is present and unchanged (required by the live-tracker payload suite) (12ms)
  ok  29 [chromium] ΓÇ║ tests\release\contract.spec.ts:64:5 ΓÇ║ client JavaScript for form pages does not ship location page copy (152ms)
  ok  30 [chromium] ΓÇ║ tests\release\contract.spec.ts:90:7 ΓÇ║ metadata is in <head> on the measurement build: / (326ms)
  ok  31 [chromium] ΓÇ║ tests\release\contract.spec.ts:90:7 ΓÇ║ metadata is in <head> on the measurement build: /contact (292ms)
  ok  32 [chromium] ΓÇ║ tests\release\contract.spec.ts:90:7 ΓÇ║ metadata is in <head> on the measurement build: /contact?service=repair (308ms)
  ok  33 [chromium] ΓÇ║ tests\release\contract.spec.ts:119:5 ΓÇ║ local preview server stays private and analytics-free (68ms)
  ok  34 [chromium] ΓÇ║ tests\release\contract.spec.ts:128:5 ΓÇ║ known-failure local server returns DELIVERY_FAILED and writes no receipt (36ms)
  ok  35 [chromium] ΓÇ║ tests\release\contract.spec.ts:136:5 ΓÇ║ no release build overwrote another running release server (120ms)
  ok  36 [chromium] ΓÇ║ tests\release\flows.spec.ts:32:5 ΓÇ║ home to contact assessment succeeds with a real local receipt and truthful confirmation (705ms)
  ok  37 [chromium] ΓÇ║ tests\release\flows.spec.ts:57:5 ΓÇ║ client validation blocks the request, focuses the error summary and links every invalid field (643ms)
  ok  38 [chromium] ΓÇ║ tests\release\flows.spec.ts:95:5 ΓÇ║ known delivery failure shows the safe failure message, keeps values and writes no receipt (602ms)
  ok  39 [chromium] ΓÇ║ tests\release\flows.spec.ts:117:7 ΓÇ║ unknown receipt (504 RECEIPT_UNKNOWN) allows one explicit retry with the same request ID and body (2.1s)
  ok  40 [chromium] ΓÇ║ tests\release\flows.spec.ts:117:7 ΓÇ║ unknown receipt (lost connection) allows one explicit retry with the same request ID and body (2.1s)
  ok  41 [chromium] ΓÇ║ tests\release\flows.spec.ts:149:5 ΓÇ║ emergency direct entry keeps heading, urgency, submit label, payload and confirmation consistent (552ms)
  ok  42 [chromium] ΓÇ║ tests\release\flows.spec.ts:166:5 ΓÇ║ emergency context agrees through client navigation, back/forward and an explicit switch to routine (826ms)
  ok  43 [chromium] ΓÇ║ tests\release\flows.spec.ts:205:5 ΓÇ║ keyboard-only completion submits the assessment with no hidden focus (1.0s)
  ok  44 [chromium] ΓÇ║ tests\release\layout.spec.ts:44:9 ΓÇ║ no horizontal overflow at 390px: home / (472ms)
  ok  45 [chromium] ΓÇ║ tests\release\layout.spec.ts:44:9 ΓÇ║ no horizontal overflow at 390px: contact /contact (360ms)
  ok  46 [chromium] ΓÇ║ tests\release\layout.spec.ts:44:9 ΓÇ║ no horizontal overflow at 390px: services /services (290ms)
  ok  47 [chromium] ΓÇ║ tests\release\layout.spec.ts:44:9 ΓÇ║ no horizontal overflow at 390px: serviceDetail /services/access-control (338ms)
  ok  48 [chromium] ΓÇ║ tests\release\layout.spec.ts:44:9 ΓÇ║ no horizontal overflow at 390px: industry /industries/hoa-gated-communities (332ms)
  ok  49 [chromium] ΓÇ║ tests\release\layout.spec.ts:44:9 ΓÇ║ no horizontal overflow at 390px: area /service-areas/orlando (338ms)
  ok  50 [chromium] ΓÇ║ tests\release\layout.spec.ts:44:9 ΓÇ║ no horizontal overflow at 390px: article /resources/how-much-does-an-automatic-gate-cost (309ms)
  ok  51 [chromium] ΓÇ║ tests\release\layout.spec.ts:44:9 ΓÇ║ no horizontal overflow at 1440px: home / (614ms)
  ok  52 [chromium] ΓÇ║ tests\release\layout.spec.ts:44:9 ΓÇ║ no horizontal overflow at 1440px: contact /contact (429ms)
  ok  53 [chromium] ΓÇ║ tests\release\layout.spec.ts:44:9 ΓÇ║ no horizontal overflow at 1440px: services /services (351ms)
  ok  54 [chromium] ΓÇ║ tests\release\layout.spec.ts:44:9 ΓÇ║ no horizontal overflow at 1440px: serviceDetail /services/access-control (361ms)
  ok  55 [chromium] ΓÇ║ tests\release\layout.spec.ts:44:9 ΓÇ║ no horizontal overflow at 1440px: industry /industries/hoa-gated-communities (351ms)
  ok  56 [chromium] ΓÇ║ tests\release\layout.spec.ts:44:9 ΓÇ║ no horizontal overflow at 1440px: area /service-areas/orlando (357ms)
  ok  57 [chromium] ΓÇ║ tests\release\layout.spec.ts:44:9 ΓÇ║ no horizontal overflow at 1440px: article /resources/how-much-does-an-automatic-gate-cost (329ms)
  ok  58 [chromium] ΓÇ║ tests\release\layout.spec.ts:66:7 ΓÇ║ 200% zoom equivalent keeps content reflowed and the form usable (849ms)
  ok  59 [chromium] ΓÇ║ tests\release\layout.spec.ts:66:7 ΓÇ║ 400% reflow equivalent keeps content reflowed and the form usable (505ms)
  ok  60 [chromium] ΓÇ║ tests\release\layout.spec.ts:102:5 ΓÇ║ prefers-reduced-motion removes animations and transitions that exist without it (551ms)
  ok  61 [chromium] ΓÇ║ tests\release\layout.spec.ts:128:7 ΓÇ║ axe: no critical or serious violations on home / (933ms)
  ok  62 [chromium] ΓÇ║ tests\release\layout.spec.ts:128:7 ΓÇ║ axe: no critical or serious violations on contact /contact (851ms)
  ok  63 [chromium] ΓÇ║ tests\release\layout.spec.ts:128:7 ΓÇ║ axe: no critical or serious violations on services /services (812ms)
  ok  64 [chromium] ΓÇ║ tests\release\layout.spec.ts:128:7 ΓÇ║ axe: no critical or serious violations on serviceDetail /services/access-control (1.0s)
  ok  65 [chromium] ΓÇ║ tests\release\layout.spec.ts:128:7 ΓÇ║ axe: no critical or serious violations on industry /industries/hoa-gated-communities (966ms)
  ok  66 [chromium] ΓÇ║ tests\release\layout.spec.ts:128:7 ΓÇ║ axe: no critical or serious violations on area /service-areas/orlando (1.0s)
  ok  67 [chromium] ΓÇ║ tests\release\layout.spec.ts:128:7 ΓÇ║ axe: no critical or serious violations on article /resources/how-much-does-an-automatic-gate-cost (864ms)
  ok  68 [firefox] ΓÇ║ tests\release\support\analytics-suite.ts:104:7 ΓÇ║ live tracker ΓÇ║ manual pageviews only: one sanitized URL per navigation, hostile query strings and unknown routes (8.5s)
  ok  69 [firefox] ΓÇ║ tests\release\support\analytics-suite.ts:140:7 ΓÇ║ live tracker ΓÇ║ referrer is reduced to an origin or removed, never a full URL (1.7s)
  ok  70 [firefox] ΓÇ║ tests\release\support\analytics-suite.ts:152:7 ΓÇ║ live tracker ΓÇ║ CTA, maintenance and emergency call clicks send only placement/category properties (7.5s)
  ok  71 [firefox] ΓÇ║ tests\release\support\analytics-suite.ts:185:7 ΓÇ║ live tracker ΓÇ║ form start, validation error, submit attempt and delivery error fire once each with categorical properties (6.3s)
  ok  72 [firefox] ΓÇ║ tests\release\support\analytics-suite.ts:219:7 ΓÇ║ live tracker ΓÇ║ Lead Submitted fires exactly once per logical request, including an unknown receipt followed by a successful retry (6.8s)
  ok  73 [firefox] ΓÇ║ tests\release\support\analytics-suite.ts:275:9 ΓÇ║ live tracker ΓÇ║ analytics failure never changes the form outcome: working analytics (baseline) (2.1s)
  ok  74 [firefox] ΓÇ║ tests\release\support\analytics-suite.ts:275:9 ΓÇ║ live tracker ΓÇ║ analytics failure never changes the form outcome: event endpoint failing (2.0s)
  ok  75 [firefox] ΓÇ║ tests\release\support\analytics-suite.ts:275:9 ΓÇ║ live tracker ΓÇ║ analytics failure never changes the form outcome: tracker script failing to load (2.0s)
  ok  76 [firefox] ΓÇ║ tests\release\support\analytics-suite.ts:275:9 ΓÇ║ live tracker ΓÇ║ analytics failure never changes the form outcome: tracker script throwing (2.2s)
  ok  77 [firefox] ΓÇ║ tests\release\support\analytics-suite.ts:275:9 ΓÇ║ live tracker ΓÇ║ analytics failure never changes the form outcome: window.plausible throwing on every call (3.1s)
  ok  78 [firefox] ΓÇ║ tests\release\support\analytics-suite.ts:321:7 ΓÇ║ live tracker ΓÇ║ dashboard-default automatic events (form submission, outbound link, file download) never produce a POST (3.2s)
  ok  79 [firefox] ΓÇ║ tests\release\analytics.spec.ts:10:5 ΓÇ║ no analytics script or events in local preview or in the analytics-disabled measurement build (4.1s)
  ok  80 [firefox] ΓÇ║ tests\release\flows.spec.ts:32:5 ΓÇ║ home to contact assessment succeeds with a real local receipt and truthful confirmation (1.3s)
  ok  81 [firefox] ΓÇ║ tests\release\flows.spec.ts:57:5 ΓÇ║ client validation blocks the request, focuses the error summary and links every invalid field (1.1s)
  ok  82 [firefox] ΓÇ║ tests\release\flows.spec.ts:95:5 ΓÇ║ known delivery failure shows the safe failure message, keeps values and writes no receipt (1.3s)
  ok  83 [firefox] ΓÇ║ tests\release\flows.spec.ts:117:7 ΓÇ║ unknown receipt (504 RECEIPT_UNKNOWN) allows one explicit retry with the same request ID and body (2.5s)
  ok  84 [firefox] ΓÇ║ tests\release\flows.spec.ts:117:7 ΓÇ║ unknown receipt (lost connection) allows one explicit retry with the same request ID and body (2.7s)
  ok  85 [firefox] ΓÇ║ tests\release\flows.spec.ts:149:5 ΓÇ║ emergency direct entry keeps heading, urgency, submit label, payload and confirmation consistent (1.1s)
  ok  86 [firefox] ΓÇ║ tests\release\flows.spec.ts:166:5 ΓÇ║ emergency context agrees through client navigation, back/forward and an explicit switch to routine (2.6s)
  ok  87 [firefox] ΓÇ║ tests\release\flows.spec.ts:205:5 ΓÇ║ keyboard-only completion submits the assessment with no hidden focus (2.7s)
  ok  88 [firefox] ΓÇ║ tests\release\layout.spec.ts:44:9 ΓÇ║ no horizontal overflow at 390px: home / (609ms)
  ok  89 [firefox] ΓÇ║ tests\release\layout.spec.ts:44:9 ΓÇ║ no horizontal overflow at 390px: contact /contact (584ms)
  ok  90 [firefox] ΓÇ║ tests\release\layout.spec.ts:44:9 ΓÇ║ no horizontal overflow at 390px: services /services (550ms)
  ok  91 [firefox] ΓÇ║ tests\release\layout.spec.ts:44:9 ΓÇ║ no horizontal overflow at 390px: serviceDetail /services/access-control (650ms)
  ok  92 [firefox] ΓÇ║ tests\release\layout.spec.ts:44:9 ΓÇ║ no horizontal overflow at 390px: industry /industries/hoa-gated-communities (599ms)
  ok  93 [firefox] ΓÇ║ tests\release\layout.spec.ts:44:9 ΓÇ║ no horizontal overflow at 390px: area /service-areas/orlando (634ms)
  ok  94 [firefox] ΓÇ║ tests\release\layout.spec.ts:44:9 ΓÇ║ no horizontal overflow at 390px: article /resources/how-much-does-an-automatic-gate-cost (499ms)
  ok  95 [firefox] ΓÇ║ tests\release\layout.spec.ts:44:9 ΓÇ║ no horizontal overflow at 1440px: home / (695ms)
  ok  96 [firefox] ΓÇ║ tests\release\layout.spec.ts:44:9 ΓÇ║ no horizontal overflow at 1440px: contact /contact (590ms)
  ok  97 [firefox] ΓÇ║ tests\release\layout.spec.ts:44:9 ΓÇ║ no horizontal overflow at 1440px: services /services (1.7s)
  ok  98 [firefox] ΓÇ║ tests\release\layout.spec.ts:44:9 ΓÇ║ no horizontal overflow at 1440px: serviceDetail /services/access-control (571ms)
  ok  99 [firefox] ΓÇ║ tests\release\layout.spec.ts:44:9 ΓÇ║ no horizontal overflow at 1440px: industry /industries/hoa-gated-communities (554ms)
  ok 100 [firefox] ΓÇ║ tests\release\layout.spec.ts:44:9 ΓÇ║ no horizontal overflow at 1440px: area /service-areas/orlando (577ms)
  ok 101 [firefox] ΓÇ║ tests\release\layout.spec.ts:44:9 ΓÇ║ no horizontal overflow at 1440px: article /resources/how-much-does-an-automatic-gate-cost (524ms)
  ok 102 [firefox] ΓÇ║ tests\release\layout.spec.ts:66:7 ΓÇ║ 200% zoom equivalent keeps content reflowed and the form usable (1.9s)
  ok 103 [firefox] ΓÇ║ tests\release\layout.spec.ts:66:7 ΓÇ║ 400% reflow equivalent keeps content reflowed and the form usable (1.1s)
  ok 104 [firefox] ΓÇ║ tests\release\layout.spec.ts:102:5 ΓÇ║ prefers-reduced-motion removes animations and transitions that exist without it (1.4s)
  ok 105 [firefox] ΓÇ║ tests\release\layout.spec.ts:128:7 ΓÇ║ axe: no critical or serious violations on home / (2.4s)
  ok 106 [firefox] ΓÇ║ tests\release\layout.spec.ts:128:7 ΓÇ║ axe: no critical or serious violations on contact /contact (1.5s)
  ok 107 [firefox] ΓÇ║ tests\release\layout.spec.ts:128:7 ΓÇ║ axe: no critical or serious violations on services /services (1.3s)
  ok 108 [firefox] ΓÇ║ tests\release\layout.spec.ts:128:7 ΓÇ║ axe: no critical or serious violations on serviceDetail /services/access-control (1.7s)
  ok 109 [firefox] ΓÇ║ tests\release\layout.spec.ts:128:7 ΓÇ║ axe: no critical or serious violations on industry /industries/hoa-gated-communities (1.7s)
  ok 110 [firefox] ΓÇ║ tests\release\layout.spec.ts:128:7 ΓÇ║ axe: no critical or serious violations on area /service-areas/orlando (1.6s)
  ok 111 [firefox] ΓÇ║ tests\release\layout.spec.ts:128:7 ΓÇ║ axe: no critical or serious violations on article /resources/how-much-does-an-automatic-gate-cost (1.7s)
  ok 112 [webkit] ΓÇ║ tests\release\support\analytics-suite.ts:104:7 ΓÇ║ live tracker ΓÇ║ manual pageviews only: one sanitized URL per navigation, hostile query strings and unknown routes (6.9s)
  ok 113 [webkit] ΓÇ║ tests\release\support\analytics-suite.ts:140:7 ΓÇ║ live tracker ΓÇ║ referrer is reduced to an origin or removed, never a full URL (1.5s)
  ok 114 [webkit] ΓÇ║ tests\release\support\analytics-suite.ts:152:7 ΓÇ║ live tracker ΓÇ║ CTA, maintenance and emergency call clicks send only placement/category properties (8.5s)
  ok 115 [webkit] ΓÇ║ tests\release\support\analytics-suite.ts:185:7 ΓÇ║ live tracker ΓÇ║ form start, validation error, submit attempt and delivery error fire once each with categorical properties (7.0s)
  ok 116 [webkit] ΓÇ║ tests\release\support\analytics-suite.ts:219:7 ΓÇ║ live tracker ΓÇ║ Lead Submitted fires exactly once per logical request, including an unknown receipt followed by a successful retry (6.6s)
  ok 117 [webkit] ΓÇ║ tests\release\support\analytics-suite.ts:275:9 ΓÇ║ live tracker ΓÇ║ analytics failure never changes the form outcome: working analytics (baseline) (2.1s)
  ok 118 [webkit] ΓÇ║ tests\release\support\analytics-suite.ts:275:9 ΓÇ║ live tracker ΓÇ║ analytics failure never changes the form outcome: event endpoint failing (2.1s)
  ok 119 [webkit] ΓÇ║ tests\release\support\analytics-suite.ts:275:9 ΓÇ║ live tracker ΓÇ║ analytics failure never changes the form outcome: tracker script failing to load (2.1s)
  ok 120 [webkit] ΓÇ║ tests\release\support\analytics-suite.ts:275:9 ΓÇ║ live tracker ΓÇ║ analytics failure never changes the form outcome: tracker script throwing (2.1s)
  ok 121 [webkit] ΓÇ║ tests\release\support\analytics-suite.ts:275:9 ΓÇ║ live tracker ΓÇ║ analytics failure never changes the form outcome: window.plausible throwing on every call (2.2s)
  ok 122 [webkit] ΓÇ║ tests\release\support\analytics-suite.ts:321:7 ΓÇ║ live tracker ΓÇ║ dashboard-default automatic events (form submission, outbound link, file download) never produce a POST (3.6s)
  ok 123 [webkit] ΓÇ║ tests\release\analytics.spec.ts:10:5 ΓÇ║ no analytics script or events in local preview or in the analytics-disabled measurement build (3.9s)
  ok 124 [webkit] ΓÇ║ tests\release\flows.spec.ts:32:5 ΓÇ║ home to contact assessment succeeds with a real local receipt and truthful confirmation (1.1s)
  ok 125 [webkit] ΓÇ║ tests\release\flows.spec.ts:57:5 ΓÇ║ client validation blocks the request, focuses the error summary and links every invalid field (1.3s)
  ok 126 [webkit] ΓÇ║ tests\release\flows.spec.ts:95:5 ΓÇ║ known delivery failure shows the safe failure message, keeps values and writes no receipt (981ms)
  ok 127 [webkit] ΓÇ║ tests\release\flows.spec.ts:117:7 ΓÇ║ unknown receipt (504 RECEIPT_UNKNOWN) allows one explicit retry with the same request ID and body (2.6s)
  ok 128 [webkit] ΓÇ║ tests\release\flows.spec.ts:117:7 ΓÇ║ unknown receipt (lost connection) allows one explicit retry with the same request ID and body (2.6s)
  ok 129 [webkit] ΓÇ║ tests\release\flows.spec.ts:149:5 ΓÇ║ emergency direct entry keeps heading, urgency, submit label, payload and confirmation consistent (932ms)
  ok 130 [webkit] ΓÇ║ tests\release\flows.spec.ts:166:5 ΓÇ║ emergency context agrees through client navigation, back/forward and an explicit switch to routine (1.7s)
  ok 131 [webkit] ΓÇ║ tests\release\flows.spec.ts:205:5 ΓÇ║ keyboard-only completion submits the assessment with no hidden focus (1.7s)
  ok 132 [webkit] ΓÇ║ tests\release\layout.spec.ts:44:9 ΓÇ║ no horizontal overflow at 390px: home / (530ms)
  ok 133 [webkit] ΓÇ║ tests\release\layout.spec.ts:44:9 ΓÇ║ no horizontal overflow at 390px: contact /contact (533ms)
  ok 134 [webkit] ΓÇ║ tests\release\layout.spec.ts:44:9 ΓÇ║ no horizontal overflow at 390px: services /services (408ms)
  ok 135 [webkit] ΓÇ║ tests\release\layout.spec.ts:44:9 ΓÇ║ no horizontal overflow at 390px: serviceDetail /services/access-control (464ms)
  ok 136 [webkit] ΓÇ║ tests\release\layout.spec.ts:44:9 ΓÇ║ no horizontal overflow at 390px: industry /industries/hoa-gated-communities (460ms)
  ok 137 [webkit] ΓÇ║ tests\release\layout.spec.ts:44:9 ΓÇ║ no horizontal overflow at 390px: area /service-areas/orlando (509ms)
  ok 138 [webkit] ΓÇ║ tests\release\layout.spec.ts:44:9 ΓÇ║ no horizontal overflow at 390px: article /resources/how-much-does-an-automatic-gate-cost (460ms)
  ok 139 [webkit] ΓÇ║ tests\release\layout.spec.ts:44:9 ΓÇ║ no horizontal overflow at 1440px: home / (737ms)
  ok 140 [webkit] ΓÇ║ tests\release\layout.spec.ts:44:9 ΓÇ║ no horizontal overflow at 1440px: contact /contact (597ms)
  ok 141 [webkit] ΓÇ║ tests\release\layout.spec.ts:44:9 ΓÇ║ no horizontal overflow at 1440px: services /services (480ms)
  ok 142 [webkit] ΓÇ║ tests\release\layout.spec.ts:44:9 ΓÇ║ no horizontal overflow at 1440px: serviceDetail /services/access-control (501ms)
  ok 143 [webkit] ΓÇ║ tests\release\layout.spec.ts:44:9 ΓÇ║ no horizontal overflow at 1440px: industry /industries/hoa-gated-communities (567ms)
  ok 144 [webkit] ΓÇ║ tests\release\layout.spec.ts:44:9 ΓÇ║ no horizontal overflow at 1440px: area /service-areas/orlando (517ms)
  ok 145 [webkit] ΓÇ║ tests\release\layout.spec.ts:44:9 ΓÇ║ no horizontal overflow at 1440px: article /resources/how-much-does-an-automatic-gate-cost (458ms)
  ok 146 [webkit] ΓÇ║ tests\release\layout.spec.ts:66:7 ΓÇ║ 200% zoom equivalent keeps content reflowed and the form usable (1.3s)
  ok 147 [webkit] ΓÇ║ tests\release\layout.spec.ts:66:7 ΓÇ║ 400% reflow equivalent keeps content reflowed and the form usable (819ms)
  ok 148 [webkit] ΓÇ║ tests\release\layout.spec.ts:102:5 ΓÇ║ prefers-reduced-motion removes animations and transitions that exist without it (747ms)
  ok 149 [webkit] ΓÇ║ tests\release\layout.spec.ts:128:7 ΓÇ║ axe: no critical or serious violations on home / (1.1s)
  ok 150 [webkit] ΓÇ║ tests\release\layout.spec.ts:128:7 ΓÇ║ axe: no critical or serious violations on contact /contact (1.1s)
  ok 151 [webkit] ΓÇ║ tests\release\layout.spec.ts:128:7 ΓÇ║ axe: no critical or serious violations on services /services (1.0s)
  ok 152 [webkit] ΓÇ║ tests\release\layout.spec.ts:128:7 ΓÇ║ axe: no critical or serious violations on serviceDetail /services/access-control (1.3s)
  ok 153 [webkit] ΓÇ║ tests\release\layout.spec.ts:128:7 ΓÇ║ axe: no critical or serious violations on industry /industries/hoa-gated-communities (1.2s)
  ok 154 [webkit] ΓÇ║ tests\release\layout.spec.ts:128:7 ΓÇ║ axe: no critical or serious violations on area /service-areas/orlando (1.3s)
  ok 155 [webkit] ΓÇ║ tests\release\layout.spec.ts:128:7 ΓÇ║ axe: no critical or serious violations on article /resources/how-much-does-an-automatic-gate-cost (1.1s)

  155 passed (7.9m)

STDERR
 ΓÜá Using edge runtime on a page currently disables static generation for that page
 ΓÜá Using edge runtime on a page currently disables static generation for that page
 ΓÜá Using edge runtime on a page currently disables static generation for that page
(node:10204) Warning: The 'NO_COLOR' env is ignored due to the 'FORCE_COLOR' env being set.
(Use `node --trace-warnings ...` to show where the warning was created)
(node:39228) Warning: The 'NO_COLOR' env is ignored due to the 'FORCE_COLOR' env being set.
(Use `node --trace-warnings ...` to show where the warning was created)
(node:6328) Warning: The 'NO_COLOR' env is ignored due to the 'FORCE_COLOR' env being set.
(Use `node --trace-warnings ...` to show where the warning was created)
(node:20904) Warning: The 'NO_COLOR' env is ignored due to the 'FORCE_COLOR' env being set.
(Use `node --trace-warnings ...` to show where the warning was created)

CHECK test:release EXIT 0
TEST COUNTS test:release passed=155 rejected=0 report=C:\Python\florida-security-concepts\harness\evidence\S-006-test-release-20260915-074700-671-8242639fba904fdcb8995e7e4672cf4d.json
RESULT: ALL CHECKS PASSED (7/7)
