VERIFICATION session=S-006 run=20260914-223338-346-eaf7150d9c6149eb8ae8c99a788ebff4
Project=C:\Python\florida-security-concepts
Log=C:\Python\florida-security-concepts\harness\evidence\S-006-verify-20260914-223338-346-eaf7150d9c6149eb8ae8c99a788ebff4.log
Revision: 7ffea10df675eaf7cbd7147a8dfd351581c05524
Dirty files:
 M .gitignore
 M app/layout.tsx
 M app/page.tsx
 M components/CTASection.tsx
 M components/Footer.tsx
 M components/Header.tsx
 M components/Hero.tsx
 M components/LeadCaptureForm.tsx
 M harness/DECISIONS.md
 M harness/sessions/S-006-release-contract.md
 M harness/verification.json
 M next.config.mjs
 M package-lock.json
 M package.json
 M scripts/local-server.mjs
 M scripts/verify.ps1
 M sql/fsc-assessment-receipts.draft-runbook.md
 M tests/gate/runner.test.ts
 M tests/unit/preview-isolation.test.ts
 M tsconfig.json
?? %SystemDrive%/
?? harness/evidence/S-006-full-audit-20260915.json
?? harness/evidence/S-006-privacy-review.md
?? harness/evidence/S-006-production-audit-20260915.json
?? harness/evidence/S-006-verify-20260914-223338-346-eaf7150d9c6149eb8ae8c99a788ebff4.log
?? harness/evidence/adhoc-verify-2026-09-14_2217.log
?? harness/evidence/adhoc-verify-2026-09-14_2230.log
?? harness/fsc-crm/
?? lib/analytics/
?? playwright.release.config.ts
?? tests/release/
?? tests/unit/analytics-events.test.ts
?? tests/unit/analytics-region.test.ts
?? tests/unit/analytics-sanitize.test.ts
?? tests/unit/analytics-tracker.test.ts
?? tmp/
Node: v24.16.0
Dependency versions: {"@axe-core/playwright":"4.13.0","@plausible-analytics/tracker":"0.4.6","@playwright/test":"1.63.0","@types/node":"^20.14.10","@types/pg":"8.23.1","@types/react":"19.3.0","@types/react-dom":"19.3.0","autoprefixer":"^10.4.20","eslint":"^8.57.0","eslint-config-next":"15.5.25","lighthouse":"13.4.1","pg":"8.23.0","postcss":"8.5.28","tailwindcss":"^3.4.17","typescript":"^5.5.4","vitest":"4.1.11"}
CHECK lint COMMAND node ["node_modules/next/dist/bin/next","lint"]
STDOUT
Γ£ö No ESLint warnings or errors

STDERR
`next lint` is deprecated and will be removed in Next.js 16.
For new projects, use create-next-app to choose your preferred linter.
For existing projects, migrate to the ESLint CLI:
npx @next/codemod@canary next-lint-to-eslint-cli .


CHECK lint EXIT 0
CHECK typecheck COMMAND node ["node_modules/typescript/bin/tsc","--noEmit"]
STDOUT

STDERR

CHECK typecheck EXIT 0
CHECK test:unit COMMAND node ["node_modules/vitest/vitest.mjs","run"]
STDOUT

 RUN  v4.1.11 C:/Python/florida-security-concepts

 Γ£ô tests/unit/source-digest.test.ts (42 tests) 92ms
stdout | tests/unit/delivery-safety.test.ts > hosted preview and production boundaries > control: a production deployment loads the coordinator once and passes the trusted-header digest (never x-forwarded-for)
[lead-delivery] { result: 'received', mode: 'resend+supabase' }

stdout | tests/unit/delivery-safety.test.ts > hosted preview and production boundaries > missing production configuration (dependencies refuse) returns 503 CONFIGURATION and never runs the coordinator
[lead-delivery] { result: 'unavailable', mode: 'resend+supabase' }

stdout | tests/unit/delivery-safety.test.ts > hosted preview and production boundaries > an unexpected coordinator rejection is reported as 504 RECEIPT_UNKNOWN, never a known failure (D-023)
[lead-delivery] { result: 'unavailable', mode: 'resend+supabase' }

 Γ£ô tests/unit/delivery-safety.test.ts (19 tests) 149ms
 Γ£ô tests/unit/validation.test.ts (21 tests) 23ms
 Γ£ô tests/unit/contract.test.ts (30 tests) 27ms
 Γ£ô tests/unit/analytics-region.test.ts (5 tests) 240ms
 Γ£ô tests/unit/analytics-sanitize.test.ts (116 tests) 66ms
 Γ£ô tests/unit/analytics-events.test.ts (77 tests) 71ms
 Γ£ô tests/unit/analytics-tracker.test.ts (8 tests) 432ms
 Γ£ô tests/unit/route-unexpected-error.test.ts (2 tests) 35ms
 Γ£ô tests/unit/endpoint.test.ts (21 tests) 78ms
 Γ£ô tests/unit/envelope-content.test.ts (7 tests) 25ms
 Γ£ô tests/unit/production-dispatch.test.ts (11 tests) 519ms
     Γ£ô PRIME_SUPABASE_URL missing ΓåÆ 503 CONFIGURATION before any RPC or send  474ms
 Γ£ô tests/unit/preview-isolation.test.ts (20 tests) 650ms
 Γ£ô tests/unit/local-receipt.test.ts (11 tests) 742ms
   Γ£ô concurrent independent processes and a restarted process create only one receipt  614ms

 Test Files  14 passed (14)
      Tests  390 passed (390)
   Start at  22:33:44
   Duration  1.78s (transform 3.47s, setup 0ms, import 4.70s, tests 3.15s, environment 5ms)

JSON report written to C:/Python/florida-security-concepts/harness/evidence/S-006-test-unit-20260914-223338-346-eaf7150d9c6149eb8ae8c99a788ebff4.json

STDERR
(!) Your Vite config uses features that are unsupported by `configLoader: 'native'`, which is planned to become the default in a future major version of Vite:
  - ESM syntax in a file loaded as CommonJS (vitest.config.ts:1:1). Use a `.mjs` extension or set `"type": "module"` in the closest package.json
Set `VITE_CONFIG_NATIVE_IGNORE_WARNING=true` to suppress this warning.

CHECK test:unit EXIT 0
TEST COUNTS test:unit passed=390 rejected=0 report=C:\Python\florida-security-concepts\harness\evidence\S-006-test-unit-20260914-223338-346-eaf7150d9c6149eb8ae8c99a788ebff4.json
CHECK test:gate COMMAND node ["node_modules/vitest/vitest.mjs","run","--config","vitest.gate.config.ts"]
STDOUT

 RUN  v4.1.11 C:/Python/florida-security-concepts

 Γ£ô tests/gate/network.test.ts (1 test) 194ms
 Γ£ô tests/gate/isolation.test.ts (1 test) 258ms
 Γ£ô tests/gate/lease-racing.test.ts (14 tests) 23767ms
     Γ£ô six separate node processes race one claim: exactly one CLAIMED, five BUSY, and the stored token is the winner  1340ms
     Γ£ô after the winner dies (lease expiry) four processes race the reclaim: exactly one wins with the identical key and envelope  1444ms
 Γ£ô tests/gate/isolation-acl.test.ts (12 tests) 23993ms
     Γ£ô authenticated cannot execute any fsc function (catalog-discovered) and execution is denied  301ms
     Γ£ô control: in this cluster an unrevoked new public function IS executable by anon (so the denials above are earned)  2921ms
 Γ£ô tests/gate/receipt-lifecycle.test.ts (37 tests) 27029ms
     Γ£ô lead insert and effect update commit together (fault injection: effect update fails after the insert)  3618ms
 Γ£ô tests/gate/postgres-reliability.test.ts (5 tests) 32196ms
     Γ£ô is the pinned 17.11 server listening only on loopback in its own synthetic data directory  2745ms
     Γ£ô receipt migration refuses to run twice and leaves the existing schema untouched  3777ms
     Γ£ô receipt migration refuses a database without exactly one active FSC account and creates nothing  2347ms
     Γ£ô server process crash (pg_ctl immediate stop) mid-lease preserves committed state; restart recovers with the same key and envelope  8221ms
 Γ£ô tests/gate/admission-rate-limit.test.ts (21 tests) 33323ms
     Γ£ô five processes creating the same new ID with the same source produce one receipt and charge once  1417ms
     Γ£ô five processes creating the same new ID from five different sources charge exactly one admission in total  1369ms
     Γ£ô four processes submitting 8 distinct new IDs each from one source admit exactly 20 and rate-limit the other 12  1012ms
     Γ£ô repeated concurrent expiry + cleanup of counters while new IDs are admitted never produces an error in any process  4056ms
     Γ£ô a create that fails after admission rolls back both the charge and the receipt (fault injection on effect insert)  1891ms
     Γ£ô cleanup deletes only this account's expired counters and never touches receipts, effects, leads or payloads due for purge  1391ms
stdout | tests/gate/coordinator-receipts.test.ts > route ΓåÆ dispatcher ΓåÆ coordinator (production configuration) > without an HMAC key a new request is refused 503 with no receipt, while an earlier uncertain receipt still reconciles to 200 (D-023)
[lead-delivery] { result: 'unavailable', mode: 'resend+supabase' }

stdout | tests/gate/coordinator-receipts.test.ts > route ΓåÆ dispatcher ΓåÆ coordinator (production configuration) > without an HMAC key a new request is refused 503 with no receipt, while an earlier uncertain receipt still reconciles to 200 (D-023)
[lead-delivery] { result: 'received', mode: 'resend+supabase' }

stdout | tests/gate/coordinator-receipts.test.ts > route ΓåÆ dispatcher ΓåÆ coordinator (production configuration) > without an HMAC key a new request is refused 503 with no receipt, while an earlier uncertain receipt still reconciles to 200 (D-023)
[lead-delivery] { result: 'unavailable', mode: 'resend+supabase' }

stdout | tests/gate/coordinator-receipts.test.ts > route ΓåÆ dispatcher ΓåÆ coordinator (production configuration) > ignores spoofable x-forwarded-for / x-real-ip: without the Vercel header a new request is refused 503 with no receipt or send
[lead-delivery] { result: 'unavailable', mode: 'resend+supabase' }

stdout | tests/gate/coordinator-receipts.test.ts > route ΓåÆ dispatcher ΓåÆ coordinator (production configuration) > IPv4-mapped IPv6 shares the IPv4 counter and a full counter returns 429 with a Retry-After header
[lead-delivery] { result: 'unavailable', mode: 'resend+supabase' }

 Γ£ô tests/gate/coordinator-receipts.test.ts (38 tests) 36067ms
     Γ£ô success: one company send (claim key, stored envelope, approved inbox), one Prime lead, customer copy when enabled  301ms
     Γ£ô a send that never answers is aborted at the 8 s cap ΓåÆ 504; the same-ID retry reuses the key/envelope and records success once  8056ms
     Γ£ô the send abort reserves 1 s of the server budget so the uncertain outcome is still recorded (review M-6)  4009ms
     Γ£ô an inactive account ΓåÆ 503 CONFIGURATION with no send and no receipt  1643ms
 Γ£ô tests/gate/schedule-health.test.ts (19 tests) 40566ms
     Γ£ô (simulation) creates exactly one FSC minute job with the exact cleanup command and leaves other jobs untouched  3182ms
     Γ£ô (simulation) re-running is idempotent: still one job with the same jobid  3184ms
     Γ£ô (simulation) refuses a conflicting same-name job with a different command and changes nothing  2287ms
     Γ£ô (simulation) refuses a conflicting same-name job with a different schedule and changes nothing  2339ms
     Γ£ô (simulation) with pg_cron absent the script attempts CREATE EXTENSION, fails in this runtime and commits no job  1826ms
     Γ£ô (simulation) refuses to run before the receipts migration and creates no job  1558ms
     Γ£ô (simulation) preflight refuses when the FSC account domain does not match and creates no job (D-023 M-8)  1880ms
     Γ£ô (simulation) preflight refuses when a private table is missing and creates no job (D-023 M-8)  1315ms
     Γ£ô (simulation) preflight refuses when the account resolver function is missing and creates no job (D-023 M-8)  1766ms
     Γ£ô (simulation) the stored job command, executed as the scheduler would, purges due receipts and deletes expired counters only  1559ms
 Γ£ô tests/gate/runner.test.ts (18 tests) 50253ms
     Γ£ô rejects unknown session  1257ms
     Γ£ô rejects a missing package script  1495ms
     Γ£ô rejects empty passing report  2236ms
     Γ£ô rejects skipped tests  4013ms
     Γ£ô rejects missing reports  3737ms
     Γ£ô propagates child failure  3284ms
     Γ£ô malformed manifest fails with visible diagnostic  2534ms
     Γ£ô runs valid checks and preserves both streams in unique raw logs  9743ms
       Γ£ô S-006 fails when the manifest omits test:release  1561ms
       Γ£ô S-006 passes with a Playwright-format test:release report (control for the rejections below)  3876ms
       Γ£ô rejects test:release registered with the vitest report contract even when the vitest report is green  1659ms
       Γ£ô rejects a vitest-format report file produced for a playwright-contract test:release  3154ms
       Γ£ô rejects a Playwright release report with zero results  2904ms
       Γ£ô rejects a Playwright release report with skipped results  1745ms
       Γ£ô rejects a Playwright release report with flaky results  1560ms
       Γ£ô rejects a Playwright release report with unexpected results  1892ms
       Γ£ô rejects a Playwright release report with errors results  1593ms
     Γ£ô timeout stops only its owned process tree  2003ms

 Test Files  10 passed (10)
      Tests  166 passed (166)
   Start at  22:33:47
   Duration  51.60s (transform 1.68s, setup 0ms, import 3.98s, tests 267.65s, environment 3ms)

JSON report written to C:/Python/florida-security-concepts/harness/evidence/S-006-test-gate-20260914-223338-346-eaf7150d9c6149eb8ae8c99a788ebff4.json

STDERR
(!) Your Vite config uses features that are unsupported by `configLoader: 'native'`, which is planned to become the default in a future major version of Vite:
  - ESM syntax in a file loaded as CommonJS (vitest.gate.config.ts:1:1). Use a `.mjs` extension or set `"type": "module"` in the closest package.json
Set `VITE_CONFIG_NATIVE_IGNORE_WARNING=true` to suppress this warning.
stderr | tests/gate/coordinator-receipts.test.ts > secondary effects never change primary success > Prime record failure keeps 200; retries while leased insert nothing; a later retry records exactly one lead and never resends company
[lead-receipt] prime_pending

stderr | tests/gate/coordinator-receipts.test.ts > secondary effects never change primary success > Prime claim transport error keeps 200 and the next retry records one lead
[lead-receipt] prime_pending


CHECK test:gate EXIT 0
TEST COUNTS test:gate passed=166 rejected=0 report=C:\Python\florida-security-concepts\harness\evidence\S-006-test-gate-20260914-223338-346-eaf7150d9c6149eb8ae8c99a788ebff4.json
CHECK build COMMAND node ["node_modules/next/dist/bin/next","build"]
STDOUT
   Γû▓ Next.js 15.5.25

   Creating an optimized production build ...
 Γ£ô Compiled successfully in 7.9s
   Linting and checking validity of types ...
   Collecting page data ...
   Generating static pages (0/43) ...
   Generating static pages (10/43) 
   Generating static pages (21/43) 
   Generating static pages (32/43) 
 Γ£ô Generating static pages (43/43)
   Finalizing page optimization ...
   Collecting build traces ...

Route (app)                                                 Size  First Load JS
Γöî Γùï /                                                      165 B         106 kB
Γö£ Γùï /_not-found                                            140 B         103 kB
Γö£ ╞Æ /api/leads                                             140 B         103 kB
Γö£ ╞Æ /apple-icon                                            140 B         103 kB
Γö£ ╞Æ /contact                                               165 B         116 kB
Γö£ ╞Æ /icon                                                  140 B         103 kB
Γö£ Γùï /industries                                            170 B         106 kB
Γö£ ΓùÅ /industries/[slug]                                     923 B         117 kB
Γö£   Γö£ /industries/hoa-gated-communities
Γö£   Γö£ /industries/multifamily-apartments-condos
Γö£   Γö£ /industries/storage-facilities
Γö£   Γöö [+4 more paths]
Γö£ ╞Æ /opengraph-image                                       140 B         103 kB
Γö£ Γùï /resources                                             170 B         106 kB
Γö£ ΓùÅ /resources/[slug]                                      900 B         107 kB
Γö£   Γö£ /resources/how-much-does-an-automatic-gate-cost
Γö£   Γö£ /resources/best-access-control-system-for-hoa
Γö£   Γö£ /resources/storage-facility-security-camera-guide
Γö£   Γöö [+2 more paths]
Γö£ Γùï /robots.txt                                            140 B         103 kB
Γö£ Γùï /service-areas                                         170 B         106 kB
Γö£ ΓùÅ /service-areas/[slug]                                  923 B         117 kB
Γö£   Γö£ /service-areas/orlando
Γö£   Γö£ /service-areas/tampa
Γö£   Γö£ /service-areas/lakeland
Γö£   Γöö [+11 more paths]
Γö£ Γùï /services                                              170 B         106 kB
Γö£ ΓùÅ /services/[slug]                                       923 B         117 kB
Γö£   Γö£ /services/security-gate-systems
Γö£   Γö£ /services/gate-automation
Γö£   Γö£ /services/access-control
Γö£   Γöö [+3 more paths]
Γöö Γùï /sitemap.xml                                           140 B         103 kB
+ First Load JS shared by all                             103 kB
  Γö£ chunks/255-37e0f0325134c4d7.js                       46.4 kB
  Γö£ chunks/4bd1b696-c023c6e3521b1417.js                  54.2 kB
  Γöö other shared chunks (total)                          1.99 kB


Γùï  (Static)   prerendered as static content
ΓùÅ  (SSG)      prerendered as static HTML (uses generateStaticParams)
╞Æ  (Dynamic)  server-rendered on demand


STDERR
 ΓÜá Using edge runtime on a page currently disables static generation for that page

CHECK build EXIT 0
CHECK test:e2e COMMAND node ["node_modules/@playwright/test/cli.js","test"]
STDOUT
   Γû▓ Next.js 15.5.25

   Creating an optimized production build ...
 Γ£ô Compiled successfully in 7.2s
   Linting and checking validity of types ...
   Collecting page data ...
   Generating static pages (0/43) ...
   Generating static pages (10/43) 
   Generating static pages (21/43) 
   Generating static pages (32/43) 
 Γ£ô Generating static pages (43/43)
   Finalizing page optimization ...
   Collecting build traces ...

Route (app)                                                 Size  First Load JS
Γöî Γùï /                                                      165 B         106 kB
Γö£ Γùï /_not-found                                            140 B         103 kB
Γö£ ╞Æ /api/leads                                             140 B         103 kB
Γö£ ╞Æ /apple-icon                                            140 B         103 kB
Γö£ ╞Æ /contact                                               165 B         116 kB
Γö£ ╞Æ /icon                                                  140 B         103 kB
Γö£ Γùï /industries                                            170 B         106 kB
Γö£ ΓùÅ /industries/[slug]                                     923 B         117 kB
Γö£   Γö£ /industries/hoa-gated-communities
Γö£   Γö£ /industries/multifamily-apartments-condos
Γö£   Γö£ /industries/storage-facilities
Γö£   Γöö [+4 more paths]
Γö£ ╞Æ /opengraph-image                                       140 B         103 kB
Γö£ Γùï /resources                                             170 B         106 kB
Γö£ ΓùÅ /resources/[slug]                                      900 B         107 kB
Γö£   Γö£ /resources/how-much-does-an-automatic-gate-cost
Γö£   Γö£ /resources/best-access-control-system-for-hoa
Γö£   Γö£ /resources/storage-facility-security-camera-guide
Γö£   Γöö [+2 more paths]
Γö£ Γùï /robots.txt                                            140 B         103 kB
Γö£ Γùï /service-areas                                         170 B         106 kB
Γö£ ΓùÅ /service-areas/[slug]                                  923 B         117 kB
Γö£   Γö£ /service-areas/orlando
Γö£   Γö£ /service-areas/tampa
Γö£   Γö£ /service-areas/lakeland
Γö£   Γöö [+11 more paths]
Γö£ Γùï /services                                              170 B         106 kB
Γö£ ΓùÅ /services/[slug]                                       923 B         117 kB
Γö£   Γö£ /services/security-gate-systems
Γö£   Γö£ /services/gate-automation
Γö£   Γö£ /services/access-control
Γö£   Γöö [+3 more paths]
Γöö Γùï /sitemap.xml                                           140 B         103 kB
+ First Load JS shared by all                             103 kB
  Γö£ chunks/255-37e0f0325134c4d7.js                       46.4 kB
  Γö£ chunks/4bd1b696-c023c6e3521b1417.js                  54.2 kB
  Γöö other shared chunks (total)                          1.99 kB


Γùï  (Static)   prerendered as static content
ΓùÅ  (SSG)      prerendered as static HTML (uses generateStaticParams)
╞Æ  (Dynamic)  server-rendered on demand

   Γû▓ Next.js 15.5.25
   - Local:        http://127.0.0.1:3100
   - Network:      http://127.0.0.1:3100

 Γ£ô Starting...
 Γ£ô Ready in 476ms

Running 83 tests using 1 worker

  ok  1 tests\e2e\baseline.spec.ts:21:7 ΓÇ║ public route renders: / (702ms)
  ok  2 tests\e2e\baseline.spec.ts:21:7 ΓÇ║ public route renders: /contact (550ms)
  ok  3 tests\e2e\baseline.spec.ts:21:7 ΓÇ║ public route renders: /services (488ms)
  ok  4 tests\e2e\baseline.spec.ts:21:7 ΓÇ║ public route renders: /industries (529ms)
  ok  5 tests\e2e\baseline.spec.ts:21:7 ΓÇ║ public route renders: /service-areas (512ms)
  ok  6 tests\e2e\baseline.spec.ts:21:7 ΓÇ║ public route renders: /resources (541ms)
  ok  7 tests\e2e\baseline.spec.ts:21:7 ΓÇ║ public route renders: /services/security-gate-systems (587ms)
  ok  8 tests\e2e\baseline.spec.ts:21:7 ΓÇ║ public route renders: /services/gate-automation (589ms)
  ok  9 tests\e2e\baseline.spec.ts:21:7 ΓÇ║ public route renders: /services/access-control (593ms)
  ok 10 tests\e2e\baseline.spec.ts:21:7 ΓÇ║ public route renders: /services/video-surveillance (593ms)
  ok 11 tests\e2e\baseline.spec.ts:21:7 ΓÇ║ public route renders: /services/security-system-integration (587ms)
  ok 12 tests\e2e\baseline.spec.ts:21:7 ΓÇ║ public route renders: /services/emergency-service (608ms)
  ok 13 tests\e2e\baseline.spec.ts:21:7 ΓÇ║ public route renders: /industries/hoa-gated-communities (576ms)
  ok 14 tests\e2e\baseline.spec.ts:21:7 ΓÇ║ public route renders: /industries/multifamily-apartments-condos (676ms)
  ok 15 tests\e2e\baseline.spec.ts:21:7 ΓÇ║ public route renders: /industries/storage-facilities (548ms)
  ok 16 tests\e2e\baseline.spec.ts:21:7 ΓÇ║ public route renders: /industries/commercial-properties (677ms)
  ok 17 tests\e2e\baseline.spec.ts:21:7 ΓÇ║ public route renders: /industries/industrial-warehouses (699ms)
  ok 18 tests\e2e\baseline.spec.ts:21:7 ΓÇ║ public route renders: /industries/property-managers (653ms)
  ok 19 tests\e2e\baseline.spec.ts:21:7 ΓÇ║ public route renders: /industries/residential-estates (626ms)
  ok 20 tests\e2e\baseline.spec.ts:21:7 ΓÇ║ public route renders: /service-areas/orlando (493ms)
  ok 21 tests\e2e\baseline.spec.ts:21:7 ΓÇ║ public route renders: /service-areas/tampa (586ms)
  ok 22 tests\e2e\baseline.spec.ts:21:7 ΓÇ║ public route renders: /service-areas/lakeland (680ms)
  ok 23 tests\e2e\baseline.spec.ts:21:7 ΓÇ║ public route renders: /service-areas/kissimmee (626ms)
  ok 24 tests\e2e\baseline.spec.ts:21:7 ΓÇ║ public route renders: /service-areas/winter-garden (675ms)
  ok 25 tests\e2e\baseline.spec.ts:21:7 ΓÇ║ public route renders: /service-areas/clermont (610ms)
  ok 26 tests\e2e\baseline.spec.ts:21:7 ΓÇ║ public route renders: /service-areas/lake-mary (679ms)
  ok 27 tests\e2e\baseline.spec.ts:21:7 ΓÇ║ public route renders: /service-areas/sanford (754ms)
  ok 28 tests\e2e\baseline.spec.ts:21:7 ΓÇ║ public route renders: /service-areas/ocala (699ms)
  ok 29 tests\e2e\baseline.spec.ts:21:7 ΓÇ║ public route renders: /service-areas/the-villages (503ms)
  ok 30 tests\e2e\baseline.spec.ts:21:7 ΓÇ║ public route renders: /service-areas/st-petersburg (606ms)
  ok 31 tests\e2e\baseline.spec.ts:21:7 ΓÇ║ public route renders: /service-areas/clearwater (639ms)
  ok 32 tests\e2e\baseline.spec.ts:21:7 ΓÇ║ public route renders: /service-areas/brandon (667ms)
  ok 33 tests\e2e\baseline.spec.ts:21:7 ΓÇ║ public route renders: /service-areas/wesley-chapel (647ms)
  ok 34 tests\e2e\baseline.spec.ts:21:7 ΓÇ║ public route renders: /resources/how-much-does-an-automatic-gate-cost (640ms)
  ok 35 tests\e2e\baseline.spec.ts:21:7 ΓÇ║ public route renders: /resources/best-access-control-system-for-hoa (605ms)
  ok 36 tests\e2e\baseline.spec.ts:21:7 ΓÇ║ public route renders: /resources/storage-facility-security-camera-guide (498ms)
  ok 37 tests\e2e\baseline.spec.ts:21:7 ΓÇ║ public route renders: /resources/gate-automation-vs-access-control (414ms)
  ok 38 tests\e2e\baseline.spec.ts:21:7 ΓÇ║ public route renders: /resources/property-manager-security-system-checklist (474ms)
  ok 39 tests\e2e\baseline.spec.ts:32:5 ΓÇ║ homepage navigates to contact and submits through real local endpoint (865ms)
  ok 40 tests\e2e\baseline.spec.ts:55:5 ΓÇ║ empty assessment displays server validation instead of confirmation (478ms)
  ok 41 tests\e2e\compatibility.spec.ts:5:119 ΓÇ║ legacy prefill gate-automation (371ms)
  ok 42 tests\e2e\compatibility.spec.ts:5:119 ΓÇ║ legacy prefill emergency-service (353ms)
  ok 43 tests\e2e\compatibility.spec.ts:9:5 ΓÇ║ local receipts have no public listing or retrieval route (61ms)
  ok 44 tests\e2e\compatibility.spec.ts:13:5 ΓÇ║ reduced motion and simulated 200percent reflow preserve contact controls (408ms)
  ok 45 tests\e2e\form-recovery.spec.ts:9:5 ΓÇ║ simulated ambiguous response keeps values and logical ID for explicit retry (777ms)
  ok 46 tests\e2e\form-recovery.spec.ts:33:38 ΓÇ║ simulated 503 retains assessment input (932ms)
  ok 47 tests\e2e\form-recovery.spec.ts:33:38 ΓÇ║ simulated 429 retains assessment input (788ms)
  ok 48 tests\e2e\form-recovery.spec.ts:42:5 ΓÇ║ two rapid clicks submit one pending request (1.1s)
  ok 49 tests\e2e\preview.spec.ts:13:7 ΓÇ║ / layout at 320 (568ms)
  ok 50 tests\e2e\preview.spec.ts:13:7 ΓÇ║ /contact layout at 320 (525ms)
  ok 51 tests\e2e\preview.spec.ts:13:7 ΓÇ║ / layout at 390 (760ms)
  ok 52 tests\e2e\preview.spec.ts:13:7 ΓÇ║ /contact layout at 390 (575ms)
  ok 53 tests\e2e\preview.spec.ts:13:7 ΓÇ║ / layout at 768 (423ms)
  ok 54 tests\e2e\preview.spec.ts:13:7 ΓÇ║ /contact layout at 768 (388ms)
  ok 55 tests\e2e\preview.spec.ts:13:7 ΓÇ║ / layout at 1024 (416ms)
  ok 56 tests\e2e\preview.spec.ts:13:7 ΓÇ║ /contact layout at 1024 (367ms)
  ok 57 tests\e2e\preview.spec.ts:13:7 ΓÇ║ / layout at 1440 (715ms)
  ok 58 tests\e2e\preview.spec.ts:13:7 ΓÇ║ /contact layout at 1440 (525ms)
  ok 59 tests\e2e\preview.spec.ts:26:43 ΓÇ║ / automated accessibility (1.1s)
  ok 60 tests\e2e\preview.spec.ts:26:43 ΓÇ║ /contact automated accessibility (977ms)
  ok 61 tests\e2e\preview.spec.ts:31:5 ΓÇ║ emergency navigation preserves entered identity across history (583ms)
  ok 62 tests\e2e\preview.spec.ts:44:5 ΓÇ║ mobile menu Escape returns focus to its trigger (645ms)
  ok 63 tests\e2e\theme-continuity.spec.ts:40:7 ΓÇ║ shared theme services at 390 (1.6s)
  ok 64 tests\e2e\theme-continuity.spec.ts:40:7 ΓÇ║ shared theme service-detail at 390 (1.8s)
  ok 65 tests\e2e\theme-continuity.spec.ts:40:7 ΓÇ║ shared theme emergency at 390 (1.5s)
  ok 66 tests\e2e\theme-continuity.spec.ts:40:7 ΓÇ║ shared theme industries at 390 (1.1s)
  ok 67 tests\e2e\theme-continuity.spec.ts:40:7 ΓÇ║ shared theme industry-detail at 390 (1.4s)
  ok 68 tests\e2e\theme-continuity.spec.ts:40:7 ΓÇ║ shared theme areas at 390 (1.3s)
  ok 69 tests\e2e\theme-continuity.spec.ts:40:7 ΓÇ║ shared theme area-detail at 390 (2.0s)
  ok 70 tests\e2e\theme-continuity.spec.ts:40:7 ΓÇ║ shared theme resources at 390 (1.5s)
  ok 71 tests\e2e\theme-continuity.spec.ts:40:7 ΓÇ║ shared theme article at 390 (1.7s)
  ok 72 tests\e2e\theme-continuity.spec.ts:40:7 ΓÇ║ shared theme article-table at 390 (1.7s)
  ok 73 tests\e2e\theme-continuity.spec.ts:40:7 ΓÇ║ shared theme services at 1440 (1.8s)
  ok 74 tests\e2e\theme-continuity.spec.ts:40:7 ΓÇ║ shared theme service-detail at 1440 (2.4s)
  ok 75 tests\e2e\theme-continuity.spec.ts:40:7 ΓÇ║ shared theme emergency at 1440 (2.5s)
  ok 76 tests\e2e\theme-continuity.spec.ts:40:7 ΓÇ║ shared theme industries at 1440 (1.8s)
  ok 77 tests\e2e\theme-continuity.spec.ts:40:7 ΓÇ║ shared theme industry-detail at 1440 (1.6s)
  ok 78 tests\e2e\theme-continuity.spec.ts:40:7 ΓÇ║ shared theme areas at 1440 (1.3s)
  ok 79 tests\e2e\theme-continuity.spec.ts:40:7 ΓÇ║ shared theme area-detail at 1440 (1.7s)
  ok 80 tests\e2e\theme-continuity.spec.ts:40:7 ΓÇ║ shared theme resources at 1440 (1.2s)
  ok 81 tests\e2e\theme-continuity.spec.ts:40:7 ΓÇ║ shared theme article at 1440 (1.4s)
  ok 82 tests\e2e\theme-continuity.spec.ts:40:7 ΓÇ║ shared theme article-table at 1440 (1.4s)
  ok 83 tests\e2e\theme-continuity.spec.ts:65:5 ΓÇ║ not-found page remains readable in the shared theme (983ms)

  83 passed (1.8m)

STDERR
 ΓÜá Using edge runtime on a page currently disables static generation for that page
(node:58680) Warning: The 'NO_COLOR' env is ignored due to the 'FORCE_COLOR' env being set.
(Use `node --trace-warnings ...` to show where the warning was created)

CHECK test:e2e EXIT 0
TEST COUNTS test:e2e passed=83 rejected=0 report=C:\Python\florida-security-concepts\harness\evidence\S-006-test-e2e-20260914-223338-346-eaf7150d9c6149eb8ae8c99a788ebff4.json
CHECK test:release COMMAND node ["node_modules/@playwright/test/cli.js","test","--config","playwright.release.config.ts"]
STDOUT

Running 155 tests using 1 worker

  ok   1 [lighthouse] ΓÇ║ tests\release\lighthouse.spec.ts:46:5 ΓÇ║ Lighthouse mobile medians meet the SPEC release targets on six representative routes (2.2m)
  ok   2 [chromium] ΓÇ║ tests\release\support\analytics-suite.ts:104:7 ΓÇ║ npm tracker ΓÇ║ manual pageviews only: one sanitized URL per navigation, hostile query strings and unknown routes (7.0s)
  ok   3 [chromium] ΓÇ║ tests\release\support\analytics-suite.ts:140:7 ΓÇ║ npm tracker ΓÇ║ referrer is reduced to an origin or removed, never a full URL (1.5s)
  ok   4 [chromium] ΓÇ║ tests\release\support\analytics-suite.ts:152:7 ΓÇ║ npm tracker ΓÇ║ CTA, maintenance and emergency call clicks send only placement/category properties (7.5s)
  ok   5 [chromium] ΓÇ║ tests\release\support\analytics-suite.ts:185:7 ΓÇ║ npm tracker ΓÇ║ form start, validation error, submit attempt and delivery error fire once each with categorical properties (6.2s)
  ok   6 [chromium] ΓÇ║ tests\release\support\analytics-suite.ts:219:7 ΓÇ║ npm tracker ΓÇ║ Lead Submitted fires exactly once per logical request, including an unknown receipt followed by a successful retry (5.9s)
  ok   7 [chromium] ΓÇ║ tests\release\support\analytics-suite.ts:275:9 ΓÇ║ npm tracker ΓÇ║ analytics failure never changes the form outcome: working analytics (baseline) (1.8s)
  ok   8 [chromium] ΓÇ║ tests\release\support\analytics-suite.ts:275:9 ΓÇ║ npm tracker ΓÇ║ analytics failure never changes the form outcome: event endpoint failing (1.7s)
  ok   9 [chromium] ΓÇ║ tests\release\support\analytics-suite.ts:275:9 ΓÇ║ npm tracker ΓÇ║ analytics failure never changes the form outcome: tracker script failing to load (1.7s)
  ok  10 [chromium] ΓÇ║ tests\release\support\analytics-suite.ts:275:9 ΓÇ║ npm tracker ΓÇ║ analytics failure never changes the form outcome: tracker script throwing (2.0s)
  ok  11 [chromium] ΓÇ║ tests\release\support\analytics-suite.ts:275:9 ΓÇ║ npm tracker ΓÇ║ analytics failure never changes the form outcome: window.plausible throwing on every call (2.0s)
  ok  12 [chromium] ΓÇ║ tests\release\support\analytics-suite.ts:321:7 ΓÇ║ npm tracker ΓÇ║ dashboard-default automatic events (form submission, outbound link, file download) never produce a POST (3.2s)
  ok  13 [chromium] ΓÇ║ tests\release\support\analytics-suite.ts:104:7 ΓÇ║ live tracker ΓÇ║ manual pageviews only: one sanitized URL per navigation, hostile query strings and unknown routes (6.5s)
  ok  14 [chromium] ΓÇ║ tests\release\support\analytics-suite.ts:140:7 ΓÇ║ live tracker ΓÇ║ referrer is reduced to an origin or removed, never a full URL (1.3s)
  ok  15 [chromium] ΓÇ║ tests\release\support\analytics-suite.ts:152:7 ΓÇ║ live tracker ΓÇ║ CTA, maintenance and emergency call clicks send only placement/category properties (8.1s)
  ok  16 [chromium] ΓÇ║ tests\release\support\analytics-suite.ts:185:7 ΓÇ║ live tracker ΓÇ║ form start, validation error, submit attempt and delivery error fire once each with categorical properties (6.6s)
  ok  17 [chromium] ΓÇ║ tests\release\support\analytics-suite.ts:219:7 ΓÇ║ live tracker ΓÇ║ Lead Submitted fires exactly once per logical request, including an unknown receipt followed by a successful retry (5.7s)
  ok  18 [chromium] ΓÇ║ tests\release\support\analytics-suite.ts:275:9 ΓÇ║ live tracker ΓÇ║ analytics failure never changes the form outcome: working analytics (baseline) (1.8s)
  ok  19 [chromium] ΓÇ║ tests\release\support\analytics-suite.ts:275:9 ΓÇ║ live tracker ΓÇ║ analytics failure never changes the form outcome: event endpoint failing (1.8s)
  ok  20 [chromium] ΓÇ║ tests\release\support\analytics-suite.ts:275:9 ΓÇ║ live tracker ΓÇ║ analytics failure never changes the form outcome: tracker script failing to load (1.7s)
  ok  21 [chromium] ΓÇ║ tests\release\support\analytics-suite.ts:275:9 ΓÇ║ live tracker ΓÇ║ analytics failure never changes the form outcome: tracker script throwing (1.8s)
  ok  22 [chromium] ΓÇ║ tests\release\support\analytics-suite.ts:275:9 ΓÇ║ live tracker ΓÇ║ analytics failure never changes the form outcome: window.plausible throwing on every call (1.8s)
  ok  23 [chromium] ΓÇ║ tests\release\support\analytics-suite.ts:321:7 ΓÇ║ live tracker ΓÇ║ dashboard-default automatic events (form submission, outbound link, file download) never produce a POST (3.0s)
  ok  24 [chromium] ΓÇ║ tests\release\analytics.spec.ts:10:5 ΓÇ║ no analytics script or events in local preview or in the analytics-disabled measurement build (3.3s)
  ok  25 [chromium] ΓÇ║ tests\release\contract.spec.ts:18:5 ΓÇ║ representative release routes come from the independent 38-route contract (16ms)
  ok  26 [chromium] ΓÇ║ tests\release\contract.spec.ts:40:5 ΓÇ║ measurement server is production-equivalent: indexable, no preview notice, no analytics, delivery disabled (148ms)
  ok  27 [chromium] ΓÇ║ tests\release\contract.spec.ts:50:5 ΓÇ║ analytics-fixture measurement server is production-equivalent and references only the synthetic pa- script URL (102ms)
  ok  28 [chromium] ΓÇ║ tests\release\contract.spec.ts:59:5 ΓÇ║ saved hosted Plausible script is present and unchanged (required by the live-tracker payload suite) (35ms)
  ok  29 [chromium] ΓÇ║ tests\release\contract.spec.ts:64:5 ΓÇ║ client JavaScript for form pages does not ship location page copy (217ms)
  ok  30 [chromium] ΓÇ║ tests\release\contract.spec.ts:90:7 ΓÇ║ metadata is in <head> on the measurement build: / (487ms)
  ok  31 [chromium] ΓÇ║ tests\release\contract.spec.ts:90:7 ΓÇ║ metadata is in <head> on the measurement build: /contact (510ms)
  ok  32 [chromium] ΓÇ║ tests\release\contract.spec.ts:90:7 ΓÇ║ metadata is in <head> on the measurement build: /contact?service=repair (551ms)
  ok  33 [chromium] ΓÇ║ tests\release\contract.spec.ts:119:5 ΓÇ║ local preview server stays private and analytics-free (107ms)
  ok  34 [chromium] ΓÇ║ tests\release\contract.spec.ts:128:5 ΓÇ║ known-failure local server returns DELIVERY_FAILED and writes no receipt (55ms)
  ok  35 [chromium] ΓÇ║ tests\release\contract.spec.ts:136:5 ΓÇ║ no release build overwrote another running release server (240ms)
  ok  36 [chromium] ΓÇ║ tests\release\flows.spec.ts:32:5 ΓÇ║ home to contact assessment succeeds with a real local receipt and truthful confirmation (1.1s)
  ok  37 [chromium] ΓÇ║ tests\release\flows.spec.ts:57:5 ΓÇ║ client validation blocks the request, focuses the error summary and links every invalid field (943ms)
  ok  38 [chromium] ΓÇ║ tests\release\flows.spec.ts:95:5 ΓÇ║ known delivery failure shows the safe failure message, keeps values and writes no receipt (967ms)
  ok  39 [chromium] ΓÇ║ tests\release\flows.spec.ts:117:7 ΓÇ║ unknown receipt (504 RECEIPT_UNKNOWN) allows one explicit retry with the same request ID and body (2.5s)
  ok  40 [chromium] ΓÇ║ tests\release\flows.spec.ts:117:7 ΓÇ║ unknown receipt (lost connection) allows one explicit retry with the same request ID and body (2.5s)
  ok  41 [chromium] ΓÇ║ tests\release\flows.spec.ts:149:5 ΓÇ║ emergency direct entry keeps heading, urgency, submit label, payload and confirmation consistent (937ms)
  ok  42 [chromium] ΓÇ║ tests\release\flows.spec.ts:166:5 ΓÇ║ emergency context agrees through client navigation, back/forward and an explicit switch to routine (1.4s)
  ok  43 [chromium] ΓÇ║ tests\release\flows.spec.ts:205:5 ΓÇ║ keyboard-only completion submits the assessment with no hidden focus (1.5s)
  ok  44 [chromium] ΓÇ║ tests\release\layout.spec.ts:44:9 ΓÇ║ no horizontal overflow at 390px: home / (542ms)
  ok  45 [chromium] ΓÇ║ tests\release\layout.spec.ts:44:9 ΓÇ║ no horizontal overflow at 390px: contact /contact (438ms)
  ok  46 [chromium] ΓÇ║ tests\release\layout.spec.ts:44:9 ΓÇ║ no horizontal overflow at 390px: services /services (341ms)
  ok  47 [chromium] ΓÇ║ tests\release\layout.spec.ts:44:9 ΓÇ║ no horizontal overflow at 390px: serviceDetail /services/access-control (428ms)
  ok  48 [chromium] ΓÇ║ tests\release\layout.spec.ts:44:9 ΓÇ║ no horizontal overflow at 390px: industry /industries/hoa-gated-communities (406ms)
  ok  49 [chromium] ΓÇ║ tests\release\layout.spec.ts:44:9 ΓÇ║ no horizontal overflow at 390px: area /service-areas/orlando (453ms)
  ok  50 [chromium] ΓÇ║ tests\release\layout.spec.ts:44:9 ΓÇ║ no horizontal overflow at 390px: article /resources/how-much-does-an-automatic-gate-cost (366ms)
  ok  51 [chromium] ΓÇ║ tests\release\layout.spec.ts:44:9 ΓÇ║ no horizontal overflow at 1440px: home / (735ms)
  ok  52 [chromium] ΓÇ║ tests\release\layout.spec.ts:44:9 ΓÇ║ no horizontal overflow at 1440px: contact /contact (675ms)
  ok  53 [chromium] ΓÇ║ tests\release\layout.spec.ts:44:9 ΓÇ║ no horizontal overflow at 1440px: services /services (502ms)
  ok  54 [chromium] ΓÇ║ tests\release\layout.spec.ts:44:9 ΓÇ║ no horizontal overflow at 1440px: serviceDetail /services/access-control (598ms)
  ok  55 [chromium] ΓÇ║ tests\release\layout.spec.ts:44:9 ΓÇ║ no horizontal overflow at 1440px: industry /industries/hoa-gated-communities (577ms)
  ok  56 [chromium] ΓÇ║ tests\release\layout.spec.ts:44:9 ΓÇ║ no horizontal overflow at 1440px: area /service-areas/orlando (546ms)
  ok  57 [chromium] ΓÇ║ tests\release\layout.spec.ts:44:9 ΓÇ║ no horizontal overflow at 1440px: article /resources/how-much-does-an-automatic-gate-cost (573ms)
  ok  58 [chromium] ΓÇ║ tests\release\layout.spec.ts:66:7 ΓÇ║ 200% zoom equivalent keeps content reflowed and the form usable (1.3s)
  ok  59 [chromium] ΓÇ║ tests\release\layout.spec.ts:66:7 ΓÇ║ 400% reflow equivalent keeps content reflowed and the form usable (661ms)
  ok  60 [chromium] ΓÇ║ tests\release\layout.spec.ts:102:5 ΓÇ║ prefers-reduced-motion removes animations and transitions that exist without it (664ms)
  ok  61 [chromium] ΓÇ║ tests\release\layout.spec.ts:128:7 ΓÇ║ axe: no critical or serious violations on home / (1.1s)
  ok  62 [chromium] ΓÇ║ tests\release\layout.spec.ts:128:7 ΓÇ║ axe: no critical or serious violations on contact /contact (1.0s)
  ok  63 [chromium] ΓÇ║ tests\release\layout.spec.ts:128:7 ΓÇ║ axe: no critical or serious violations on services /services (965ms)
  ok  64 [chromium] ΓÇ║ tests\release\layout.spec.ts:128:7 ΓÇ║ axe: no critical or serious violations on serviceDetail /services/access-control (1.2s)
  ok  65 [chromium] ΓÇ║ tests\release\layout.spec.ts:128:7 ΓÇ║ axe: no critical or serious violations on industry /industries/hoa-gated-communities (1.5s)
  ok  66 [chromium] ΓÇ║ tests\release\layout.spec.ts:128:7 ΓÇ║ axe: no critical or serious violations on area /service-areas/orlando (1.5s)
  ok  67 [chromium] ΓÇ║ tests\release\layout.spec.ts:128:7 ΓÇ║ axe: no critical or serious violations on article /resources/how-much-does-an-automatic-gate-cost (1.0s)
  ok  68 [firefox] ΓÇ║ tests\release\support\analytics-suite.ts:104:7 ΓÇ║ live tracker ΓÇ║ manual pageviews only: one sanitized URL per navigation, hostile query strings and unknown routes (8.6s)
  ok  69 [firefox] ΓÇ║ tests\release\support\analytics-suite.ts:140:7 ΓÇ║ live tracker ΓÇ║ referrer is reduced to an origin or removed, never a full URL (2.1s)
  ok  70 [firefox] ΓÇ║ tests\release\support\analytics-suite.ts:152:7 ΓÇ║ live tracker ΓÇ║ CTA, maintenance and emergency call clicks send only placement/category properties (8.3s)
  ok  71 [firefox] ΓÇ║ tests\release\support\analytics-suite.ts:185:7 ΓÇ║ live tracker ΓÇ║ form start, validation error, submit attempt and delivery error fire once each with categorical properties (7.0s)
  ok  72 [firefox] ΓÇ║ tests\release\support\analytics-suite.ts:219:7 ΓÇ║ live tracker ΓÇ║ Lead Submitted fires exactly once per logical request, including an unknown receipt followed by a successful retry (7.4s)
  ok  73 [firefox] ΓÇ║ tests\release\support\analytics-suite.ts:275:9 ΓÇ║ live tracker ΓÇ║ analytics failure never changes the form outcome: working analytics (baseline) (2.2s)
  ok  74 [firefox] ΓÇ║ tests\release\support\analytics-suite.ts:275:9 ΓÇ║ live tracker ΓÇ║ analytics failure never changes the form outcome: event endpoint failing (2.5s)
  ok  75 [firefox] ΓÇ║ tests\release\support\analytics-suite.ts:275:9 ΓÇ║ live tracker ΓÇ║ analytics failure never changes the form outcome: tracker script failing to load (2.8s)
  ok  76 [firefox] ΓÇ║ tests\release\support\analytics-suite.ts:275:9 ΓÇ║ live tracker ΓÇ║ analytics failure never changes the form outcome: tracker script throwing (2.6s)
  ok  77 [firefox] ΓÇ║ tests\release\support\analytics-suite.ts:275:9 ΓÇ║ live tracker ΓÇ║ analytics failure never changes the form outcome: window.plausible throwing on every call (3.8s)
  ok  78 [firefox] ΓÇ║ tests\release\support\analytics-suite.ts:321:7 ΓÇ║ live tracker ΓÇ║ dashboard-default automatic events (form submission, outbound link, file download) never produce a POST (3.9s)
  ok  79 [firefox] ΓÇ║ tests\release\analytics.spec.ts:10:5 ΓÇ║ no analytics script or events in local preview or in the analytics-disabled measurement build (4.5s)
  ok  80 [firefox] ΓÇ║ tests\release\flows.spec.ts:32:5 ΓÇ║ home to contact assessment succeeds with a real local receipt and truthful confirmation (1.4s)
  ok  81 [firefox] ΓÇ║ tests\release\flows.spec.ts:57:5 ΓÇ║ client validation blocks the request, focuses the error summary and links every invalid field (1.3s)
  ok  82 [firefox] ΓÇ║ tests\release\flows.spec.ts:95:5 ΓÇ║ known delivery failure shows the safe failure message, keeps values and writes no receipt (1.3s)
  ok  83 [firefox] ΓÇ║ tests\release\flows.spec.ts:117:7 ΓÇ║ unknown receipt (504 RECEIPT_UNKNOWN) allows one explicit retry with the same request ID and body (3.0s)
  ok  84 [firefox] ΓÇ║ tests\release\flows.spec.ts:117:7 ΓÇ║ unknown receipt (lost connection) allows one explicit retry with the same request ID and body (2.7s)
  ok  85 [firefox] ΓÇ║ tests\release\flows.spec.ts:149:5 ΓÇ║ emergency direct entry keeps heading, urgency, submit label, payload and confirmation consistent (1.2s)
  ok  86 [firefox] ΓÇ║ tests\release\flows.spec.ts:166:5 ΓÇ║ emergency context agrees through client navigation, back/forward and an explicit switch to routine (2.2s)
  ok  87 [firefox] ΓÇ║ tests\release\flows.spec.ts:205:5 ΓÇ║ keyboard-only completion submits the assessment with no hidden focus (2.7s)
  ok  88 [firefox] ΓÇ║ tests\release\layout.spec.ts:44:9 ΓÇ║ no horizontal overflow at 390px: home / (682ms)
  ok  89 [firefox] ΓÇ║ tests\release\layout.spec.ts:44:9 ΓÇ║ no horizontal overflow at 390px: contact /contact (669ms)
  ok  90 [firefox] ΓÇ║ tests\release\layout.spec.ts:44:9 ΓÇ║ no horizontal overflow at 390px: services /services (656ms)
  ok  91 [firefox] ΓÇ║ tests\release\layout.spec.ts:44:9 ΓÇ║ no horizontal overflow at 390px: serviceDetail /services/access-control (632ms)
  ok  92 [firefox] ΓÇ║ tests\release\layout.spec.ts:44:9 ΓÇ║ no horizontal overflow at 390px: industry /industries/hoa-gated-communities (610ms)
  ok  93 [firefox] ΓÇ║ tests\release\layout.spec.ts:44:9 ΓÇ║ no horizontal overflow at 390px: area /service-areas/orlando (675ms)
  ok  94 [firefox] ΓÇ║ tests\release\layout.spec.ts:44:9 ΓÇ║ no horizontal overflow at 390px: article /resources/how-much-does-an-automatic-gate-cost (627ms)
  ok  95 [firefox] ΓÇ║ tests\release\layout.spec.ts:44:9 ΓÇ║ no horizontal overflow at 1440px: home / (828ms)
  ok  96 [firefox] ΓÇ║ tests\release\layout.spec.ts:44:9 ΓÇ║ no horizontal overflow at 1440px: contact /contact (761ms)
  ok  97 [firefox] ΓÇ║ tests\release\layout.spec.ts:44:9 ΓÇ║ no horizontal overflow at 1440px: services /services (1.7s)
  ok  98 [firefox] ΓÇ║ tests\release\layout.spec.ts:44:9 ΓÇ║ no horizontal overflow at 1440px: serviceDetail /services/access-control (729ms)
  ok  99 [firefox] ΓÇ║ tests\release\layout.spec.ts:44:9 ΓÇ║ no horizontal overflow at 1440px: industry /industries/hoa-gated-communities (638ms)
  ok 100 [firefox] ΓÇ║ tests\release\layout.spec.ts:44:9 ΓÇ║ no horizontal overflow at 1440px: area /service-areas/orlando (653ms)
  ok 101 [firefox] ΓÇ║ tests\release\layout.spec.ts:44:9 ΓÇ║ no horizontal overflow at 1440px: article /resources/how-much-does-an-automatic-gate-cost (583ms)
  ok 102 [firefox] ΓÇ║ tests\release\layout.spec.ts:66:7 ΓÇ║ 200% zoom equivalent keeps content reflowed and the form usable (2.0s)
  ok 103 [firefox] ΓÇ║ tests\release\layout.spec.ts:66:7 ΓÇ║ 400% reflow equivalent keeps content reflowed and the form usable (1.2s)
  ok 104 [firefox] ΓÇ║ tests\release\layout.spec.ts:102:5 ΓÇ║ prefers-reduced-motion removes animations and transitions that exist without it (1.3s)
  ok 105 [firefox] ΓÇ║ tests\release\layout.spec.ts:128:7 ΓÇ║ axe: no critical or serious violations on home / (2.7s)
  ok 106 [firefox] ΓÇ║ tests\release\layout.spec.ts:128:7 ΓÇ║ axe: no critical or serious violations on contact /contact (1.6s)
  ok 107 [firefox] ΓÇ║ tests\release\layout.spec.ts:128:7 ΓÇ║ axe: no critical or serious violations on services /services (1.5s)
  ok 108 [firefox] ΓÇ║ tests\release\layout.spec.ts:128:7 ΓÇ║ axe: no critical or serious violations on serviceDetail /services/access-control (1.8s)
  ok 109 [firefox] ΓÇ║ tests\release\layout.spec.ts:128:7 ΓÇ║ axe: no critical or serious violations on industry /industries/hoa-gated-communities (1.9s)
  ok 110 [firefox] ΓÇ║ tests\release\layout.spec.ts:128:7 ΓÇ║ axe: no critical or serious violations on area /service-areas/orlando (1.9s)
  ok 111 [firefox] ΓÇ║ tests\release\layout.spec.ts:128:7 ΓÇ║ axe: no critical or serious violations on article /resources/how-much-does-an-automatic-gate-cost (1.6s)
  ok 112 [webkit] ΓÇ║ tests\release\support\analytics-suite.ts:104:7 ΓÇ║ live tracker ΓÇ║ manual pageviews only: one sanitized URL per navigation, hostile query strings and unknown routes (7.2s)
  ok 113 [webkit] ΓÇ║ tests\release\support\analytics-suite.ts:140:7 ΓÇ║ live tracker ΓÇ║ referrer is reduced to an origin or removed, never a full URL (1.6s)
  ok 114 [webkit] ΓÇ║ tests\release\support\analytics-suite.ts:152:7 ΓÇ║ live tracker ΓÇ║ CTA, maintenance and emergency call clicks send only placement/category properties (8.2s)
  ok 115 [webkit] ΓÇ║ tests\release\support\analytics-suite.ts:185:7 ΓÇ║ live tracker ΓÇ║ form start, validation error, submit attempt and delivery error fire once each with categorical properties (7.0s)
  ok 116 [webkit] ΓÇ║ tests\release\support\analytics-suite.ts:219:7 ΓÇ║ live tracker ΓÇ║ Lead Submitted fires exactly once per logical request, including an unknown receipt followed by a successful retry (7.0s)
  ok 117 [webkit] ΓÇ║ tests\release\support\analytics-suite.ts:275:9 ΓÇ║ live tracker ΓÇ║ analytics failure never changes the form outcome: working analytics (baseline) (2.5s)
  ok 118 [webkit] ΓÇ║ tests\release\support\analytics-suite.ts:275:9 ΓÇ║ live tracker ΓÇ║ analytics failure never changes the form outcome: event endpoint failing (2.5s)
  ok 119 [webkit] ΓÇ║ tests\release\support\analytics-suite.ts:275:9 ΓÇ║ live tracker ΓÇ║ analytics failure never changes the form outcome: tracker script failing to load (2.5s)
  ok 120 [webkit] ΓÇ║ tests\release\support\analytics-suite.ts:275:9 ΓÇ║ live tracker ΓÇ║ analytics failure never changes the form outcome: tracker script throwing (2.5s)
  ok 121 [webkit] ΓÇ║ tests\release\support\analytics-suite.ts:275:9 ΓÇ║ live tracker ΓÇ║ analytics failure never changes the form outcome: window.plausible throwing on every call (2.5s)
  ok 122 [webkit] ΓÇ║ tests\release\support\analytics-suite.ts:321:7 ΓÇ║ live tracker ΓÇ║ dashboard-default automatic events (form submission, outbound link, file download) never produce a POST (3.9s)
  ok 123 [webkit] ΓÇ║ tests\release\analytics.spec.ts:10:5 ΓÇ║ no analytics script or events in local preview or in the analytics-disabled measurement build (4.2s)
  ok 124 [webkit] ΓÇ║ tests\release\flows.spec.ts:32:5 ΓÇ║ home to contact assessment succeeds with a real local receipt and truthful confirmation (1.4s)
  ok 125 [webkit] ΓÇ║ tests\release\flows.spec.ts:57:5 ΓÇ║ client validation blocks the request, focuses the error summary and links every invalid field (1.6s)
  ok 126 [webkit] ΓÇ║ tests\release\flows.spec.ts:95:5 ΓÇ║ known delivery failure shows the safe failure message, keeps values and writes no receipt (1.3s)
  ok 127 [webkit] ΓÇ║ tests\release\flows.spec.ts:117:7 ΓÇ║ unknown receipt (504 RECEIPT_UNKNOWN) allows one explicit retry with the same request ID and body (2.8s)
  ok 128 [webkit] ΓÇ║ tests\release\flows.spec.ts:117:7 ΓÇ║ unknown receipt (lost connection) allows one explicit retry with the same request ID and body (2.7s)
  ok 129 [webkit] ΓÇ║ tests\release\flows.spec.ts:149:5 ΓÇ║ emergency direct entry keeps heading, urgency, submit label, payload and confirmation consistent (1.1s)
  ok 130 [webkit] ΓÇ║ tests\release\flows.spec.ts:166:5 ΓÇ║ emergency context agrees through client navigation, back/forward and an explicit switch to routine (1.9s)
  ok 131 [webkit] ΓÇ║ tests\release\flows.spec.ts:205:5 ΓÇ║ keyboard-only completion submits the assessment with no hidden focus (2.1s)
  ok 132 [webkit] ΓÇ║ tests\release\layout.spec.ts:44:9 ΓÇ║ no horizontal overflow at 390px: home / (635ms)
  ok 133 [webkit] ΓÇ║ tests\release\layout.spec.ts:44:9 ΓÇ║ no horizontal overflow at 390px: contact /contact (591ms)
  ok 134 [webkit] ΓÇ║ tests\release\layout.spec.ts:44:9 ΓÇ║ no horizontal overflow at 390px: services /services (512ms)
  ok 135 [webkit] ΓÇ║ tests\release\layout.spec.ts:44:9 ΓÇ║ no horizontal overflow at 390px: serviceDetail /services/access-control (611ms)
  ok 136 [webkit] ΓÇ║ tests\release\layout.spec.ts:44:9 ΓÇ║ no horizontal overflow at 390px: industry /industries/hoa-gated-communities (570ms)
  ok 137 [webkit] ΓÇ║ tests\release\layout.spec.ts:44:9 ΓÇ║ no horizontal overflow at 390px: area /service-areas/orlando (611ms)
  ok 138 [webkit] ΓÇ║ tests\release\layout.spec.ts:44:9 ΓÇ║ no horizontal overflow at 390px: article /resources/how-much-does-an-automatic-gate-cost (497ms)
  ok 139 [webkit] ΓÇ║ tests\release\layout.spec.ts:44:9 ΓÇ║ no horizontal overflow at 1440px: home / (809ms)
  ok 140 [webkit] ΓÇ║ tests\release\layout.spec.ts:44:9 ΓÇ║ no horizontal overflow at 1440px: contact /contact (751ms)
  ok 141 [webkit] ΓÇ║ tests\release\layout.spec.ts:44:9 ΓÇ║ no horizontal overflow at 1440px: services /services (530ms)
  ok 142 [webkit] ΓÇ║ tests\release\layout.spec.ts:44:9 ΓÇ║ no horizontal overflow at 1440px: serviceDetail /services/access-control (585ms)
  ok 143 [webkit] ΓÇ║ tests\release\layout.spec.ts:44:9 ΓÇ║ no horizontal overflow at 1440px: industry /industries/hoa-gated-communities (666ms)
  ok 144 [webkit] ΓÇ║ tests\release\layout.spec.ts:44:9 ΓÇ║ no horizontal overflow at 1440px: area /service-areas/orlando (628ms)
  ok 145 [webkit] ΓÇ║ tests\release\layout.spec.ts:44:9 ΓÇ║ no horizontal overflow at 1440px: article /resources/how-much-does-an-automatic-gate-cost (561ms)
  ok 146 [webkit] ΓÇ║ tests\release\layout.spec.ts:66:7 ΓÇ║ 200% zoom equivalent keeps content reflowed and the form usable (1.5s)
  ok 147 [webkit] ΓÇ║ tests\release\layout.spec.ts:66:7 ΓÇ║ 400% reflow equivalent keeps content reflowed and the form usable (975ms)
  ok 148 [webkit] ΓÇ║ tests\release\layout.spec.ts:102:5 ΓÇ║ prefers-reduced-motion removes animations and transitions that exist without it (882ms)
  ok 149 [webkit] ΓÇ║ tests\release\layout.spec.ts:128:7 ΓÇ║ axe: no critical or serious violations on home / (1.3s)
  ok 150 [webkit] ΓÇ║ tests\release\layout.spec.ts:128:7 ΓÇ║ axe: no critical or serious violations on contact /contact (1.3s)
  ok 151 [webkit] ΓÇ║ tests\release\layout.spec.ts:128:7 ΓÇ║ axe: no critical or serious violations on services /services (1.2s)
  ok 152 [webkit] ΓÇ║ tests\release\layout.spec.ts:128:7 ΓÇ║ axe: no critical or serious violations on serviceDetail /services/access-control (1.5s)
  ok 153 [webkit] ΓÇ║ tests\release\layout.spec.ts:128:7 ΓÇ║ axe: no critical or serious violations on industry /industries/hoa-gated-communities (1.5s)
  ok 154 [webkit] ΓÇ║ tests\release\layout.spec.ts:128:7 ΓÇ║ axe: no critical or serious violations on area /service-areas/orlando (1.5s)
  ok 155 [webkit] ΓÇ║ tests\release\layout.spec.ts:128:7 ΓÇ║ axe: no critical or serious violations on article /resources/how-much-does-an-automatic-gate-cost (1.3s)

  155 passed (9.0m)

STDERR
 ΓÜá Using edge runtime on a page currently disables static generation for that page
 ΓÜá Using edge runtime on a page currently disables static generation for that page
 ΓÜá Using edge runtime on a page currently disables static generation for that page
(node:59900) Warning: The 'NO_COLOR' env is ignored due to the 'FORCE_COLOR' env being set.
(Use `node --trace-warnings ...` to show where the warning was created)
(node:62596) Warning: The 'NO_COLOR' env is ignored due to the 'FORCE_COLOR' env being set.
(Use `node --trace-warnings ...` to show where the warning was created)
(node:59132) Warning: The 'NO_COLOR' env is ignored due to the 'FORCE_COLOR' env being set.
(Use `node --trace-warnings ...` to show where the warning was created)
(node:15900) Warning: The 'NO_COLOR' env is ignored due to the 'FORCE_COLOR' env being set.
(Use `node --trace-warnings ...` to show where the warning was created)

CHECK test:release EXIT 0
TEST COUNTS test:release passed=155 rejected=0 report=C:\Python\florida-security-concepts\harness\evidence\S-006-test-release-20260914-223338-346-eaf7150d9c6149eb8ae8c99a788ebff4.json
RESULT: ALL CHECKS PASSED (7/7)
