VERIFICATION session=S-UI-001 run=20260914-140814-085-89f86aaf5c0b4900b112049a5f0f86b8
Project=C:\Python\florida-security-concepts
Log=C:\Python\florida-security-concepts\harness\evidence\S-UI-001-verify-20260914-140814-085-89f86aaf5c0b4900b112049a5f0f86b8.log
Revision: aff1550e4a8d087d935bd7b2425a8596b33c921c
Dirty files:
 M app/globals.css
 M app/resources/[slug]/page.tsx
 M components/CTASection.tsx
 M components/Hero.tsx
 M harness/DECISIONS.md
 M harness/HARNESS.md
 M harness/SESSIONS.md
 M harness/verification.json
 M tailwind.config.ts
 M tests/e2e/baseline.spec.ts
?? %SystemDrive%/
?? harness/evidence/S-UI-001-area-detail-1440.png
?? harness/evidence/S-UI-001-area-detail-390.png
?? harness/evidence/S-UI-001-areas-1440.png
?? harness/evidence/S-UI-001-areas-390.png
?? harness/evidence/S-UI-001-article-1440.png
?? harness/evidence/S-UI-001-article-390.png
?? harness/evidence/S-UI-001-article-table-1440.png
?? harness/evidence/S-UI-001-article-table-390.png
?? harness/evidence/S-UI-001-emergency-1440.png
?? harness/evidence/S-UI-001-emergency-390.png
?? harness/evidence/S-UI-001-industries-1440.png
?? harness/evidence/S-UI-001-industries-390.png
?? harness/evidence/S-UI-001-industry-detail-1440.png
?? harness/evidence/S-UI-001-industry-detail-390.png
?? harness/evidence/S-UI-001-not-found-390.png
?? harness/evidence/S-UI-001-resources-1440.png
?? harness/evidence/S-UI-001-resources-390.png
?? harness/evidence/S-UI-001-review.md
?? harness/evidence/S-UI-001-service-detail-1440.png
?? harness/evidence/S-UI-001-service-detail-390.png
?? harness/evidence/S-UI-001-services-1440.png
?? harness/evidence/S-UI-001-services-390.png
?? harness/evidence/S-UI-001-verify-20260914-140814-085-89f86aaf5c0b4900b112049a5f0f86b8.log
?? tests/e2e/theme-continuity.spec.ts
?? tmp/
Node: v24.16.0
Dependency versions: {"@axe-core/playwright":"4.13.0","@playwright/test":"1.63.0","@types/node":"^20.14.10","@types/react":"^18.3.3","@types/react-dom":"^18.3.0","autoprefixer":"^10.4.20","eslint":"^8.57.0","eslint-config-next":"^14.2.35","postcss":"^8.4.49","tailwindcss":"^3.4.17","typescript":"^5.5.4","vitest":"4.1.11"}
CHECK lint COMMAND node ["node_modules/next/dist/bin/next","lint"]
STDOUT
✔ No ESLint warnings or errors

STDERR

CHECK lint EXIT 0
CHECK typecheck COMMAND node ["node_modules/typescript/bin/tsc","--noEmit"]
STDOUT

STDERR

CHECK typecheck EXIT 0
CHECK test:unit COMMAND node ["node_modules/vitest/vitest.mjs","run"]
STDOUT

 RUN  v4.1.11 C:/Python/florida-security-concepts

 ✓ tests/unit/validation.test.ts (21 tests) 14ms
 ✓ tests/unit/contract.test.ts (30 tests) 15ms
stdout | tests/unit/delivery-safety.test.ts > isolated dispatch and timeout contract > simulation preserves primary success when secondary fails
[lead-delivery] { result: 'received', mode: 'resend+supabase' }

stdout | tests/unit/delivery-safety.test.ts > isolated dispatch and timeout contract > simulation preserves primary success when secondary throws
[lead-delivery] { result: 'received', mode: 'resend+supabase' }

stdout | tests/unit/delivery-safety.test.ts > isolated dispatch and timeout contract > simulation does not invoke secondary after primary failure
[lead-delivery] { result: 'unavailable', mode: 'resend' }

 ✓ tests/unit/delivery-safety.test.ts (15 tests) 27ms
 ✓ tests/unit/endpoint.test.ts (19 tests) 33ms
 ✓ tests/unit/local-receipt.test.ts (11 tests) 380ms
   ✓ concurrent independent processes and a restarted process create only one receipt  306ms

 Test Files  5 passed (5)
      Tests  96 passed (96)
   Start at  14:08:21
   Duration  1.28s (transform 399ms, setup 0ms, import 828ms, tests 470ms, environment 1ms)

JSON report written to C:/Python/florida-security-concepts/harness/evidence/S-UI-001-test-unit-20260914-140814-085-89f86aaf5c0b4900b112049a5f0f86b8.json

STDERR
(!) Your Vite config uses features that are unsupported by `configLoader: 'native'`, which is planned to become the default in a future major version of Vite:
  - ESM syntax in a file loaded as CommonJS (vitest.config.ts:1:1). Use a `.mjs` extension or set `"type": "module"` in the closest package.json
Set `VITE_CONFIG_NATIVE_IGNORE_WARNING=true` to suppress this warning.
stderr | tests/unit/delivery-safety.test.ts > isolated dispatch and timeout contract > simulation preserves primary success when secondary throws
[lead-delivery] secondary_unavailable


CHECK test:unit EXIT 0
TEST COUNTS test:unit passed=96 rejected=0 report=C:\Python\florida-security-concepts\harness\evidence\S-UI-001-test-unit-20260914-140814-085-89f86aaf5c0b4900b112049a5f0f86b8.json
CHECK test:gate COMMAND node ["node_modules/vitest/vitest.mjs","run","--config","vitest.gate.config.ts"]
STDOUT

 RUN  v4.1.11 C:/Python/florida-security-concepts

 ✓ tests/gate/network.test.ts (1 test) 101ms
 ✓ tests/gate/isolation.test.ts (1 test) 139ms
 ✓ tests/gate/runner.test.ts (9 tests) 11711ms
     ✓ rejects unknown session  830ms
     ✓ rejects a missing package script  760ms
     ✓ rejects empty passing report  1189ms
     ✓ rejects skipped tests  1192ms
     ✓ rejects missing reports  1205ms
     ✓ propagates child failure  1039ms
     ✓ malformed manifest fails with visible diagnostic  783ms
     ✓ runs valid checks and preserves both streams in unique raw logs  2688ms
     ✓ timeout stops only its owned process tree  2019ms

 Test Files  3 passed (3)
      Tests  11 passed (11)
   Start at  14:08:23
   Duration  12.01s (transform 91ms, setup 0ms, import 183ms, tests 11.95s, environment 0ms)

JSON report written to C:/Python/florida-security-concepts/harness/evidence/S-UI-001-test-gate-20260914-140814-085-89f86aaf5c0b4900b112049a5f0f86b8.json

STDERR
(!) Your Vite config uses features that are unsupported by `configLoader: 'native'`, which is planned to become the default in a future major version of Vite:
  - ESM syntax in a file loaded as CommonJS (vitest.gate.config.ts:1:1). Use a `.mjs` extension or set `"type": "module"` in the closest package.json
Set `VITE_CONFIG_NATIVE_IGNORE_WARNING=true` to suppress this warning.

CHECK test:gate EXIT 0
TEST COUNTS test:gate passed=11 rejected=0 report=C:\Python\florida-security-concepts\harness\evidence\S-UI-001-test-gate-20260914-140814-085-89f86aaf5c0b4900b112049a5f0f86b8.json
CHECK build COMMAND node ["node_modules/next/dist/bin/next","build"]
STDOUT
  ▲ Next.js 14.2.35

   Creating an optimized production build ...
 ✓ Compiled successfully
   Linting and checking validity of types ...
   Collecting page data ...
   Generating static pages (0/43) ...
   Generating static pages (10/43) 
   Generating static pages (21/43) 
   Generating static pages (32/43) 
 ✓ Generating static pages (43/43)
   Finalizing page optimization ...
   Collecting build traces ...

Route (app)                                              Size     First Load JS
┌ ○ /                                                    189 B          96.2 kB
├ ○ /_not-found                                          138 B          87.5 kB
├ ƒ /api/leads                                           0 B                0 B
├ ƒ /apple-icon                                          0 B                0 B
├ ƒ /contact                                             178 B           105 kB
├ ƒ /icon                                                0 B                0 B
├ ○ /industries                                          189 B          96.2 kB
├ ● /industries/[slug]                                   932 B           106 kB
├   ├ /industries/hoa-gated-communities
├   ├ /industries/multifamily-apartments-condos
├   ├ /industries/storage-facilities
├   └ [+4 more paths]
├ ƒ /opengraph-image                                     0 B                0 B
├ ○ /resources                                           189 B          96.2 kB
├ ● /resources/[slug]                                    911 B          96.9 kB
├   ├ /resources/how-much-does-an-automatic-gate-cost
├   ├ /resources/best-access-control-system-for-hoa
├   ├ /resources/storage-facility-security-camera-guide
├   └ [+2 more paths]
├ ○ /robots.txt                                          0 B                0 B
├ ○ /service-areas                                       189 B          96.2 kB
├ ● /service-areas/[slug]                                932 B           106 kB
├   ├ /service-areas/orlando
├   ├ /service-areas/tampa
├   ├ /service-areas/lakeland
├   └ [+11 more paths]
├ ○ /services                                            189 B          96.2 kB
├ ● /services/[slug]                                     932 B           106 kB
├   ├ /services/security-gate-systems
├   ├ /services/gate-automation
├   ├ /services/access-control
├   └ [+3 more paths]
└ ○ /sitemap.xml                                         0 B                0 B
+ First Load JS shared by all                            87.3 kB
  ├ chunks/117-746b40adbdffe8f2.js                       31.7 kB
  ├ chunks/fd9d1056-f98ae39c556968da.js                  53.6 kB
  └ other shared chunks (total)                          1.95 kB


○  (Static)   prerendered as static content
●  (SSG)      prerendered as static HTML (uses getStaticProps)
ƒ  (Dynamic)  server-rendered on demand


STDERR
 ⚠ Using edge runtime on a page currently disables static generation for that page

CHECK build EXIT 0
CHECK test:e2e COMMAND node ["node_modules/@playwright/test/cli.js","test"]
STDOUT
  ▲ Next.js 14.2.35
  - Local:        http://127.0.0.1:3100
  - Network:      http://127.0.0.1:3100

 ✓ Starting...
 ✓ Ready in 1456ms
 ○ Compiling / ...
 ✓ Compiled / in 1687ms (571 modules)
 GET / 200 in 429ms

Running 83 tests using 1 worker

 GET / 200 in 33ms
  ok  1 tests\e2e\baseline.spec.ts:21:7 › public route renders: / (866ms)
 ○ Compiling /contact ...
 ✓ Compiled /contact in 575ms (588 modules)
 GET /contact 200 in 695ms
  ok  2 tests\e2e\baseline.spec.ts:21:7 › public route renders: /contact (1.5s)
 ✓ Compiled /services in 198ms (580 modules)
 GET /services 200 in 299ms
  ok  3 tests\e2e\baseline.spec.ts:21:7 › public route renders: /services (976ms)
 ✓ Compiled /industries in 203ms (583 modules)
 GET /industries 200 in 269ms
  ok  4 tests\e2e\baseline.spec.ts:21:7 › public route renders: /industries (954ms)
 ✓ Compiled /service-areas in 193ms (586 modules)
 GET /service-areas 200 in 255ms
  ok  5 tests\e2e\baseline.spec.ts:21:7 › public route renders: /service-areas (913ms)
 ✓ Compiled /resources in 205ms (589 modules)
 GET /resources 200 in 276ms
  ok  6 tests\e2e\baseline.spec.ts:21:7 › public route renders: /resources (957ms)
 ✓ Compiled /services/[slug] in 457ms (602 modules)
 GET /services/security-gate-systems 200 in 900ms
  ok  7 tests\e2e\baseline.spec.ts:21:7 › public route renders: /services/security-gate-systems (1.6s)
 GET /services/gate-automation 200 in 49ms
  ok  8 tests\e2e\baseline.spec.ts:21:7 › public route renders: /services/gate-automation (811ms)
 GET /services/access-control 200 in 45ms
  ok  9 tests\e2e\baseline.spec.ts:21:7 › public route renders: /services/access-control (804ms)
 GET /services/video-surveillance 200 in 45ms
  ok 10 tests\e2e\baseline.spec.ts:21:7 › public route renders: /services/video-surveillance (779ms)
 GET /services/security-system-integration 200 in 45ms
  ok 11 tests\e2e\baseline.spec.ts:21:7 › public route renders: /services/security-system-integration (776ms)
 GET /services/emergency-service 200 in 47ms
  ok 12 tests\e2e\baseline.spec.ts:21:7 › public route renders: /services/emergency-service (832ms)
 ✓ Compiled /industries/[slug] in 272ms (604 modules)
 GET /industries/hoa-gated-communities 200 in 688ms
  ok 13 tests\e2e\baseline.spec.ts:21:7 › public route renders: /industries/hoa-gated-communities (1.4s)
 GET /industries/multifamily-apartments-condos 200 in 40ms
  ok 14 tests\e2e\baseline.spec.ts:21:7 › public route renders: /industries/multifamily-apartments-condos (794ms)
 GET /industries/storage-facilities 200 in 37ms
  ok 15 tests\e2e\baseline.spec.ts:21:7 › public route renders: /industries/storage-facilities (784ms)
 GET /industries/commercial-properties 200 in 36ms
  ok 16 tests\e2e\baseline.spec.ts:21:7 › public route renders: /industries/commercial-properties (791ms)
 GET /industries/industrial-warehouses 200 in 42ms
  ok 17 tests\e2e\baseline.spec.ts:21:7 › public route renders: /industries/industrial-warehouses (781ms)
 GET /industries/property-managers 200 in 36ms
  ok 18 tests\e2e\baseline.spec.ts:21:7 › public route renders: /industries/property-managers (761ms)
 GET /industries/residential-estates 200 in 38ms
  ok 19 tests\e2e\baseline.spec.ts:21:7 › public route renders: /industries/residential-estates (779ms)
 ✓ Compiled /service-areas/[slug] in 257ms (606 modules)
 GET /service-areas/orlando 200 in 646ms
  ok 20 tests\e2e\baseline.spec.ts:21:7 › public route renders: /service-areas/orlando (1.4s)
 GET /service-areas/tampa 200 in 45ms
  ok 21 tests\e2e\baseline.spec.ts:21:7 › public route renders: /service-areas/tampa (799ms)
 GET /service-areas/lakeland 200 in 48ms
  ok 22 tests\e2e\baseline.spec.ts:21:7 › public route renders: /service-areas/lakeland (802ms)
 GET /service-areas/kissimmee 200 in 35ms
  ok 23 tests\e2e\baseline.spec.ts:21:7 › public route renders: /service-areas/kissimmee (788ms)
 GET /service-areas/winter-garden 200 in 40ms
  ok 24 tests\e2e\baseline.spec.ts:21:7 › public route renders: /service-areas/winter-garden (790ms)
 GET /service-areas/clermont 200 in 40ms
  ok 25 tests\e2e\baseline.spec.ts:21:7 › public route renders: /service-areas/clermont (796ms)
 GET /service-areas/lake-mary 200 in 40ms
  ok 26 tests\e2e\baseline.spec.ts:21:7 › public route renders: /service-areas/lake-mary (790ms)
 GET /service-areas/sanford 200 in 40ms
  ok 27 tests\e2e\baseline.spec.ts:21:7 › public route renders: /service-areas/sanford (797ms)
 GET /service-areas/ocala 200 in 41ms
  ok 28 tests\e2e\baseline.spec.ts:21:7 › public route renders: /service-areas/ocala (782ms)
 GET /service-areas/the-villages 200 in 45ms
  ok 29 tests\e2e\baseline.spec.ts:21:7 › public route renders: /service-areas/the-villages (855ms)
 GET /service-areas/st-petersburg 200 in 40ms
  ok 30 tests\e2e\baseline.spec.ts:21:7 › public route renders: /service-areas/st-petersburg (801ms)
 GET /service-areas/clearwater 200 in 40ms
  ok 31 tests\e2e\baseline.spec.ts:21:7 › public route renders: /service-areas/clearwater (790ms)
 GET /service-areas/brandon 200 in 39ms
  ok 32 tests\e2e\baseline.spec.ts:21:7 › public route renders: /service-areas/brandon (791ms)
 GET /service-areas/wesley-chapel 200 in 39ms
  ok 33 tests\e2e\baseline.spec.ts:21:7 › public route renders: /service-areas/wesley-chapel (796ms)
 ✓ Compiled /resources/[slug] in 261ms (610 modules)
 GET /resources/how-much-does-an-automatic-gate-cost 200 in 640ms
  ok 34 tests\e2e\baseline.spec.ts:21:7 › public route renders: /resources/how-much-does-an-automatic-gate-cost (1.4s)
 GET /resources/best-access-control-system-for-hoa 200 in 68ms
  ok 35 tests\e2e\baseline.spec.ts:21:7 › public route renders: /resources/best-access-control-system-for-hoa (885ms)
 GET /resources/storage-facility-security-camera-guide 200 in 35ms
  ok 36 tests\e2e\baseline.spec.ts:21:7 › public route renders: /resources/storage-facility-security-camera-guide (761ms)
 GET /resources/gate-automation-vs-access-control 200 in 35ms
  ok 37 tests\e2e\baseline.spec.ts:21:7 › public route renders: /resources/gate-automation-vs-access-control (739ms)
 GET /resources/property-manager-security-system-checklist 200 in 35ms
  ok 38 tests\e2e\baseline.spec.ts:21:7 › public route renders: /resources/property-manager-security-system-checklist (767ms)
 GET / 200 in 36ms
 ○ Compiling /api/leads ...
 ✓ Compiled /api/leads in 2.7s (723 modules)
 POST /api/leads 200 in 2827ms
  ok 39 tests\e2e\baseline.spec.ts:32:5 › homepage navigates to contact and submits through real local endpoint (4.0s)
 GET /contact 200 in 81ms
  ok 40 tests\e2e\baseline.spec.ts:55:5 › empty assessment displays server validation instead of confirmation (798ms)
 GET /contact?service=gate-automation 200 in 145ms
  ok 41 tests\e2e\compatibility.spec.ts:5:119 › legacy prefill gate-automation (1.0s)
 GET /contact?service=emergency-service 200 in 26ms
  ok 42 tests\e2e\compatibility.spec.ts:5:119 › legacy prefill emergency-service (666ms)
 ✓ Compiled /_not-found in 324ms (992 modules)
 GET /api/receipts 404 in 422ms
 GET /.fsc-local/receipts 404 in 27ms
 GET /.fsc-local/receipts/18a85f2b-5ba9-43c2-a475-84ac0ac98310.json 404 in 24ms
 GET /api/leads 405 in 15ms
  ok 43 tests\e2e\compatibility.spec.ts:9:5 › local receipts have no public listing or retrieval route (535ms)
 GET /contact 200 in 33ms
  ok 44 tests\e2e\compatibility.spec.ts:13:5 › reduced motion and simulated 200percent reflow preserve contact controls (748ms)
 GET /contact 200 in 26ms
  ok 45 tests\e2e\form-recovery.spec.ts:9:5 › simulated ambiguous response keeps values and logical ID for explicit retry (1.1s)
 GET /contact 200 in 23ms
  ok 46 tests\e2e\form-recovery.spec.ts:33:38 › simulated 503 retains assessment input (912ms)
 GET /contact 200 in 24ms
  ok 47 tests\e2e\form-recovery.spec.ts:33:38 › simulated 429 retains assessment input (874ms)
 GET /contact 200 in 22ms
  ok 48 tests\e2e\form-recovery.spec.ts:42:5 › two rapid clicks submit one pending request (1.1s)
 GET / 200 in 35ms
  ok 49 tests\e2e\preview.spec.ts:13:7 › / layout at 320 (695ms)
 GET /contact 200 in 25ms
  ok 50 tests\e2e\preview.spec.ts:13:7 › /contact layout at 320 (713ms)
 GET / 200 in 26ms
  ok 51 tests\e2e\preview.spec.ts:13:7 › / layout at 390 (870ms)
 GET /contact 200 in 26ms
  ok 52 tests\e2e\preview.spec.ts:13:7 › /contact layout at 390 (788ms)
 GET / 200 in 26ms
  ok 53 tests\e2e\preview.spec.ts:13:7 › / layout at 768 (791ms)
 GET /contact 200 in 31ms
  ok 54 tests\e2e\preview.spec.ts:13:7 › /contact layout at 768 (724ms)
 GET / 200 in 27ms
  ok 55 tests\e2e\preview.spec.ts:13:7 › / layout at 1024 (753ms)
 GET /contact 200 in 25ms
  ok 56 tests\e2e\preview.spec.ts:13:7 › /contact layout at 1024 (716ms)
 GET / 200 in 31ms
  ok 57 tests\e2e\preview.spec.ts:13:7 › / layout at 1440 (994ms)
 GET /contact 200 in 28ms
  ok 58 tests\e2e\preview.spec.ts:13:7 › /contact layout at 1440 (845ms)
 GET / 200 in 26ms
  ok 59 tests\e2e\preview.spec.ts:26:43 › / automated accessibility (1.4s)
 GET /contact 200 in 22ms
  ok 60 tests\e2e\preview.spec.ts:26:43 › /contact automated accessibility (1.2s)
 GET /contact 200 in 19ms
  ok 61 tests\e2e\preview.spec.ts:31:5 › emergency navigation preserves entered identity across history (910ms)
 GET / 200 in 31ms
  ok 62 tests\e2e\preview.spec.ts:44:5 › mobile menu Escape returns focus to its trigger (821ms)
 GET /services 200 in 32ms
  ok 63 tests\e2e\theme-continuity.spec.ts:40:7 › shared theme services at 390 (1.5s)
 GET /services/access-control 200 in 50ms
  ok 64 tests\e2e\theme-continuity.spec.ts:40:7 › shared theme service-detail at 390 (1.8s)
 GET /services/emergency-service 200 in 48ms
  ok 65 tests\e2e\theme-continuity.spec.ts:40:7 › shared theme emergency at 390 (1.9s)
 GET /industries 200 in 39ms
  ok 66 tests\e2e\theme-continuity.spec.ts:40:7 › shared theme industries at 390 (1.4s)
 GET /industries/hoa-gated-communities 200 in 47ms
  ok 67 tests\e2e\theme-continuity.spec.ts:40:7 › shared theme industry-detail at 390 (1.8s)
 GET /service-areas 200 in 34ms
  ok 68 tests\e2e\theme-continuity.spec.ts:40:7 › shared theme areas at 390 (1.5s)
 GET /service-areas/orlando 200 in 56ms
  ok 69 tests\e2e\theme-continuity.spec.ts:40:7 › shared theme area-detail at 390 (1.8s)
 GET /resources 200 in 30ms
  ok 70 tests\e2e\theme-continuity.spec.ts:40:7 › shared theme resources at 390 (1.5s)
 GET /resources/property-manager-security-system-checklist 200 in 48ms
  ok 71 tests\e2e\theme-continuity.spec.ts:40:7 › shared theme article at 390 (1.5s)
 GET /resources/how-much-does-an-automatic-gate-cost 200 in 39ms
  ok 72 tests\e2e\theme-continuity.spec.ts:40:7 › shared theme article-table at 390 (1.7s)
 GET /services 200 in 30ms
  ok 73 tests\e2e\theme-continuity.spec.ts:40:7 › shared theme services at 1440 (1.6s)
 GET /services/access-control 200 in 47ms
  ok 74 tests\e2e\theme-continuity.spec.ts:40:7 › shared theme service-detail at 1440 (2.1s)
 GET /services/emergency-service 200 in 49ms
  ok 75 tests\e2e\theme-continuity.spec.ts:40:7 › shared theme emergency at 1440 (2.1s)
 GET /industries 200 in 29ms
  ok 76 tests\e2e\theme-continuity.spec.ts:40:7 › shared theme industries at 1440 (1.8s)
 GET /industries/hoa-gated-communities 200 in 43ms
  ok 77 tests\e2e\theme-continuity.spec.ts:40:7 › shared theme industry-detail at 1440 (2.0s)
 GET /service-areas 200 in 22ms
  ok 78 tests\e2e\theme-continuity.spec.ts:40:7 › shared theme areas at 1440 (1.5s)
 GET /service-areas/orlando 200 in 39ms
  ok 79 tests\e2e\theme-continuity.spec.ts:40:7 › shared theme area-detail at 1440 (2.0s)
 GET /resources 200 in 26ms
  ok 80 tests\e2e\theme-continuity.spec.ts:40:7 › shared theme resources at 1440 (1.5s)
 GET /resources/property-manager-security-system-checklist 200 in 41ms
  ok 81 tests\e2e\theme-continuity.spec.ts:40:7 › shared theme article at 1440 (1.8s)
 GET /resources/how-much-does-an-automatic-gate-cost 200 in 42ms
  ok 82 tests\e2e\theme-continuity.spec.ts:40:7 › shared theme article-table at 1440 (1.9s)
 GET /fsc-theme-missing-page 404 in 24ms
  ok 83 tests\e2e\theme-continuity.spec.ts:65:5 › not-found page remains readable in the shared theme (1.3s)

  83 passed (1.7m)

STDERR
(node:41600) Warning: The 'NO_COLOR' env is ignored due to the 'FORCE_COLOR' env being set.
(Use `node --trace-warnings ...` to show where the warning was created)

CHECK test:e2e EXIT 0
TEST COUNTS test:e2e passed=83 rejected=0 report=C:\Python\florida-security-concepts\harness\evidence\S-UI-001-test-e2e-20260914-140814-085-89f86aaf5c0b4900b112049a5f0f86b8.json
RESULT: ALL CHECKS PASSED (6/6)
